Ajeo

Level 1 of the Dungeon
(4, -5, D:1)
  a +0 dagger
(7, 5, D:1)
  a robe
(21, 23, D:1)
  a +0 dagger
(28, -3, D:1)
  a +0 dagger
(28, 29, D:1)
  a +0 club
(40, 4, D:1)
  a +0 dagger
(52, 14, D:1)
  a +0 robe
  a +0 club

Level 2 of the Dungeon
(0, 0, D:2)
  a hunting sling
(25, 34, D:2)
  a spear
(27, 12, D:2)
  a +0 club
(29, 27, D:2)
  a short sword
(30, 15, D:2)
  a +0 dagger
(32, 3, D:2)
  a +0 dagger
(40, 0, D:2)
  a +0 club
(43, 41, D:2)
  a +0 ring mail
  a +0 animal skin
(47, 11, D:2)
  a +0 club
(48, 10, D:2)
  a +0 club
(63, 12, D:2)
  a +0 club
(64, 12, D:2)
  a +0 dagger
(65, 12, D:2)
  a +0 club
(66, 12, D:2)
  a +0 club
(67, 12, D:2)
  a +0 club
(75, 1, D:2)
  a short sword

Level 3 of the Dungeon
(0, 0, D:3)
  a +0 dagger
(3, 12, D:3)
  a ring mail
(19, 21, D:3)
  a robe
(40, 1, D:3)
  a whip
(45, 12, D:3)
  a hand axe
(47, 25, D:3)
  a +0 whip
(47, 26, D:3)
  a cursed -1 leather armour
  a +0 dagger
(49, 19, D:3)
  a dagger
(50, 27, D:3)
  a +0 dagger
(51, 27, D:3)
  a +0 leather armour
  a +0 mace

Level 4 of the Dungeon
(27, -41, D:4)
  a ring mail
(30, 8, D:4)
  a stone
(31, -26, D:4)
  a +0 chain mail
  a +0 hand axe
(31, 8, D:4)
  a stone
(32, 8, D:4)
  a +0 short sword
  (unseen)
(33, 8, D:4)
  a +0 mace
  (unseen)
(34, 6, D:4)
  a +0 flail
  an orc skeleton
(40, -6, D:4)
  a +0 leather armour
  a +0 trident
(47, -38, D:4)
  a +0 leather armour
  a +0 short sword
(48, -11, D:4)
  a +0 mace
(51, 5, D:4)
  a hound skeleton
(52, -11, D:4)
  a +0 hand axe

