Aruaguc

Level 1 of the Dungeon
(0, 0, D:1)
  a dagger
(3, -35, D:1)
  a whip
(8, -1, D:1)
  a robe
(13, 6, D:1)
  a +0 club
(13, 12, D:1)
  a mace
(18, -22, D:1)
  a +0 dagger
(21, -34, D:1)
  a +0 flail
(24, 7, D:1)
  a dagger
(39, -9, D:1)
  a +0 short sword

Level 2 of the Dungeon
(0, 0, D:2)
  a dagger
(1, -12, D:2)
  a +0 club
(7, 12, D:2)
  a +0 leather armour
(7, 29, D:2)
  a dagger
(9, -6, D:2)
  a +0 spear
(9, 0, D:2)
  a +0 spear
(9, 8, D:2)
  a +0 flail
(10, -3, D:2)
  a cursed -3 falchion
(13, 28, D:2)
  a whip
(21, 4, D:2)
  a plate armour
(32, 8, D:2)
  a pair of gloves
(35, 29, D:2)
  a whip
(35, 31, D:2)
  a chain mail
(44, -3, D:2)
  a +0 club

Level 3 of the Dungeon
(0, 0, D:3)
  a +0 dagger
(11, -5, D:3)
  a +0 short sword
(11, -4, D:3)
  a +0 short sword
(20, 34, D:3)
  a club
(27, 46, D:3)
  a +0 dagger
(35, -4, D:3)
  a hand axe
(39, 10, D:3)
  a +0 club
(40, 15, D:3)
  a robe

Level 4 of the Dungeon
(3, -19, D:4)
  a robe
(6, -27, D:4)
  a +0 hand axe
  a +0 mace
(7, -10, D:4)
  a +0 dagger
(33, -37, D:4)
  a whip
(34, -32, D:4)
  a +0 ring mail
(38, -31, D:4)
  a ring mail
(40, -32, D:4)
  a +0 dagger

Level 5 of the Dungeon
[Shop] Wumpux's Book Shop
  a book of Callings (unknown) (330 gold)
  a book of the Earth (unknown) (715 gold)
  a book of Minor Magic (unknown) (220 gold)
  a book of Transfigurations (unknown) (605 gold)
  a book of Cantrips (220 gold)
  a book of Cantrips (220 gold)
  a book of Enchantments (unknown) (550 gold)
(0, 0, D:5)
  a dagger
(6, 22, D:5)
  a +0 shortbow
(12, 34, D:5)
  a war axe
(15, 26, D:5)
  a hunting sling
(22, 27, D:5)
  a +0 chain mail
(25, 19, D:5)
  a +0 shortbow
(36, -1, D:5)
  a +0 club
(38, 3, D:5)
  a +0 hand axe
  a +0 robe
(38, 4, D:5)
  a +0 short sword
  a +0 rapier
(39, 18, D:5)
  a spear

Level 6 of the Dungeon
(0, 0, D:6)
  a mace
(2, -21, D:6)
  a spear
(23, -11, D:6)
  a leather armour
(24, 10, D:6)
  a ring mail
(36, -3, D:6)
  a leather armour
(39, -10, D:6)
  a +0 giant spiked club
(41, -15, D:6)
  a leather armour
(43, -5, D:6)
  a hunting sling
(52, -27, D:6)
  a cursed -3 flail
(60, -18, D:6)
  a chain mail

Level 7 of the Dungeon
[Shop] Ifoasyan's Jewellery Shoppe
  a cursed -4 ring of strength (30 gold)
  an uncursed amulet of the acrobat (unknown) (450 gold)
  an uncursed ring of protection from fire (unknown) (375 gold)
  an uncursed amulet of magic regeneration (unknown) (450 gold)
  an uncursed ring of protection from cold (unknown) (375 gold)
  the amulet "Loarev" {Reflect +Blink Dex+4 SH+4} (741 gold)
    [amulet of reflection]
    
    It shields you and reflects attacks.
    It affects your dexterity (+4).
    It lets you blink.
    It affects your SH (+4).
  an uncursed ring of see invisible (unknown) (225 gold)
  an uncursed amulet of the gourmand (unknown) (450 gold)
(0, 0, D:7)
  15 stones
(1, 7, D:7)
  a ration
(25, 11, D:7)
  a +0 shortbow
(26, 2, D:7)
  a +0 mace
  a +0 plate armour
  a +0 short sword
(26, 11, D:7)
  a +0 shortbow

the Ecumenical Temple

