Jaikiek

Level 1 of the Dungeon
(0, 0, D:1)
  a chain mail
(28, -2, D:1)
  a +0 hand axe
(36, -21, D:1)
  a +0 club
(41, 2, D:1)
  a +0 club

Level 2 of the Dungeon
(0, 0, D:2)
  a +0 club
(3, -14, D:2)
  a ring mail
(4, -1, D:2)
  a leather armour
(6, -21, D:2)
  a +0 club
(8, -5, D:2)
  a +0 club
(8, 0, D:2)
  a ring mail
(10, -6, D:2)
  a club
(14, -2, D:2)
  a +0 club
(17, -5, D:2)
  a short sword
(38, -36, D:2)
  a scale mail
(44, -12, D:2)
  an uncursed ring of attention
  a club

Level 3 of the Dungeon
(0, 0, D:3)
  a ring mail
(1, -16, D:3)
  a dagger
(3, 27, D:3)
  a +0 club
(5, -19, D:3)
  a +0 dagger
(5, -1, D:3)
  a +0 dagger
(11, -21, D:3)
  a scale mail
(23, 2, D:3)
  a +0 club
(25, 0, D:3)
  a +0 club
(28, 28, D:3)
  a +0 robe
  a +0 dagger
(31, -19, D:3)
  a +0 ring mail
(34, -21, D:3)
  a +0 dagger
(37, -1, D:3)
  a +0 scale mail
(42, 28, D:3)
  a +0 hand axe
(44, -24, D:3)
  a +0 dagger
(48, 28, D:3)
  a +0 club
(50, 28, D:3)
  a cursed -3 trident
  a +0 scale mail
(51, 18, D:3)
  a stone
  (unseen)
(53, 18, D:3)
  a stone

Level 4 of the Dungeon
[Shop] Talyil's Jewellery Shop
  the ring "Ristrud" {rElec Stlth-} (215 gold)
    [ring of attention]
    
    It insulates you from electricity.
    It makes you less stealthy.
  a cursed -2 ring of evasion (unknown) (20 gold)
  the ring "Olir" {Fire rN+ Str-4 Dex+6 Stlth+} (432 gold)
    [ring of fire]
    
    It enhances your fire magic.
    It affects your strength (-4).
    It affects your dexterity (+6).
    It protects you from fire.
    It makes you vulnerable to cold.
    It protects you from negative energy.
    It makes you more stealthy.
  a cursed ring of see invisible (unknown) (120 gold)
  an uncursed amulet of regeneration (unknown) (300 gold)
  an uncursed ring of protection from cold (unknown) (250 gold)
(0, 0, D:4)
  a +0 hand axe
(7, 9, D:4)
  a club
(11, -5, D:4)
  a +0 ring mail
  a +0 mace
(12, -4, D:4)
  a +0 club
(15, 2, D:4)
  a plate armour
(16, 12, D:4)
  a club
(17, 19, D:4)
  a +0 giant spiked club
(24, 32, D:4)
  a whip
(30, -3, D:4)
  a +0 club
  a +0 dagger
  a +0 robe
(33, -5, D:4)
  a +0 dagger
  a cursed -2 robe
(39, -10, D:4)
  a +0 short sword
(40, 0, D:4)
  a +0 short sword
(40, 11, D:4)
  a +0 hand axe
(40, 13, D:4)
  a mace
(40, 19, D:4)
  a +0 ring mail
  a +0 hand axe
(41, 8, D:4)
  a +0 ring mail
(42, 20, D:4)
  a +0 dagger
  a +0 flail
(53, 7, D:4)
  a +0 leather armour
  a +0 mace

Level 5 of the Dungeon
[Shop] Loca's Distillery
  a potion of curing (45 gold)
  a potion of curing (45 gold)
  a potion of heal wounds (75 gold)
  2 potions of curing (90 gold)
  a potion of curing (45 gold)
  2 potions of curing (90 gold)
  a potion of heal wounds (75 gold)
(0, 0, D:5)
  a hunting sling
(7, 0, D:5)
  a mace
(7, 22, D:5)
  a hand axe
(18, 22, D:5)
  a falchion
(31, 14, D:5)
  a ring mail
(33, 9, D:5)
  a leather armour
(39, -1, D:5)
  a leather armour
(51, 16, D:5)
  a +0 robe
  a +0 dagger
(52, 16, D:5)
  a +0 chain mail
  a +0 whip
(54, 17, D:5)
  a +0 short sword

Level 6 of the Dungeon
(0, 0, D:6)
  a flail
(1, -13, D:6)
  a +0 giant club
(2, -2, D:6)
  a cursed -1 short sword
(6, -7, D:6)
  a club
(16, 17, D:6)
  a +0 rapier
(17, 17, D:6)
  a +0 dagger
(18, 17, D:6)
  a +0 short sword
  a +0 ring mail
  a +0 falchion
(19, -1, D:6)
  a war axe
(19, 7, D:6)
  a club
(27, -6, D:6)
  a ring mail
(27, 13, D:6)
  a +0 leather armour
  a cursed -1 dagger
(27, 15, D:6)
  a +0 ring mail
  a +0 dagger
(34, -18, D:6)
  a flail
(36, -12, D:6)
  a chain mail
(36, 14, D:6)
  a +0 whip

Level 7 of the Dungeon
[Shop] Zin's Purification Station
  a potion of curing (90 gold)
(0, 0, D:7)
  a ring mail
(5, -11, D:7)
  a +0 plate armour
  a +0 short sword
(7, 3, D:7)
  a +0 chain mail
  a +0 flail
(9, -13, D:7)
  a flail
(13, 4, D:7)
  a dagger
(35, -12, D:7)
  a hunting sling
(36, -28, D:7)
  a chain mail
(44, 8, D:7)
  a +0 short sword
  a +0 dagger
  a +0 robe
(48, -7, D:7)
  a +0 dagger
  a +0 robe
(49, -7, D:7)
  a +0 leather armour
  a +0 dagger
  a +0 robe
(51, -30, D:7)
  a ring mail

Level 8 of the Dungeon
(0, 0, D:8)
  a +0 ring mail
(2, 6, D:8)
  a +0 dagger
  a cursed +0 robe
(9, 10, D:8)
  a +0 giant club
(11, 9, D:8)
  a +0 dagger
(13, 4, D:8)
  a +0 ring mail
  a +0 whip
(17, 19, D:8)
  a potion of degeneration
(19, 5, D:8)
  a +0 war axe
  a +0 plate armour
(22, 3, D:8)
  a +0 club
(25, 11, D:8)
  a +0 ring mail
  a +0 flail
(27, 11, D:8)
  a +0 whip
(32, 13, D:8)
  a +0 ring mail
  a +0 flail
(35, 16, D:8)
  a +0 short sword
(38, 13, D:8)
  a cursed +0 robe
  a cursed -1 dagger
(39, 13, D:8)
  a +0 giant spiked club
(40, 11, D:8)
  a +0 chain mail
(41, 19, D:8)
  a dagger
(45, 39, D:8)
  a +0 flail
(46, 39, D:8)
  a dagger

Level 9 of the Dungeon
(0, 0, D:9)
  a robe
(6, -5, D:9)
  a battleaxe
(7, -5, D:9)
  a potion of degeneration
(8, -17, D:9)
  a +0 chain mail
  a +0 mace
(17, -7, D:9)
  a +0 giant club
(25, -5, D:9)
  a +2 pair of gloves
(26, -5, D:9)
  a +0 antimagic flail
  a morningstar
  a long sword
  a great sword
  a +0 falchion
(27, -5, D:9)
  a shortbow
(31, 2, D:9)
  a leather armour
(32, -18, D:9)
  a +0 leather armour
  a +0 dagger
(48, -17, D:9)
  a +0 dagger
  a cursed +0 robe
(48, -16, D:9)
  a +0 hand axe

Level 10 of the Dungeon
(0, 0, D:10)
  a +0 whip
(3, -14, D:10)
  a +0 whip
(21, 7, D:10)
  a scale mail
(25, 4, D:10)
  a +0 club
(28, 4, D:10)
  a +0 spear
(34, 2, D:10)
  a shield
(34, 3, D:10)
  a +3 scale mail
(34, 4, D:10)
  a +2 pair of gloves
  a +0 leather armour
  a +0 robe
(35, 3, D:10)
  145 bolts
  18 poisoned needles
  101 sling bullets
(35, 4, D:10)
  a +0 flail of crushing
(36, 3, D:10)
  a +2 hand axe of chopping
  a +1 battleaxe of venom
(37, 2, D:10)
  a scroll labeled PEHEKH ABRAEDI
  a scroll of brand weapon
(37, 3, D:10)
  a +2 ring of intelligence
  a potion of lignification
  a scroll of torment
  a wand of iceblast (1)
  a +2 ring of protection
  an uncursed ring of teleportation
  an uncursed staff of earth
  7 scrolls of amnesia
  a potion of mutation
(57, -22, D:10)
  a +0 ring mail
  a +0 spear
(59, -31, D:10)
  a +0 halberd

Level 11 of the Dungeon
(0, 0, D:11)
  a cursed -2 club
(1, 19, D:11)
  a +0 chain mail
  a +0 dire flail
  a +0 plate armour
  a +0 long sword
(3, 8, D:11)
  a +0 club
(3, 9, D:11)
  a +0 robe
  a +0 dagger
(3, 10, D:11)
  a +0 ring mail
  a +0 club
  a +0 leather armour
  a +0 hand axe
  a +0 club
  a +0 hand axe
  a +0 whip
  a +0 ring mail
(3, 21, D:11)
  a +0 scale mail
  a +0 trident
  a +0 hand axe
(3, 22, D:11)
  a +0 leather armour
  a +0 robe
  a +0 dagger
  a +0 flail
  a +0 leather armour
  a +0 morningstar
(4, 12, D:11)
  a cursed -2 club
  a +0 mace
  a +0 chain mail
(4, 21, D:11)
  a +0 robe
  a +0 dagger
(5, 8, D:11)
  a +0 hand axe
(5, 22, D:11)
  a +0 ring mail
  a +0 hand axe
(5, 23, D:11)
  a +0 club
(6, 26, D:11)
  a +0 club
  a +0 war axe
(7, 24, D:11)
  a +0 dagger
(7, 25, D:11)
  a +0 ring mail
(7, 26, D:11)
  a +0 scale mail
  a +0 dagger
(8, 27, D:11)
  a +0 leather armour
  a +0 ring mail
(12, 29, D:11)
  a hunting sling
(17, 1, D:11)
  a +0 shortbow
  a +0 shortbow
  a +0 falchion
(18, -1, D:11)
  a +0 shortbow
  a cursed -3 shortbow
(18, 0, D:11)
  a +0 shortbow
(19, -1, D:11)
  a +0 shortbow
(29, -5, D:11)
  a +0 dagger
  a +0 leather armour
(35, 31, D:11)
  a +0 battleaxe
  a cursed -1 plate armour
(39, 3, D:11)
  a +0 scythe
(41, 2, D:11)
  a +0 short sword
(42, 33, D:11)
  a +0 club
(44, 18, D:11)
  a ring mail
(45, 7, D:11)
  a dagger

Level 12 of the Dungeon
(0, 0, D:12)
  a falchion
(17, -36, D:12)
  a +0 hunting sling
(21, -41, D:12)
  19 sling bullets
(26, -14, D:12)
  a +0 dagger
  a +0 leather armour
  an elf corpse
(29, -40, D:12)
  a potion of lignification
(35, -40, D:12)
  a flail
(38, -42, D:12)
  a ring mail
(40, -16, D:12)
  a club

the Ecumenical Temple

Level 1 of the Orcish Mines
(1, -32, Orc:1)
  a +0 falchion
(1, -24, Orc:1)
  a +0 plate armour
  a cursed -1 short sword
(2, -14, Orc:1)
  a +0 leather armour
  a +0 trident
(6, -27, Orc:1)
  a cursed +0 trident
  a +0 leather armour
(6, -16, Orc:1)
  a +0 robe
  a +0 dagger
(7, -28, Orc:1)
  a +0 mace
  a cursed -1 chain mail
(7, -27, Orc:1)
  a +0 hand axe
  a +0 plate armour
(10, -16, Orc:1)
  a +0 plate armour
  a +0 halberd
(23, -20, Orc:1)
  a +0 hand axe
  a +0 leather armour
  a +0 hand axe
(30, 4, Orc:1)
  a +0 leather armour
  a cursed -1 mace
(31, 4, Orc:1)
  a +0 plate armour
  a +0 trident

Level 1 of the Lair of Beasts
(0, 0, Lair:1)
  a +0 dagger
(17, 7, Lair:1)
  a club
(34, 8, Lair:1)
  a ring mail
(44, -3, Lair:1)
  a leather armour

Level 2 of the Lair of Beasts
(0, 0, Lair:2)
  a plate armour
(8, 22, Lair:2)
  a falchion

Level 3 of the Lair of Beasts
(0, 0, Lair:3)
  a +0 spear
(13, 6, Lair:3)
  a robe
(15, -9, Lair:3)
  a chain mail
(31, 2, Lair:3)
  a club

Level 4 of the Lair of Beasts
(0, 0, Lair:4)
  a scroll of random uselessness
(26, 23, Lair:4)
  a ring mail
(51, 5, Lair:4)
  a pair of gloves

