Kiuckite

Level 1 of the Dungeon
(0, 0, D:1)
  a robe
(14, 4, D:1)
  a robe
(17, 7, D:1)
  a +0 club
(26, 42, D:1)
  a +0 club
(39, 36, D:1)
  a cursed -3 short sword

Level 2 of the Dungeon
(0, 0, D:2)
  a +0 club
(10, 0, D:2)
  a +0 club
(18, -3, D:2)
  a dagger
(26, -2, D:2)
  a +0 club
(29, -2, D:2)
  a +0 dagger
(50, 2, D:2)
  a robe

Level 3 of the Dungeon
(0, 0, D:3)
  a +0 club
(1, 13, D:3)
  a dagger
(21, 34, D:3)
  a +0 dagger
(32, -10, D:3)
  a scale mail

Level 4 of the Dungeon
[Shop] Vaoz's Food Emporium
  a ration (70 gold)
  a ration (70 gold)
  a ration (70 gold)
  a ration (70 gold)
  a ration (70 gold)
  a ration (70 gold)
(0, 0, D:4)
  a club
(8, 7, D:4)
  a +0 leather armour
  a +0 ring mail
(10, 25, D:4)
  a +0 leather armour
  a cursed -1 mace
  a cursed -2 club
(11, 43, D:4)
  a mace
(12, 2, D:4)
  a mace
(13, 1, D:4)
  a spear
(15, 6, D:4)
  a +0 chain mail
(17, 4, D:4)
  a +0 halberd
(20, 5, D:4)
  a +0 flail

Level 5 of the Dungeon
(1, -13, D:5)
  a club
(7, -21, D:5)
  a +2 centaur barding
(19, -23, D:5)
  a +0 scale mail
  a +0 dagger
(21, -20, D:5)
  a +0 chain mail
  a +0 flail
(22, -19, D:5)
  a +0 scythe
(22, -18, D:5)
  a +0 ring mail
(53, -11, D:5)
  a +0 mace

Level 6 of the Dungeon
(0, 0, D:6)
  a +0 short sword
  a +0 dagger
  a +0 robe
(4, -1, D:6)
  a +0 giant club
(8, -5, D:6)
  a +0 leather armour
(14, 6, D:6)
  a ring mail
(59, 4, D:6)
  a +0 flail
  a +0 robe
(62, -9, D:6)
  a robe

Level 7 of the Dungeon
(0, 0, D:7)
  a +0 dagger
  a +0 robe
(0, 1, D:7)
  a +0 leather armour
  a +0 hand axe
(1, -2, D:7)
  a +0 trident
(1, 1, D:7)
  a +0 robe
  a +0 dagger
(8, -8, D:7)
  a +0 shortbow
  a +0 centaur barding
(26, -31, D:7)
  a shortbow
(26, -12, D:7)
  a +0 giant club
(26, 20, D:7)
  a +0 dagger
  a +0 hand axe
(29, -17, D:7)
  a robe
(32, -40, D:7)
  a +0 war axe
(32, 3, D:7)
  a +0 dagger
(32, 4, D:7)
  a +0 robe
(32, 8, D:7)
  a +0 shortbow
(35, 4, D:7)
  a +0 shortbow
(37, -34, D:7)
  a +0 robe
  a +0 dagger
  a +0 robe
  a +0 dagger
(37, -30, D:7)
  4 large rocks
(39, -22, D:7)
  a leather armour
(41, -1, D:7)
  a robe
(44, -24, D:7)
  a robe
(45, -32, D:7)
  a -4 ring of intelligence
(45, -17, D:7)
  a whip
(46, -35, D:7)
  a spear
  a +0 quarterstaff
  a +0 falchion
  a cursed +0 mace
  a +0 falchion
  a +0 robe
  a +0 robe
(46, 0, D:7)
  a +0 flail
  a +0 ring mail
  a +0 dagger
  a +0 dagger
  a cursed +0 robe
(48, -24, D:7)
  a dagger
(51, -11, D:7)
  a +0 dagger
  a +0 leather armour
(51, -1, D:7)
  a +0 leather armour
(55, -17, D:7)
  a +0 trident
  a cursed +0 spear
  a +0 whip
  a +0 halberd
(55, -15, D:7)
  a +0 club
  a +0 leather armour

Level 8 of the Dungeon
(0, 0, D:8)
  a +0 dagger
  a +0 robe
(2, -18, D:8)
  a +0 shortbow
(2, -3, D:8)
  a +0 scimitar
  a +0 plate armour
(3, -1, D:8)
  a +0 war axe of chopping
(4, 0, D:8)
  a +0 chain mail
  a +0 quarterstaff
  a +0 leather armour
(5, 0, D:8)
  a +0 falchion
(7, 0, D:8)
  a +0 robe
  a +0 dagger
(8, 0, D:8)
  a +0 hand axe
(9, -1, D:8)
  a +0 hand axe
(9, 0, D:8)
  a +0 ring mail
  a cursed -2 club
(14, -9, D:8)
  a +0 mace
(15, -12, D:8)
  a +0 blowgun
(15, -10, D:8)
  a +0 chain mail
  a +0 dagger
(15, -9, D:8)
  a +0 leather armour
  a +0 hand axe
(16, -18, D:8)
  a +0 hand axe
(17, -13, D:8)
  a +0 giant spiked club
(24, 10, D:8)
  an uncursed amulet of regeneration
(27, 12, D:8)
  a +0 short sword
(31, 10, D:8)
  a +0 leather armour
  a +0 dagger

Level 9 of the Dungeon
(0, 0, D:9)
  a book of Misfortune
(2, 5, D:9)
  a +0 giant club
(4, 14, D:9)
  a cursed -2 shortbow
(12, -21, D:9)
  a +0 shortbow
(12, 13, D:9)
  a +0 troll leather armour
(15, -14, D:9)
  a halberd
(43, 11, D:9)
  a war axe
(46, -7, D:9)
  a +0 large shield
(54, -9, D:9)
  a hunting sling

Level 10 of the Dungeon
(0, 0, D:10)
  a mace
(17, -10, D:10)
  a robe
(20, 13, D:10)
  a hand axe
(29, 16, D:10)
  a +0 giant club
(33, -27, D:10)
  a +0 shortbow
(37, -16, D:10)
  a +2 shortbow of flaming
(45, -1, D:10)
  a +0 shortbow

Level 11 of the Dungeon
(0, 0, D:11)
  a leather armour
(4, 10, D:11)
  a +0 dagger
(7, -4, D:11)
  a +0 robe
(18, -8, D:11)
  a hunting sling
(18, 5, D:11)
  a +0 short sword
  a +0 glaive
  a +0 plate armour
(18, 32, D:11)
  a +0 giant spiked club
  a +0 giant club
(19, 6, D:11)
  a +0 dagger of venom
  a +0 robe
(23, 2, D:11)
  a leather armour
(23, 3, D:11)
  a +0 leather armour
  a +0 hand axe of freezing
(26, -16, D:11)
  a falchion
(28, -12, D:11)
  a +2 chain mail
  the cursed +0 robe of Dawn {rElec rC+ Dex-2 Stlth+}
    It affects your dexterity (-2).
    It protects you from cold.
    It insulates you from electricity.
    It makes you more stealthy.
    It has a curse placed upon it.
  a +0 plate armour
  a +0 helmet
  a +0 scale mail
  a +2 robe of cold resistance
  a +1 hat of intelligence
(29, -12, D:11)
  a +0 scimitar of holy wrath
  2 tomahawks
  71 bolts
  a +0 dagger of chaos
  a +3 hunting sling
  a +2 scimitar
  the +3 rapier "With Two Names" {pierce, Str+5}
    It inflicts extra damage upon your enemies.
    
    It affects your strength (+5).
(30, -13, D:11)
  a blackened scythe
  a glowing great sword
(30, -12, D:11)
  338 arrows
(31, -12, D:11)
  an uncursed staff of wizardry
  a wand of random effects (39)
  an uncursed ring of attention
  4 potions of mutation
  a potion of flight
  an uncursed ring of magical power
  an uncursed amulet of magic regeneration
  a wand of random effects (21)
  a crystal ball of energy
  a wand of random effects (14)
(38, -6, D:11)
  a large rock
(40, -9, D:11)
  a club
(42, -9, D:11)
  2 large rocks
(43, -10, D:11)
  2 large rocks
(43, -7, D:11)
  a +0 shortbow

the Ecumenical Temple

Level 1 of the Lair of Beasts
(0, 0, Lair:1)
  a dagger
(31, -11, Lair:1)
  a short sword

Level 2 of the Lair of Beasts
(13, 34, Lair:2)
  a hunting sling
(14, 10, Lair:2)
  a leather armour
(15, 7, Lair:2)
  a +2 robe of fire resistance
(42, -14, Lair:2)
  a chain mail

Level 3 of the Lair of Beasts
(0, 0, Lair:3)
  a leather armour
(5, -8, Lair:3)
  a +0 vampiric battleaxe
  a +2 leather armour of positive energy
  the human skeleton of Rupert
(8, -5, Lair:3)
  14 gold pieces
(8, 47, Lair:3)
  a stone
(9, 47, Lair:3)
  2 stones
(11, 2, Lair:3)
  2 black potions

