Liqyha

Level 1 of the Dungeon
(0, 0, D:1)
  a +0 club
(1, 2, D:1)
  a +0 club
(18, -12, D:1)
  a +0 club
(21, -13, D:1)
  a +0 club
(22, -43, D:1)
  a +0 club
(33, -6, D:1)
  a +0 club

Level 2 of the Dungeon
(0, 0, D:2)
  a +0 dagger
(5, -44, D:2)
  a short sword
(5, -30, D:2)
  a +0 short sword
(6, -30, D:2)
  a cursed -3 giant spiked club
(21, -21, D:2)
  a short sword

Level 3 of the Dungeon
(2, -11, D:3)
  a mace
  a cursed +0 ring mail
(2, -5, D:3)
  a +0 club
(3, 5, D:3)
  a +0 dagger
  a +0 robe
(4, -1, D:3)
  a spear
(5, -1, D:3)
  a +0 club
(15, -41, D:3)
  a robe
(21, -8, D:3)
  a dagger
(23, -3, D:3)
  a pair of gloves
(30, -24, D:3)
  a leather armour
(33, -3, D:3)
  a +0 club
(37, 9, D:3)
  a +0 robe
  a +0 dagger
(38, -15, D:3)
  a hand axe
(38, -8, D:3)
  a cursed -2 short sword
  a +0 dagger
(38, 9, D:3)
  a +0 robe
(39, 8, D:3)
  a +0 chain mail
  a +0 flail
  a cursed +0 leather armour

Level 4 of the Dungeon
(0, 0, D:4)
  a +0 robe
  a +0 dagger
(0, 2, D:4)
  a +0 trident
(3, 5, D:4)
  a +0 robe
  a +0 dagger
(5, 4, D:4)
  a +0 club
(6, 9, D:4)
  a +0 leather armour
  a +0 club
(9, 0, D:4)
  a +0 flail
(11, -5, D:4)
  a +0 mace
  a +0 robe
(23, -27, D:4)
  a chain mail
(26, -8, D:4)
  a +0 dagger
(30, -22, D:4)
  a dagger
  an animal skin
(30, -21, D:4)
  a +0 giant club
(31, 2, D:4)
  a +0 flail
(32, 3, D:4)
  a +0 trident

Level 5 of the Dungeon
(0, 0, D:5)
  a +0 dagger
  a +0 robe
(0, 2, D:5)
  a +0 dagger
  a +0 leather armour
(4, 6, D:5)
  a +0 flail
  a chain mail
(16, -32, D:5)
  a howler monkey skeleton
(27, 18, D:5)
  a scale mail
  a ring mail
(36, -8, D:5)
  a cursed -1 giant club
(43, -4, D:5)
  a +0 giant club

the Ecumenical Temple

