Maifoh

Level 1 of the Dungeon
(0, 0, D:1)
  a +0 club
(0, 1, D:1)
  a +0 club
(19, 38, D:1)
  a +0 club
(25, 24, D:1)
  a cursed +0 leather armour
(27, 44, D:1)
  a robe
(40, 36, D:1)
  a robe
(51, 23, D:1)
  a +0 club
(51, 42, D:1)
  a cursed +0 club
(58, 4, D:1)
  a +0 club
(61, 21, D:1)
  a whip
(63, 12, D:1)
  a +0 club

Level 2 of the Dungeon
(0, 0, D:2)
  a leather armour
(4, 15, D:2)
  a chain mail
(5, 15, D:2)
  a robe
(5, 17, D:2)
  a +0 dagger
(13, 24, D:2)
  14 gold pieces
(17, 0, D:2)
  a +0 dagger
(29, 24, D:2)
  a scroll of teleportation
(30, 24, D:2)
  a ring mail
(32, 17, D:2)
  a stone
(36, 10, D:2)
  a robe
(36, 33, D:2)
  a +0 club
(38, 16, D:2)
  a stone
(39, 15, D:2)
  a stone
(44, 16, D:2)
  a leather armour
(50, 33, D:2)
  a club
(53, 0, D:2)
  a short sword

Level 3 of the Dungeon
(0, 0, D:3)
  a scroll of remove curse
(1, 0, D:3)
  a stone
(2, 1, D:3)
  a stone
(2, 4, D:3)
  a bubbling white potion
(3, 1, D:3)
  a stone
(4, 2, D:3)
  a stone
(5, 3, D:3)
  a stone
(7, 6, D:3)
  a +0 short sword
  a +0 club
(18, -3, D:3)
  a stone
(53, -4, D:3)
  a +0 club

Level 4 of the Dungeon
(0, 0, D:4)
  a spear
(12, -11, D:4)
  a +0 mace
(15, -11, D:4)
  a +0 leather armour
  a +0 whip
(16, -2, D:4)
  a +0 dagger
(17, -2, D:4)
  a +0 dagger
  a +0 robe
(19, -3, D:4)
  a +0 mace

Level 5 of the Dungeon
(0, 0, D:5)
  a club
(13, 5, D:5)
  a robe
(14, -24, D:5)
  a hand axe
  a +0 leather armour
  a +0 hand axe
(15, -23, D:5)
  a +0 dagger
(16, -23, D:5)
  a +0 scale mail
(17, -17, D:5)
  a dagger
(18, 17, D:5)
  a +0 leather armour
(31, 32, D:5)
  a flail

Level 6 of the Dungeon
(33, 3, D:6)
  23 sling bullets
(43, -4, D:6)
  a flail
(46, -1, D:6)
  a plate armour
(52, -3, D:6)
  a robe
(53, 5, D:6)
  a spear
(55, 1, D:6)
  a chain mail

Level 7 of the Dungeon
(0, 3, D:7)
  a +0 dagger
(13, -11, D:7)
  a scale mail
(15, 4, D:7)
  a +0 dagger
(17, 16, D:7)
  a +0 club
(19, 16, D:7)
  a +0 whip
(22, 16, D:7)
  a +0 short sword
  a +0 dagger
  a +0 dagger
(35, 14, D:7)
  a club
(36, -38, D:7)
  a +0 pair of gloves
(41, -20, D:7)
  a ring mail
  a +0 dagger
(42, -6, D:7)
  a +0 hand axe
  a +0 animal skin
(43, -6, D:7)
  a hand axe
(52, -27, D:7)
  12 stones

Level 8 of the Dungeon
(0, 0, D:8)
  a +0 short sword
  a +0 robe
  a cursed -1 dagger
(1, -5, D:8)
  a +0 club
(1, 13, D:8)
  a whip
(10, 5, D:8)
  a +0 giant club
  a +0 giant spiked club
(15, 14, D:8)
  a chain mail
(27, 14, D:8)
  a long sword
(32, -15, D:8)
  a cursed +3 battleaxe
  a +0 robe
(33, -15, D:8)
  a +0 flail
  a +0 robe
(34, -15, D:8)
  a +3 dire flail of freezing
  a +0 robe
  a +0 robe
(36, -15, D:8)
  a +0 hand axe
  a +0 robe

Level 9 of the Dungeon
(0, 0, D:9)
  a ration
(5, -1, D:9)
  11 bolts
(14, -2, D:9)
  8 gold pieces
(39, 7, D:9)
  a quarterstaff

the Ecumenical Temple

