Maexaytt

Level 1 of the Dungeon
(0, 0, D:1)
  a +0 robe
(6, -11, D:1)
  a +0 dagger
(15, -16, D:1)
  a potion of degeneration
(22, -5, D:1)
  a +0 robe
(26, -2, D:1)
  a +0 short sword
  a +0 dagger
(29, -16, D:1)
  a +0 dagger
(31, -17, D:1)
  a +0 club
(31, -10, D:1)
  a +0 club
(32, -17, D:1)
  a +0 club
(32, -16, D:1)
  a cursed -2 dagger
(32, -11, D:1)
  a +0 club
(50, 17, D:1)
  a +0 dagger
(52, 13, D:1)
  a +0 robe
(55, 19, D:1)
  a +0 short sword

Level 2 of the Dungeon
(16, -5, D:2)
  a +0 dagger
(18, -9, D:2)
  a +0 club
(53, 30, D:2)
  a +0 short sword

Level 3 of the Dungeon
(0, 0, D:3)
  a +0 club
(2, -6, D:3)
  a +0 dagger
(2, -1, D:3)
  a +0 ring mail
(6, -7, D:3)
  a +0 dagger
(7, -17, D:3)
  a +0 leather armour
(8, -9, D:3)
  a cursed -3 club
(23, 2, D:3)
  a +0 robe
  a +0 dagger
(27, -43, D:3)
  a +0 club
(29, -48, D:3)
  a +0 dagger
  a +0 chain mail
(29, -17, D:3)
  a +0 club
(31, -14, D:3)
  a +0 club
(38, -22, D:3)
  a +0 dagger
(39, -6, D:3)
  a +0 robe
  a +0 dagger
(41, -6, D:3)
  a +0 leather armour
  a +0 dagger
(53, -16, D:3)
  a cursed -3 mace
(54, -15, D:3)
  a +0 ring mail
  a +0 club

Level 4 of the Dungeon
(0, 0, D:4)
  a +0 whip
(3, -10, D:4)
  a +0 leather armour
(3, 17, D:4)
  a +0 dagger
(18, -5, D:4)
  a +0 leather armour
(20, -1, D:4)
  a +0 rapier
(25, 15, D:4)
  a +0 scale mail
  a +0 leather armour
  a +0 robe
(26, 5, D:4)
  a cursed +0 leather armour
  a +0 short sword
(26, 8, D:4)
  a +0 whip
(26, 10, D:4)
  a +0 hand axe
(27, 3, D:4)
  a +0 ring mail
  a +0 mace
(29, -20, D:4)
  3 large rocks
(29, -9, D:4)
  a +0 ring mail
(42, -19, D:4)
  a +0 dagger

Level 5 of the Dungeon
(0, 0, D:5)
  a +0 pair of gloves
(2, -5, D:5)
  a cursed -3 giant club
(21, 21, D:5)
  an uncursed ring of attention
(36, 9, D:5)
  a +0 dagger
  a +0 robe
(40, -17, D:5)
  a +0 dagger
  a +0 robe
(41, -11, D:5)
  a +0 flail
(51, -9, D:5)
  a +0 trident
  a +0 flail

Level 6 of the Dungeon
(0, 0, D:6)
  a +0 hand axe
(10, 5, D:6)
  a +0 leather armour
(11, 43, D:6)
  a +0 robe
(22, 38, D:6)
  a cursed -2 hand axe

Level 7 of the Dungeon
(0, 0, D:7)
  a +0 pair of gloves
(1, 1, D:7)
  a +0 robe
(4, 3, D:7)
  a cursed +0 scimitar
  (unseen)
(6, 2, D:7)
  a cursed +2 short sword
  (unseen)
(11, 9, D:7)
  a +0 ring mail
(15, 20, D:7)
  a quokka skeleton
(25, 11, D:7)
  11 gold pieces
(26, 23, D:7)
  a +0 club
  an orc skeleton
(28, 23, D:7)
  a hornet corpse

the Ecumenical Temple

