Vonk

Level 1 of the Dungeon
(0, 0, D:1)
  a +0 dagger
(16, 15, D:1)
  a +0 dagger
(20, -19, D:1)
  a +0 dagger
(37, -3, D:1)
  a +0 robe
(38, 15, D:1)
  a +0 spear
(47, 9, D:1)
  a +0 club

Level 2 of the Dungeon
(22, 11, D:2)
  a +0 club
(22, 18, D:2)
  a +0 dagger
  a +0 short sword
(33, -3, D:2)
  a +0 robe
(34, 3, D:2)
  a +0 whip
(44, -5, D:2)
  a +0 leather armour
(45, 27, D:2)
  a +0 dagger
(46, 5, D:2)
  a +0 short sword
(46, 11, D:2)
  a +0 helmet
(59, 23, D:2)
  a +0 club

Level 3 of the Dungeon
(0, 0, D:3)
  a +0 robe
(0, 4, D:3)
  a +0 mace
(11, 4, D:3)
  a +0 robe
  a +0 dagger
(14, 29, D:3)
  a +0 hunting sling
(22, 24, D:3)
  a +0 club
(23, 34, D:3)
  a +0 robe
  a +0 dagger
(33, 20, D:3)
  a +0 leather armour
  a +0 club
(39, 7, D:3)
  a +0 whip
  a +0 blowgun
(40, 24, D:3)
  a +0 dagger
(52, 26, D:3)
  a cursed -2 club

Level 4 of the Dungeon
(0, 0, D:4)
  a +0 club
(1, 23, D:4)
  a +0 ring mail
  a +0 scale mail
  a +0 chain mail
  a +0 rapier
  a +0 falchion
(16, -1, D:4)
  a +0 short sword
(16, 0, D:4)
  a +0 ring mail
(16, 28, D:4)
  a +0 dagger
(17, 0, D:4)
  a +0 leather armour
(17, 14, D:4)
  a +0 helmet
  a cursed +0 robe
  a +0 dagger
(21, 2, D:4)
  11 gold pieces
(22, 1, D:4)
  21 arrows
(23, 0, D:4)
  10 gold pieces
(26, 17, D:4)
  a +0 robe
(26, 20, D:4)
  a +0 club
(29, 17, D:4)
  a +0 war axe
(33, 21, D:4)
  a +0 robe
  a +0 dagger
(36, 24, D:4)
  a +0 scale mail
  a +0 short sword
(37, 24, D:4)
  a +0 short sword
(44, -4, D:4)
  5 large rocks

Level 5 of the Dungeon
(0, 0, D:5)
  a +0 robe
(11, -3, D:5)
  a +0 dagger
(20, -5, D:5)
  a +0 hand axe
(22, -20, D:5)
  a +0 robe
  a +0 scythe
(28, -24, D:5)
  a +0 flail
(30, 11, D:5)
  a +0 leather armour
(31, -24, D:5)
  a +0 leather armour
(46, -20, D:5)
  a +0 hand axe
(64, -11, D:5)
  a cursed +0 ring mail
(65, -3, D:5)
  a +0 whip

Level 6 of the Dungeon
(0, 0, D:6)
  a +0 dagger
  (unseen)
(7, 5, D:6)
  a +0 club
  a +0 leather armour
(8, 9, D:6)
  a +0 dagger
  a +0 robe
(16, 6, D:6)
  a +0 ring mail
  a +0 short sword
(26, 17, D:6)
  a +0 club
(26, 18, D:6)
  a +0 club
(47, -16, D:6)
  a +0 chain mail
(51, 3, D:6)
  a +0 leather armour
(54, -6, D:6)
  a cursed -2 ring of protection

Level 7 of the Dungeon
(0, 0, D:7)
  a +0 hand axe
(2, 7, D:7)
  a +0 long sword
(28, -10, D:7)
  a +0 leather armour
(30, -11, D:7)
  a +0 flail
(41, -29, D:7)
  a +0 robe
  a +0 dagger
(48, -28, D:7)
  a +0 great sword
  a +0 robe
(53, -20, D:7)
  a +0 spear
  (unseen)
(62, -25, D:7)
  a +0 flail

Level 8 of the Dungeon
(0, 0, D:8)
  a +0 dagger
  a +0 whip
(3, 21, D:8)
  a +0 hand axe
  a +0 robe
(5, 10, D:8)
  a cursed +0 shortbow
(7, -5, D:8)
  a +0 dagger
(7, 10, D:8)
  a +0 chain mail
  a +0 plate armour
  a +0 chain mail
(9, 2, D:8)
  a +0 robe
  a cursed +0 long sword
(9, 15, D:8)
  a +0 long sword
(10, 14, D:8)
  a +0 glaive
  a +0 scale mail
(11, -1, D:8)
  a potion of degeneration
(15, -1, D:8)
  a potion of curing
(15, 0, D:8)
  a +0 short sword
(15, 1, D:8)
  14 gold pieces
(21, 24, D:8)
  24 sling bullets
(22, -5, D:8)
  a scroll of teleportation
(27, -13, D:8)
  a +0 ring mail
(31, 0, D:8)
  a +0 ring mail
  a +0 hand axe
(32, -4, D:8)
  a +0 club
(33, -14, D:8)
  a +0 giant club
  a +0 giant club
(34, -16, D:8)
  a +0 club
  a +0 leather armour
(38, 17, D:8)
  a +0 trident
(38, 21, D:8)
  a +0 hand axe
(38, 22, D:8)
  a +0 shortbow

the Ecumenical Temple

