Sounk

Level 1 of the Dungeon
(0, 0, D:1)
  a +0 whip
(0, 1, D:1)
  a ration
(3, 8, D:1)
  8 gold pieces
(3, 10, D:1)
  18 gold pieces

Level 1 of the Lair of Beasts
(0, 0, Lair:1)
  a crocodile skeleton
(7, 11, Lair:1)
  7 gold pieces

Level 1 of the Crypt
(0, 0, Crypt:1)
  a +0 large shield
(10, -22, Crypt:1)
  a scroll of fear
(11, -14, Crypt:1)
  18 poisoned needles
(15, -11, Crypt:1)
  19 gold pieces
(15, 11, Crypt:1)
  a potion of invisibility
(15, 24, Crypt:1)
  20 gold pieces
(17, -4, Crypt:1)
  7 stones
(22, -4, Crypt:1)
  30 gold pieces
(22, 26, Crypt:1)
  a ration
(23, 10, Crypt:1)
  a scroll of teleportation
(25, -23, Crypt:1)
  24 stones
(30, 26, Crypt:1)
  a scroll of teleportation
(31, 6, Crypt:1)
  11 sling bullets
(43, 25, Crypt:1)
  a scroll of identify
(47, 14, Crypt:1)
  21 gold pieces
(48, 11, Crypt:1)
  27 gold pieces
(57, -1, Crypt:1)
  a +0 dagger
  a +0 robe

Level 2 of the Crypt
(0, 0, Crypt:2)
  a +0 leather armour
(4, -21, Crypt:2)
  31 sling bullets
(4, -20, Crypt:2)
  a scroll of fog
(5, 0, Crypt:2)
  18 gold pieces
(5, 6, Crypt:2)
  a ration
(8, -19, Crypt:2)
  a scroll of torment
(8, -16, Crypt:2)
  a ration
(9, -35, Crypt:2)
  31 gold pieces
(9, -11, Crypt:2)
  8 sling bullets
(14, -18, Crypt:2)
  a potion of ambrosia
(14, -6, Crypt:2)
  a scroll of teleportation
(15, -29, Crypt:2)
  a +0 scale mail
(16, -31, Crypt:2)
  a scroll of teleportation
(16, -16, Crypt:2)
  a scroll of vulnerability
(18, -3, Crypt:2)
  8 gold pieces
(20, -25, Crypt:2)
  a scroll of enchant armour
(21, -23, Crypt:2)
  9 gold pieces
(37, -26, Crypt:2)
  a scroll of teleportation
(37, -25, Crypt:2)
  a wand of polymorph (9)
(40, -14, Crypt:2)
  a potion of curing
(41, -30, Crypt:2)
  13 poisoned needles
(41, -15, Crypt:2)
  a +0 leather armour

Level 3 of the Crypt
(0, 0, Crypt:3)
  a potion of invisibility
(1, 5, Crypt:3)
  a ration
(2, 12, Crypt:3)
  a scroll of random uselessness
(4, -18, Crypt:3)
  a cursed -5 ring of strength
(4, -3, Crypt:3)
  a +0 robe
(6, 5, Crypt:3)
  a scroll of identify
(6, 13, Crypt:3)
  a book of the Sky
(9, 13, Crypt:3)
  39 gold pieces
(9, 15, Crypt:3)
  5 curare-tipped needles
(9, 16, Crypt:3)
  13 gold pieces
(9, 17, Crypt:3)
  13 gold pieces
(10, 13, Crypt:3)
  a potion of might
(10, 15, Crypt:3)
  6 stones
(10, 16, Crypt:3)
  24 gold pieces
(10, 17, Crypt:3)
  34 gold pieces
(11, 13, Crypt:3)
  the +7 short sword of Yca Qurch {pierce, rPois rN+ Dex+6 Stlth-}
    It inflicts extra damage upon your enemies.
    
    It affects your dexterity (+6).
    It protects you from poison.
    It protects you from negative energy.
    It makes you less stealthy.
(11, 15, Crypt:3)
  a +0 mace
(11, 16, Crypt:3)
  29 gold pieces
(11, 17, Crypt:3)
  32 gold pieces
(12, 13, Crypt:3)
  22 stones
(13, 13, Crypt:3)
  a scroll of identify
(16, -13, Crypt:3)
  a scroll of remove curse
(17, -13, Crypt:3)
  9 stones
(18, -36, Crypt:3)
  24 stones
(18, -13, Crypt:3)
  35 gold pieces
(19, -13, Crypt:3)
  20 stones
(19, 19, Crypt:3)
  a +5 blowgun
(19, 20, Crypt:3)
  a box of beasts
(19, 21, Crypt:3)
  a +3 leather armour of fire resistance
(20, -13, Crypt:3)
  a +0 pair of boots
(20, -12, Crypt:3)
  30 gold pieces
(20, -11, Crypt:3)
  a ration
(20, 19, Crypt:3)
  a +0 leather armour
(20, 20, Crypt:3)
  a +0 vampiric glaive
(20, 21, Crypt:3)
  a potion of curing
(21, 19, Crypt:3)
  a +0 whip of draining
(21, 21, Crypt:3)
  a scroll of identify
(25, -32, Crypt:3)
  15 bolts
(26, -19, Crypt:3)
  a scroll of immolation
(29, -35, Crypt:3)
  6 large rocks
(29, 19, Crypt:3)
  a +0 vampiric dagger
(29, 21, Crypt:3)
  31 gold pieces
(30, -13, Crypt:3)
  a +0 robe
(30, -12, Crypt:3)
  22 gold pieces
(30, -11, Crypt:3)
  17 gold pieces
(30, 19, Crypt:3)
  a ration
(30, 20, Crypt:3)
  a +0 leather armour
(30, 21, Crypt:3)
  a scroll of torment
(31, -28, Crypt:3)
  15 gold pieces
(31, -13, Crypt:3)
  17 gold pieces
(31, -12, Crypt:3)
  17 gold pieces
(31, -11, Crypt:3)
  21 gold pieces
(31, 19, Crypt:3)
  a +1 halberd of chopping
(31, 20, Crypt:3)
  a book of Fire
(31, 21, Crypt:3)
  the cursed -1 buckler of the Ecumenical Temple {rC- rCorr Str+8 Stlth-}
    It affects your strength (+8).
    It makes you vulnerable to cold.
    It provides partial protection from all sources of acid and corrosion.
    It makes you less stealthy.
    It has a curse placed upon it.
(32, -13, Crypt:3)
  21 gold pieces
(32, -12, Crypt:3)
  26 gold pieces
(32, -11, Crypt:3)
  35 gold pieces
(33, -31, Crypt:3)
  a cursed +0 hand axe
(33, -13, Crypt:3)
  27 gold pieces
(33, -12, Crypt:3)
  26 gold pieces
(33, -11, Crypt:3)
  10 gold pieces
(33, 20, Crypt:3)
  23 gold pieces
(33, 21, Crypt:3)
  a +2 helmet
(34, -13, Crypt:3)
  7 gold pieces
(34, -12, Crypt:3)
  15 gold pieces
(34, 21, Crypt:3)
  31 gold pieces
(35, 20, Crypt:3)
  6 gold pieces
(35, 21, Crypt:3)
  a +0 leather armour
(37, 13, Crypt:3)
  6 bolts
(39, -30, Crypt:3)
  a wand of random effects (9)
(39, 13, Crypt:3)
  a scroll of blinking
(41, 13, Crypt:3)
  a cursed staff of power
  (unseen)
(43, -28, Crypt:3)
  25 bolts
(45, 13, Crypt:3)
  an uncursed staff of energy
(51, 10, Crypt:3)
  8 gold pieces
(51, 11, Crypt:3)
  17 gold pieces
(51, 12, Crypt:3)
  26 gold pieces
(51, 13, Crypt:3)
  8 gold pieces
(52, 10, Crypt:3)
  15 gold pieces
(52, 11, Crypt:3)
  15 gold pieces
(52, 12, Crypt:3)
  13 gold pieces
(52, 13, Crypt:3)
  9 gold pieces
(54, -24, Crypt:3)
  a scroll of acquirement
(54, 14, Crypt:3)
  a +0 mace
(55, -8, Crypt:3)
  a potion of heal wounds
(55, 10, Crypt:3)
  a +0 ring mail
(57, 5, Crypt:3)
  25 stones
(58, -19, Crypt:3)
  20 stones
(60, -27, Crypt:3)
  21 stones

