Tuenorch

Level 1 of the Dungeon
(0, 0, D:1)
  a +0 leather armour
(3, 22, D:1)
  a +0 club
(16, 12, D:1)
  a +0 club
(20, 3, D:1)
  a +0 club
(33, 40, D:1)
  a +0 club
  a +0 club
(40, 36, D:1)
  a +0 club
(43, 31, D:1)
  a cursed -1 club

Level 2 of the Dungeon
(0, 0, D:2)
  a cursed -2 club
(28, -1, D:2)
  a +0 club
(30, 13, D:2)
  a +0 robe
(31, 30, D:2)
  a cursed -1 hunting sling
(49, -7, D:2)
  a +0 dagger

Level 3 of the Dungeon
(0, 0, D:3)
  a +0 dagger
(1, 0, D:3)
  a +0 leather armour
(3, -33, D:3)
  a +0 mace
  (unseen)
(10, -18, D:3)
  a stone
(10, -17, D:3)
  a stone
  (unseen)
(10, -15, D:3)
  20 arrows
(13, -24, D:3)
  a +0 scale mail
  a +0 club
(13, -19, D:3)
  a poisoned needle
(14, -18, D:3)
  2 poisoned needles
(15, -18, D:3)
  2 poisoned needles
(16, -18, D:3)
  a poisoned needle
(17, -18, D:3)
  a stone
(19, -20, D:3)
  a +0 club
(25, -1, D:3)
  a +0 robe
(28, -19, D:3)
  a +0 ring mail

Level 4 of the Dungeon
(0, 0, D:4)
  a +0 trident
(2, -17, D:4)
  a +0 hand axe
(6, -4, D:4)
  a +0 leather armour
  a +0 club
  a +0 flail
  a +0 ring mail
  a +0 whip
  a +0 ring mail
(12, -12, D:4)
  a +0 leather armour
(13, -28, D:4)
  a +0 dagger
(16, -9, D:4)
  a +0 mace
(18, -16, D:4)
  a +0 whip
(20, -29, D:4)
  a +0 chain mail
(26, -12, D:4)
  a +0 robe
(33, 4, D:4)
  a +0 dagger
(38, -22, D:4)
  a +0 robe

Level 5 of the Dungeon
(0, 0, D:5)
  a +0 leather armour
(12, 28, D:5)
  a +0 scale mail
(27, -6, D:5)
  a cursed -1 flail
(29, 7, D:5)
  a +0 flail
(39, 15, D:5)
  a +0 leather armour
  a +0 falchion
(44, 17, D:5)
  a +0 mace
(47, 11, D:5)
  a cursed +0 ring mail
  a +0 mace
(52, 0, D:5)
  a +0 robe

Level 6 of the Dungeon
(0, 0, D:6)
  a +0 leather armour
(3, 0, D:6)
  a cursed +0 club
(11, 6, D:6)
  a +0 war axe
(17, 0, D:6)
  a +0 dagger
(23, -6, D:6)
  a +0 giant spiked club
(28, -16, D:6)
  a +0 shortbow

Level 7 of the Dungeon
(11, -49, D:7)
  a +0 scale mail
  a +0 flail
(16, -27, D:7)
  a +0 robe
(21, -30, D:7)
  a +0 shortbow
(34, -45, D:7)
  a +0 giant spiked club
(39, -19, D:7)
  a +0 robe
(41, -38, D:7)
  a cursed +0 flail
(41, -31, D:7)
  a +0 pair of gloves
(42, -36, D:7)
  a +0 plate armour
(45, -11, D:7)
  a +0 flail
(46, -10, D:7)
  a +0 flail
(54, -44, D:7)
  a +1 scale mail of poison resistance

Level 8 of the Dungeon
[Shop] Ohelakki's Antique Weapon Shoppe
  a +0 spear (90 gold)
  a +0 longbow (135 gold)
  a +0 blowgun (75 gold)
  the +6 scimitar of Zoimus {freeze, *Drain rN++ Str+9 Dex-5} (1725 gold)
    It has been specially enchanted to freeze those struck by it, causing extra
    injury to most foes and up to half again as much damage against particularly
    susceptible opponents. It can also slow down cold-blooded creatures.
    
    It affects your strength (+9).
    It affects your dexterity (-5).
    It greatly protects you from negative energy.
    It causes draining when unequipped.
  the +8 mace "Raugotz" {drain, rN+ MR++ Int-5 Dex+2} (1761 gold)
    A truly terrible weapon, it drains the life of those it strikes.
    
    It affects your intelligence (-5).
    It affects your dexterity (+2).
    It protects you from negative energy.
    It affects your resistance to hostile enchantments.
  a +0 long sword (105 gold)
  a cursed -3 scimitar (3 gold)
  a +0 rapier (120 gold)
  the +8 broad axe "Foentap" {distort, Str-3 Dex+7} (1962 gold)
    It warps and distorts space around it. Unwielding it can cause banishment or
    high damage.
    
    It affects your strength (-3).
    It affects your dexterity (+7).
  a +0 trident (105 gold)
  a +0 flail (105 gold)
(0, 0, D:8)
  a +0 giant spiked club
(1, -18, D:8)
  a +0 leather armour
(9, -15, D:8)
  a +0 robe
  a +0 dagger
(10, -24, D:8)
  the cursed +0 helmet of Greed {Int+3}
    It affects your intelligence (+3).
    It has a curse placed upon it.
(10, -14, D:8)
  a cursed +0 shortbow
(14, -7, D:8)
  a +0 ring mail
(26, 5, D:8)
  a +0 chain mail
  a +0 falchion
(28, 6, D:8)
  a +0 robe
  a +0 dagger
(33, -10, D:8)
  a +0 mace
(41, 2, D:8)
  a +0 spear
(46, -19, D:8)
  a +0 falchion

Level 9 of the Dungeon
(0, 0, D:9)
  a scroll of random uselessness
(2, -15, D:9)
  a cursed +0 ring mail
(2, 27, D:9)
  a +0 rapier
(10, -9, D:9)
  a +0 robe
(10, 15, D:9)
  a +0 ring mail
(10, 40, D:9)
  a +0 spear
(13, 30, D:9)
  a +0 whip
  (unseen)
(14, -1, D:9)
  a +0 short sword
(16, 5, D:9)
  a +0 dagger
  a +0 robe
(17, 3, D:9)
  a +0 leather armour
  a +0 dagger
(17, 9, D:9)
  a +0 club
(18, 6, D:9)
  a +0 dagger
  a cursed -3 trident
(18, 10, D:9)
  a +0 whip
  a +0 leather armour
(18, 17, D:9)
  a +0 leather armour
(19, 5, D:9)
  a +0 hand axe
  a +0 whip
(19, 9, D:9)
  a +0 ring mail
(29, -13, D:9)
  a +0 robe
  a +0 spear
(37, 12, D:9)
  a +0 giant spiked club
(37, 13, D:9)
  a +0 scale mail
(38, 22, D:9)
  27 bolts
(39, 23, D:9)
  a +0 robe
(42, 22, D:9)
  a +0 war axe
  a +0 robe
  a +2 hand axe
  a +0 robe
(43, 16, D:9)
  a +0 whip
(60, -7, D:9)
  a +0 war axe
  a +2 dagger of flaming
  a +2 robe
  a +0 flail

the Ecumenical Temple

