Ynliunom

Level 5 of the Abyss
(0, 0, Abyss:5)
  a wand of disintegration (14)
(1, -62, Abyss:5)
  a ration
(1, -1, Abyss:5)
  8 needles of confusion
(2, -48, Abyss:5)
  36 gold pieces
(5, -36, Abyss:5)
  27 gold pieces
(10, -1, Abyss:5)
  a scroll of amnesia
(11, -57, Abyss:5)
  a scroll of identify
(11, -5, Abyss:5)
  a +0 plate armour
(13, -54, Abyss:5)
  a wand of flame (16)
(21, -43, Abyss:5)
  a +0 shortbow
(21, 3, Abyss:5)
  32 gold pieces
(28, -37, Abyss:5)
  a scroll of teleportation
(29, -47, Abyss:5)
  20 stones
(32, -45, Abyss:5)
  29 gold pieces
(32, -39, Abyss:5)
  22 bolts
(32, -21, Abyss:5)
  28 gold pieces
(35, -40, Abyss:5)
  a scroll of identify
(37, -21, Abyss:5)
  a +0 ring mail
(38, -1, Abyss:5)
  3 gold pieces
(40, -47, Abyss:5)
  32 gold pieces
(41, -42, Abyss:5)
  an uncursed staff of air
(42, -21, Abyss:5)
  22 arrows
(43, -4, Abyss:5)
  16 stones
(43, 0, Abyss:5)
  a potion of brilliance
(44, -53, Abyss:5)
  a +0 buckler
(44, -12, Abyss:5)
  a cursed +0 ring mail
(46, -1, Abyss:5)
  a box of beasts
(54, -60, Abyss:5)
  7 arrows
(54, -17, Abyss:5)
  a potion of heal wounds
(55, -27, Abyss:5)
  a +0 club
(55, -14, Abyss:5)
  22 stones
(56, -55, Abyss:5)
  a phial of floods
(57, -33, Abyss:5)
  19 gold pieces
(58, -35, Abyss:5)
  49 gold pieces
(59, -6, Abyss:5)
  a ration
(60, -46, Abyss:5)
  a scroll of immolation
(62, -27, Abyss:5)
  a ration
(63, -49, Abyss:5)
  6 needles of frenzy
(71, -62, Abyss:5)
  a wand of flame (16)
(71, -28, Abyss:5)
  a scroll of identify
(72, -51, Abyss:5)
  a ration
(72, -42, Abyss:5)
  a potion of curing
(74, -24, Abyss:5)
  a scroll of silence
(75, -62, Abyss:5)
  a ration
(75, -45, Abyss:5)
  a fan of gales
(75, -21, Abyss:5)
  23 arrows

