Heojir

Level 1 of the Dungeon
(20, 22, D:1)
  a +0 short sword
(23, 35, D:1)
  a +0 dagger
(31, 24, D:1)
  a +0 robe
(44, 23, D:1)
  a +0 chain mail

Level 2 of the Dungeon
(0, 0, D:2)
  a +0 scale mail
(7, -34, D:2)
  the Incunabulum of Spatial Moulding
    Spells                           Type                      Level
     a - Sticks to Snakes             Transmutation                 2
     b - Teleport Other               Translocation                 3
     c - Ice Form                     Ice/Transmutation             4
     d - Summon Forest                Summoning/Translocation       5
     e - Statue Form                  Transmutation/Earth           6
(19, -32, D:2)
  a +0 dagger
(19, -31, D:2)
  a +0 leather armour
(32, -32, D:2)
  a +0 club
(44, -17, D:2)
  a +0 short sword

Level 3 of the Dungeon
(0, 0, D:3)
  a +0 flail
  a +0 flail
(3, 1, D:3)
  a +0 chain mail
  a +0 trident
  a +0 leather armour
(15, -31, D:3)
  a +0 club
(20, -4, D:3)
  a +0 short sword
(26, 8, D:3)
  a +0 club
(28, -42, D:3)
  a +0 leather armour
(37, 0, D:3)
  a +0 hunting sling
(38, 1, D:3)
  a +0 leather armour
  a +0 club
(41, -2, D:3)
  a +0 dagger
(51, -36, D:3)
  a +0 flail
(56, 7, D:3)
  a +0 ring mail
  a +0 chain mail

Level 4 of the Dungeon
(8, 24, D:4)
  a +0 hand axe
(12, -35, D:4)
  a +0 leather armour
(12, 18, D:4)
  a +0 hand axe
(18, -4, D:4)
  a +0 leather armour
(35, -24, D:4)
  a +0 ring mail
(49, -15, D:4)
  a +0 cloak
(51, -7, D:4)
  a +0 mace
(52, 4, D:4)
  a cursed -2 giant club
(52, 21, D:4)
  a +0 short sword
(55, -25, D:4)
  a +0 robe
  a +0 dagger
(58, -27, D:4)
  a +0 leather armour
(62, 18, D:4)
  a cursed -2 dagger

Level 5 of the Dungeon
(13, 29, D:5)
  a +0 hand axe
(14, 32, D:5)
  a +0 club
(18, 39, D:5)
  a +0 leather armour
(27, 19, D:5)
  a +0 pair of boots
(29, 21, D:5)
  a +0 quarterstaff

Level 6 of the Dungeon
(0, 0, D:6)
  8 gold pieces
(2, -3, D:6)
  17 arrows

