Enlesas

Level 5 of the Dungeon
(0, 0, D:5)
  a +0 scale mail
(6, 7, D:5)
  a +0 robe
(10, 16, D:5)
  a ration
(16, 7, D:5)
  an uncursed ring of resist corrosion
(18, 14, D:5)
  a potion of lignification

Level 2 of the Orcish Mines
[Shop] Haduxiah's Antique Weapon Shop
  (Shop contents are unknown)
[Shop] Izaiplef's Gadget Boutique
  (Shop contents are unknown)
[Shop] Jegge's Food Shoppe
  (Shop contents are unknown)
[Shop] Omedauci's Magic Scroll Emporium
  (Shop contents are unknown)
(0, 0, Orc:2)
  9 gold pieces
(2, 24, Orc:2)
  33 gold pieces
(8, -21, Orc:2)
  a +0 troll leather armour
(15, -17, Orc:2)
  a +0 giant club
(20, 6, Orc:2)
  31 gold pieces
(21, -27, Orc:2)
  24 gold pieces
(26, 2, Orc:2)
  a +0 dagger
(29, -2, Orc:2)
  a +0 glaive
  (unseen)
(29, -1, Orc:2)
  a +0 club
  (unseen)
(29, 0, Orc:2)
  a +0 hand axe
  a +0 plate armour
(30, -3, Orc:2)
  a +0 scimitar
  (unseen)
(30, -1, Orc:2)
  a +0 glaive
  a +0 chain mail
  a +0 glaive
  a +0 chain mail
  a cursed -3 dagger
  a cursed +0 robe
  a +0 chain mail
  a +0 scimitar
  a +0 chain mail
  a +0 dire flail
  a cursed +0 chain mail
(30, 1, Orc:2)
  a +0 leather armour
  (unseen)
(33, -28, Orc:2)
  6 gold pieces
(35, 6, Orc:2)
  a +0 long sword
  (unseen)
(36, 6, Orc:2)
  a cursed +0 flail
  a +0 leather armour
(41, 6, Orc:2)
  a tomahawk
(42, -18, Orc:2)
  9 gold pieces
(42, 6, Orc:2)
  2 tomahawks
(45, 0, Orc:2)
  a +0 war axe
  (unseen)
(46, 22, Orc:2)
  29 gold pieces
(53, -5, Orc:2)
  26 gold pieces
(53, 13, Orc:2)
  20 gold pieces
(56, 21, Orc:2)
  12 gold pieces
(57, 5, Orc:2)
  16 gold pieces
(57, 9, Orc:2)
  21 gold pieces
(59, -12, Orc:2)
  18 gold pieces
(63, -4, Orc:2)
  6 gold pieces
(63, 4, Orc:2)
  32 gold pieces

Pandemonium
(1, -1, Pan)
  a +0 scimitar
  (unseen)

