Nenn

Level 1 of the Dungeon
(0, 0, D:1)
  a +0 club
(5, -15, D:1)
  a +0 club
(23, -5, D:1)
  a +0 ring mail
(23, 40, D:1)
  a +0 leather armour
(30, 22, D:1)
  a +0 club
(37, 25, D:1)
  a +0 robe
(47, 17, D:1)
  a +0 club

Level 2 of the Dungeon
(0, 0, D:2)
  a +0 leather armour
(1, 22, D:2)
  a +0 leather armour
(10, 2, D:2)
  a +0 dagger
(26, 15, D:2)
  a +0 hunting sling
(31, 19, D:2)
  a +0 mace
(31, 24, D:2)
  a +0 dagger

Level 3 of the Dungeon
(0, 0, D:3)
  a cursed +0 robe
(4, -36, D:3)
  a +0 robe
(4, -28, D:3)
  a +0 club
(4, -26, D:3)
  a +0 ring mail
(24, -25, D:3)
  a +0 flail
(27, -25, D:3)
  a +0 flail
(28, 2, D:3)
  a +0 ring mail
(45, 2, D:3)
  a +0 hunting sling
(53, -20, D:3)
  a +0 dagger

Level 4 of the Dungeon
[Shop] Ushritt's Food Shoppe
  a ration (60 gold)
  a ration (60 gold)
  a ration (60 gold)
  a ration (60 gold)
  a ration (60 gold)
  a ration (60 gold)
  a ration (60 gold)
  a ration (60 gold)
  a ration (60 gold)
  a ration (60 gold)
  a ration (60 gold)
(2, 4, D:4)
  a +0 great sword
(2, 24, D:4)
  a cursed -1 falchion
(9, -8, D:4)
  a +0 chain mail
  a cursed -3 hand axe
(22, 16, D:4)
  a +0 giant spiked club
(36, 23, D:4)
  a +0 club
  a +0 leather armour
(37, 23, D:4)
  a +0 club

Level 5 of the Dungeon
(0, 0, D:5)
  a +0 robe
  a +0 dagger
(0, 11, D:5)
  a +0 hand axe
(3, -13, D:5)
  a +0 robe
(3, -8, D:5)
  a +0 whip
(6, -3, D:5)
  a +0 club
(15, 0, D:5)
  a +0 flail
(17, -13, D:5)
  a +0 robe
(23, -8, D:5)
  a cursed -3 trident
(26, 24, D:5)
  a +0 dagger
(27, -16, D:5)
  a +0 chain mail
(27, 24, D:5)
  a +0 flail
(31, 0, D:5)
  a +0 pair of gloves
(40, 23, D:5)
  a +0 club
(55, 0, D:5)
  a +0 flail
(59, 0, D:5)
  a +0 morningstar
(59, 1, D:5)
  a +0 robe
  a +0 dagger
(59, 2, D:5)
  a +0 robe
  a cursed -1 dagger

Level 6 of the Dungeon
(0, 0, D:6)
  a +0 dagger
(1, -1, D:6)
  a +0 hand axe
(1, 5, D:6)
  a +0 scale mail
  a +0 dire flail of draining
(12, -10, D:6)
  a +0 hand axe
(14, -6, D:6)
  a +0 leather armour
  a +0 war axe
(19, -5, D:6)
  a cursed -2 robe
  a +0 dagger
(21, -1, D:6)
  4 large rocks
(26, -3, D:6)
  a +0 club
(27, 8, D:6)
  a +0 ring mail
(28, -5, D:6)
  a +0 robe
  a cursed -1 scythe
(45, 29, D:6)
  a +0 battleaxe
  a +0 robe
(50, -6, D:6)
  a +0 halberd
(52, 10, D:6)
  a +0 spear
(52, 11, D:6)
  a +0 spear

Level 7 of the Dungeon
(0, 0, D:7)
  a +0 club
(2, 2, D:7)
  a +0 giant club
(5, -1, D:7)
  the +3 ring mail "Gevip" {MR+ Slay+2}
    It affects your accuracy and damage with ranged weapons and melee attacks
    (+2).
    It affects your resistance to hostile enchantments.
(7, -10, D:7)
  a +0 robe
  a +0 dagger
(7, -8, D:7)
  a cursed -2 club
(7, -7, D:7)
  a cursed -1 mace
(8, -10, D:7)
  a +0 leather armour
  a +0 short sword
(13, -32, D:7)
  a +0 ring mail
  a +0 dagger
(37, -33, D:7)
  a +0 spear
(39, -34, D:7)
  a +0 whip
(44, -47, D:7)
  a +0 trident
  a +0 scale mail
(47, -47, D:7)
  a +0 halberd
(47, -5, D:7)
  a +0 scale mail
(48, -30, D:7)
  a +0 robe
(51, -37, D:7)
  a +0 whip
(62, 10, D:7)
  a +0 hand axe

Level 8 of the Dungeon
[Shop] Ehios's Gadget Emporium
  a wand of flame (20) (154 gold)
  a fan of gales (560 gold)
  a wand of acid (12) (448 gold)
  a fan of gales (560 gold)
  a box of beasts (280 gold)
  a wand of digging (5) (252 gold)
  a lamp of fire (560 gold)
  a fan of gales (560 gold)
  a wand of scattershot (4) (336 gold)
(0, 0, D:8)
  a +0 giant club
(9, 35, D:8)
  a +0 scale mail
(10, -17, D:8)
  a +0 long sword
  a +0 ring mail
(11, -10, D:8)
  a +0 long sword
  a +0 ring mail
(11, 30, D:8)
  a +0 chain mail
  a +0 flail
(11, 31, D:8)
  a +0 flail
  a cursed +0 dagger
  a +0 robe
(11, 32, D:8)
  a +0 robe
  a +0 dagger
  a +0 dagger
(17, -11, D:8)
  a cursed +0 robe
(21, 7, D:8)
  a +0 club
(24, 23, D:8)
  a +0 giant club
(25, -1, D:8)
  a +0 plate armour
  a +0 dire flail
(25, 40, D:8)
  a +0 short sword
(39, 24, D:8)
  a potion of degeneration
(40, 12, D:8)
  a +0 flail
(43, 11, D:8)
  a +0 dagger
(46, 7, D:8)
  a +0 flail
(46, 33, D:8)
  a +0 shortbow
(48, 2, D:8)
  a +0 flail
(50, -1, D:8)
  a +0 ring mail
  a +0 flail
(51, -3, D:8)
  a +0 pair of gloves

Level 9 of the Dungeon
(0, 0, D:9)
  a +0 helmet
(6, -41, D:9)
  an adder skeleton
(8, -19, D:9)
  3 stones
(9, -22, D:9)
  4 poisoned needles
(13, -25, D:9)
  a +0 dagger
  a +0 blowgun
  a +0 dagger
(49, -3, D:9)
  a +0 giant club

Level 10 of the Dungeon
(0, 0, D:10)
  a +0 robe
(3, 7, D:10)
  a ration
(18, 1, D:10)
  a +0 giant club
(27, 0, D:10)
  24 arrows
(31, 18, D:10)
  a book of Callings

the Ecumenical Temple

