Geydeewnott

Level 1 of the Dungeon
(0, 0, D:1)
  a +0 robe
(20, -14, D:1)
  a ration

Level 2 of the Dungeon
(10, -7, D:2)
  a potion of flight
(14, 8, D:2)
  a +0 dagger
(20, 0, D:2)
  a potion of agility
(32, -2, D:2)
  a +0 club
(34, 2, D:2)
  a +0 leather armour
  a +0 robe
  a +0 short sword
(35, 3, D:2)
  2 scrolls of random uselessness
(53, -3, D:2)
  a +0 short sword
(55, 1, D:2)
  a ration
(61, 15, D:2)
  a potion of mutation

Level 3 of the Dungeon
(0, 0, D:3)
  a cursed -3 club
(1, 17, D:3)
  a ration
(2, -17, D:3)
  a +0 short sword
  a +0 leather armour
(2, 1, D:3)
  a potion of might
(2, 22, D:3)
  a +0 scale mail
(6, 0, D:3)
  a +0 spear
(9, 14, D:3)
  a potion of invisibility
(18, -5, D:3)
  a +0 mace
  a +0 leather armour
(19, 20, D:3)
  a +0 whip
(25, 2, D:3)
  a +0 ring mail
  a +0 mace
(25, 5, D:3)
  a +0 robe
  a cursed +0 dagger
(25, 19, D:3)
  a +0 short sword
(33, 19, D:3)
  a +0 club
(34, -7, D:3)
  a +0 ring mail
(34, 3, D:3)
  a ration
(35, 8, D:3)
  a +0 dagger
(38, 6, D:3)
  a ration

Level 4 of the Dungeon
(0, 0, D:4)
  a +0 club
(0, 1, D:4)
  a cursed -2 club
  a +0 animal skin
(3, -2, D:4)
  a +0 hand axe
(12, -27, D:4)
  a +0 club
(17, -26, D:4)
  a +0 club
  a +0 mace
  a +0 hunting sling
  a +0 hand axe
(26, -2, D:4)
  a potion of mutation
(27, -27, D:4)
  a +0 short sword
(35, -14, D:4)
  a +0 falchion
  (unseen)
(37, -22, D:4)
  a +0 mace
(41, -5, D:4)
  a potion of brilliance

Level 5 of the Dungeon
[Shop] Niaruc's Assorted Antiques
  a potion of degeneration (16 gold)
  a +0 club (16 gold)
  a potion of curing (48 gold)
  a +0 chain mail (72 gold)
  a cursed -2 long sword (1 gold)
  a lamp of fire (640 gold)
  a +0 long sword (56 gold)
(0, 0, D:5)
  a +0 chain mail
(0, 2, D:5)
  a potion of mutation
(15, 7, D:5)
  a ration
(16, 12, D:5)
  a potion of curing
(26, 13, D:5)
  a potion of flight
(32, 6, D:5)
  a +0 dagger
(35, 7, D:5)
  a potion of haste
(35, 8, D:5)
  a +0 leather armour
  a +0 mace
  a +0 short sword
(35, 19, D:5)
  a ration
(44, -6, D:5)
  a ration
(44, 3, D:5)
  a +0 giant club
(44, 14, D:5)
  a +0 shield
  a +0 robe
  a +0 dagger
(59, -2, D:5)
  a +0 centaur barding

Level 6 of the Dungeon
(0, 0, D:6)
  a +0 trident
(6, -15, D:6)
  a ration
(7, 22, D:6)
  a +0 robe
  a cursed +0 dagger
  a +0 robe
  a cursed +0 short sword
(10, 23, D:6)
  a +0 club
(11, 24, D:6)
  a +0 spear
(12, 25, D:6)
  a +0 trident
  a cursed +0 ring mail
(17, -18, D:6)
  a potion of cancellation
(18, -3, D:6)
  a +0 scale mail
(19, -13, D:6)
  a +0 robe
  a +0 dire flail
(21, -9, D:6)
  a +0 robe
  a +0 dagger
  a +0 robe
(22, 35, D:6)
  a ration
(23, -1, D:6)
  a +0 hand axe
(23, 30, D:6)
  a +0 giant club
(24, -7, D:6)
  a +0 ring mail
  a +0 morningstar
(24, 40, D:6)
  a potion of flight
(25, 5, D:6)
  a +0 flail
(25, 30, D:6)
  a +0 leather armour
(25, 34, D:6)
  a +0 ring mail
(29, 35, D:6)
  a +0 flail
(37, 35, D:6)
  a +0 leather armour
(43, 3, D:6)
  a +0 short sword
(44, 39, D:6)
  a potion of cancellation
(55, 37, D:6)
  a +0 hand axe
(56, 37, D:6)
  a +0 robe
  a +0 dagger
(57, -8, D:6)
  a cursed +0 ring mail
(57, 37, D:6)
  a +0 robe
  a +0 dagger
  a potion of flight

Level 7 of the Dungeon
[Shop] Edasoxeu's Weapon Shop
  4 needles of confusion (26 gold)
  a +0 hand axe (39 gold)
  17 stones (22 gold)
  17 arrows (44 gold)
  a +0 falchion (39 gold)
  22 stones (28 gold)
  a +2 trident of pain (269 gold)
  a +0 quarterstaff (52 gold)
  the +9 war axe "Elyove Nytu" {speed, *Contam +Fly rC++ Str+4} (1103 gold)
    Attacks with this weapon are significantly faster.
    
    It affects your strength (+4).
    It greatly protects you from cold.
    It lets you fly.
    It causes magical contamination when unequipped.
[Shop] Emeaqoifi's Distillery
  a potion of might (48 gold)
  2 potions of ambrosia (192 gold)
  2 potions of brilliance (96 gold)
  a potion of magic (96 gold)
  a potion of lignification (36 gold)
  a potion of agility (48 gold)
  a potion of lignification (36 gold)
  a potion of berserk rage (60 gold)
  a potion of curing (36 gold)
[Shop] Botops's Gadget Shop
  a box of beasts (240 gold)
  a lightning rod (4/4) (480 gold)
  a box of beasts (240 gold)
  a fan of gales (480 gold)
  a phantom mirror (360 gold)
  a wand of disintegration (17) (252 gold)
  a wand of clouds (5) (324 gold)
  a box of beasts (240 gold)
  a lamp of fire (480 gold)
  a box of beasts (240 gold)
  a lamp of fire (480 gold)
  a wand of iceblast (12) (192 gold)
(0, 0, D:7)
  a +0 rapier
(8, -21, D:7)
  a +0 ring mail
(9, 20, D:7)
  a ration
(15, 25, D:7)
  a ration
(18, 16, D:7)
  a +0 trident
(20, -8, D:7)
  a +0 chain mail
  a +0 mace
(21, -9, D:7)
  a +0 ring mail
  a +0 leather armour
(22, -9, D:7)
  a +0 robe
(30, -5, D:7)
  a ration
(30, 21, D:7)
  a +0 war axe
(33, 21, D:7)
  a +0 flail
(37, -22, D:7)
  a ration
(38, -26, D:7)
  a +0 leather armour
(38, 5, D:7)
  a +0 animal skin
  a +0 war axe
(41, -6, D:7)
  a +0 ring mail
(41, 15, D:7)
  a +0 hand axe
(51, -20, D:7)
  a +0 giant club

Level 8 of the Dungeon
(0, 0, D:8)
  a +0 arbalest
(2, 9, D:8)
  a +0 giant club
  a cursed +0 ring mail
  a +0 war axe
  a +0 dagger
  a +0 robe
  a +0 long sword
  a +0 plate armour
  a +0 hand axe
  a +0 dagger
  a +0 robe
(3, 8, D:8)
  a +0 dagger
  a +0 robe
(5, 11, D:8)
  a ration
(5, 12, D:8)
  a ration
(7, 12, D:8)
  3 rations
(12, -5, D:8)
  a +0 long sword
(14, 18, D:8)
  a +0 short sword
(21, -18, D:8)
  a cursed -2 flail
(21, -9, D:8)
  a +0 ring mail
(22, -17, D:8)
  a +0 war axe
(23, -17, D:8)
  a +0 flail
(28, -13, D:8)
  a ration
(31, 13, D:8)
  a ration
(38, -8, D:8)
  a +0 chain mail
  a +0 hand axe
(39, -10, D:8)
  a +0 whip
  a +0 leather armour
(40, -10, D:8)
  a +0 mace
  a +0 ring mail
(46, 5, D:8)
  a +0 pair of gloves
(55, 13, D:8)
  a +0 robe

the Ecumenical Temple

Level 1 of the Lair of Beasts
(0, 0, Lair:1)
  a stone
(3, -3, Lair:1)
  a stone
(30, -19, Lair:1)
  a stone
(31, -18, Lair:1)
  a stone
(32, -18, Lair:1)
  a stone
(34, -16, Lair:1)
  a stone
(34, 16, Lair:1)
  a ration
(34, 19, Lair:1)
  a ration
(36, 18, Lair:1)
  a ration
(39, 18, Lair:1)
  a ration
(46, 15, Lair:1)
  2 chunks of flesh
(47, 15, Lair:1)
  a chunk of flesh
(52, -8, Lair:1)
  a wand of digging (6)
(56, 2, Lair:1)
  a scroll of remove curse
(57, 29, Lair:1)
  2 potions of flight
(58, -16, Lair:1)
  a ration
(58, 29, Lair:1)
  a potion of lignification

