Meiblinn

Level 1 of the Dungeon
(0, 0, D:1)
  a ration

the Ecumenical Temple

Level 3 of the Tomb of the Ancients
(0, 0, Tomb:3)
  a manual of Fighting
(0, 1, Tomb:3)
  a +3 chain mail of magic resistance
(0, 2, Tomb:3)
  an uncursed ring of fire
(0, 3, Tomb:3)
  12 gold pieces
(0, 4, Tomb:3)
  11 gold pieces
(1, -1, Tomb:3)
  a +1 quarterstaff of protection
(1, 0, Tomb:3)
  an uncursed ring of magical power
(1, 1, Tomb:3)
  the +5 hand axe of the Last Wars {drain, +Blink Str+2}
    A truly terrible weapon, it drains the life of those it strikes.
    
    It affects your strength (+2).
    It lets you blink.
(1, 2, Tomb:3)
  24 gold pieces
(1, 3, Tomb:3)
  20 gold pieces
(2, -2, Tomb:3)
  the +6 hand crossbow "Ydiraox" {elec, Fragile rPois rC+++ Int-5}
    It charges the ammunition it shoots with electricity; occasionally upon a
    hit, such missiles may discharge and cause terrible harm.
    
    It affects your intelligence (-5).
    It renders you almost immune to cold.
    It protects you from poison.
    It will be destroyed if unequipped.
(2, -1, Tomb:3)
  an uncursed staff of poison
(2, 0, Tomb:3)
  the +8 longbow "Zephyr" {speed, Dex+3 SInv}
    Attacks with this weapon are significantly faster.
    
    It affects your dexterity (+3).
    It lets you see invisible.
(2, 1, Tomb:3)
  27 gold pieces
(2, 2, Tomb:3)
  19 gold pieces
(2, 3, Tomb:3)
  19 gold pieces
(2, 4, Tomb:3)
  11 gold pieces
(3, -3, Tomb:3)
  a +1 helmet of intelligence
(3, -2, Tomb:3)
  21 gold pieces
  (unseen)
(3, -1, Tomb:3)
  a +3 ring of protection
(3, 0, Tomb:3)
  a +1 hunting sling of velocity
(3, 1, Tomb:3)
  21 gold pieces
(3, 2, Tomb:3)
  20 gold pieces
(4, -4, Tomb:3)
  a +5 ring of intelligence
(4, -3, Tomb:3)
  a +3 quarterstaff of protection
(4, -2, Tomb:3)
  a cursed ring of attention
(4, -1, Tomb:3)
  a +4 hand axe of chopping
(4, 0, Tomb:3)
  a +1 chain mail of fire resistance
(4, 1, Tomb:3)
  25 gold pieces
(4, 2, Tomb:3)
  an uncursed staff of power
(4, 14, Tomb:3)
  a wand of disintegration (15)
(5, -5, Tomb:3)
  a manual of Shields
(5, -4, Tomb:3)
  a +3 shortbow of freezing
(5, -3, Tomb:3)
  a +2 plate armour of poison resistance
(5, -2, Tomb:3)
  a fan of gales
(5, -1, Tomb:3)
  a book of Changes
(5, 0, Tomb:3)
  a +0 leather armour
(5, 1, Tomb:3)
  a scroll of fog
(5, 10, Tomb:3)
  a potion of might
(6, -6, Tomb:3)
  a +2 plate armour of fire resistance
(6, -5, Tomb:3)
  a +0 hunting sling of flaming
(6, -4, Tomb:3)
  a +1 hand crossbow of freezing
(6, -3, Tomb:3)
  14 stones
  (unseen)
(6, -2, Tomb:3)
  a wand of scattershot (6)
(6, -1, Tomb:3)
  24 gold pieces
(6, 0, Tomb:3)
  the cursed +0 robe of Contuoh {rC+++ Int-4 Slay+6}
    It affects your intelligence (-4).
    It affects your accuracy and damage with ranged weapons and melee attacks
    (+6).
    It renders you almost immune to cold.
    It has a curse placed upon it.
(6, 2, Tomb:3)
  7 gold pieces
(6, 12, Tomb:3)
  8 gold pieces
(7, -7, Tomb:3)
  an uncursed staff of earth
(7, -6, Tomb:3)
  a +3 chain mail of poison resistance
(7, -5, Tomb:3)
  a +5 dagger of flaming
(7, -4, Tomb:3)
  28 gold pieces
(7, -3, Tomb:3)
  20 gold pieces
(7, -2, Tomb:3)
  26 gold pieces
(7, -1, Tomb:3)
  30 gold pieces
(7, 8, Tomb:3)
  a scroll of identify
(7, 23, Tomb:3)
  18 gold pieces
(8, -7, Tomb:3)
  32 gold pieces
(8, -6, Tomb:3)
  a ration
(8, -5, Tomb:3)
  17 gold pieces
(8, -4, Tomb:3)
  19 gold pieces
(8, -3, Tomb:3)
  17 gold pieces
(9, -7, Tomb:3)
  26 gold pieces
(9, -5, Tomb:3)
  4 gold pieces
(9, -4, Tomb:3)
  51 gold pieces
(9, 0, Tomb:3)
  a scroll of identify
(10, -4, Tomb:3)
  a +0 robe
(10, -2, Tomb:3)
  a throwing net
(11, -3, Tomb:3)
  a +0 helmet
(15, 26, Tomb:3)
  33 gold pieces
(16, -5, Tomb:3)
  a +0 leather armour
(18, 7, Tomb:3)
  a scroll of silence
(18, 22, Tomb:3)
  a +0 scimitar
(18, 23, Tomb:3)
  a golden rune of Zot
(23, 8, Tomb:3)
  a throwing net
(25, 7, Tomb:3)
  a +0 scale mail
(26, -7, Tomb:3)
  24 gold pieces
(26, -6, Tomb:3)
  15 gold pieces
(26, -5, Tomb:3)
  25 gold pieces
(26, 14, Tomb:3)
  6 stones
(27, -7, Tomb:3)
  18 gold pieces
(27, -6, Tomb:3)
  a sack of spiders
(27, -5, Tomb:3)
  16 gold pieces
(27, -4, Tomb:3)
  25 gold pieces
(27, -3, Tomb:3)
  13 gold pieces
(27, -1, Tomb:3)
  a lamp of fire
(28, -7, Tomb:3)
  9 gold pieces
(28, -6, Tomb:3)
  11 gold pieces
(28, -5, Tomb:3)
  13 stones
(28, -4, Tomb:3)
  the amulet of Anarchy {Faith *Corrode rC+++ Dex+3 SInv}
    [amulet of faith]
    
    It allows you to gain divine favour quickly.
    It affects your dexterity (+3).
    It renders you almost immune to cold.
    It lets you see invisible.
    It may corrode you when you take damage.
(28, -3, Tomb:3)
  23 gold pieces
(28, -2, Tomb:3)
  23 gold pieces
(28, -1, Tomb:3)
  15 gold pieces
(29, -7, Tomb:3)
  18 gold pieces
(29, -6, Tomb:3)
  25 gold pieces
(29, -5, Tomb:3)
  19 sling bullets
(29, -4, Tomb:3)
  30 gold pieces
(29, -3, Tomb:3)
  a scroll of identify
(29, -2, Tomb:3)
  10 gold pieces
(29, -1, Tomb:3)
  13 gold pieces
(29, 0, Tomb:3)
  21 gold pieces
(29, 23, Tomb:3)
  a scroll of remove curse
(30, -6, Tomb:3)
  18 gold pieces
(30, -5, Tomb:3)
  13 gold pieces
(30, -4, Tomb:3)
  21 gold pieces
(30, -3, Tomb:3)
  13 gold pieces
(30, -2, Tomb:3)
  31 gold pieces
(30, -1, Tomb:3)
  32 gold pieces
(30, 0, Tomb:3)
  11 gold pieces
(30, 1, Tomb:3)
  11 gold pieces
(31, -5, Tomb:3)
  a ration
  (unseen)
(31, -4, Tomb:3)
  a +1 great sword of slicing
(31, -3, Tomb:3)
  26 gold pieces
(31, -2, Tomb:3)
  24 gold pieces
(31, -1, Tomb:3)
  20 gold pieces
(31, 0, Tomb:3)
  16 gold pieces
(31, 1, Tomb:3)
  24 gold pieces
(32, -4, Tomb:3)
  16 gold pieces
(32, -3, Tomb:3)
  22 gold pieces
(32, -2, Tomb:3)
  28 gold pieces
(32, -1, Tomb:3)
  16 gold pieces
(32, 0, Tomb:3)
  30 gold pieces
(32, 1, Tomb:3)
  20 stones
(32, 2, Tomb:3)
  26 gold pieces
(33, -3, Tomb:3)
  27 gold pieces
(33, -2, Tomb:3)
  an uncursed ring of poison resistance
(33, -1, Tomb:3)
  21 gold pieces
(33, 0, Tomb:3)
  25 gold pieces
(33, 1, Tomb:3)
  21 gold pieces
(33, 2, Tomb:3)
  32 gold pieces
(33, 11, Tomb:3)
  18 arrows
(34, -2, Tomb:3)
  20 gold pieces
(34, -1, Tomb:3)
  17 gold pieces
(34, 0, Tomb:3)
  29 gold pieces
(34, 1, Tomb:3)
  26 gold pieces
(34, 2, Tomb:3)
  30 gold pieces
(34, 3, Tomb:3)
  19 gold pieces
(34, 4, Tomb:3)
  16 gold pieces
(34, 6, Tomb:3)
  18 gold pieces
(34, 7, Tomb:3)
  21 gold pieces
(35, -1, Tomb:3)
  18 gold pieces
(35, 0, Tomb:3)
  an uncursed staff of wizardry
(35, 1, Tomb:3)
  25 gold pieces
(35, 2, Tomb:3)
  14 gold pieces
(35, 3, Tomb:3)
  13 gold pieces
(35, 4, Tomb:3)
  a ration
(35, 5, Tomb:3)
  26 gold pieces
(35, 6, Tomb:3)
  24 gold pieces
(36, 0, Tomb:3)
  21 gold pieces
(36, 1, Tomb:3)
  26 gold pieces
(36, 2, Tomb:3)
  22 gold pieces
(36, 3, Tomb:3)
  25 gold pieces
(36, 4, Tomb:3)
  4 gold pieces
(37, 20, Tomb:3)
  a ration

Level 5 of the Realm of Zot
(0, 0, Zot:5)
  a +4 ring of strength
(1, 31, Zot:5)
  a +0 pair of gloves
(3, 6, Zot:5)
  a wand of acid (11)
(3, 42, Zot:5)
  a +0 trident
(4, 15, Zot:5)
  a throwing net
(5, -3, Zot:5)
  a +0 bardiche
(5, 5, Zot:5)
  2 steel tomahawks
(5, 31, Zot:5)
  a +0 chain mail
(6, 3, Zot:5)
  a throwing net
(7, 15, Zot:5)
  a ration
(7, 20, Zot:5)
  a +0 ring mail
(9, 22, Zot:5)
  a +0 chain mail
(12, 0, Zot:5)
  a ration
(13, 41, Zot:5)
  a phantom mirror
(14, -5, Zot:5)
  a throwing net
(25, -5, Zot:5)
  a throwing net
(26, 11, Zot:5)
  a potion of curing
(27, -2, Zot:5)
  the Orb of Zot
(28, 10, Zot:5)
  a +0 leather armour
(35, 25, Zot:5)
  24 gold pieces
(37, 34, Zot:5)
  a potion of lignification
(38, 25, Zot:5)
  31 gold pieces
(41, 4, Zot:5)
  an uncursed ring of poison resistance
(44, 18, Zot:5)
  a ration
(46, -6, Zot:5)
  a throwing net
(46, 24, Zot:5)
  a potion of brilliance
(48, 18, Zot:5)
  a +0 ring mail of fire resistance
(50, -3, Zot:5)
  a ration
(50, 12, Zot:5)
  a potion of berserk rage
(55, -3, Zot:5)
  2 needles of confusion
(55, 16, Zot:5)
  a +0 robe

