Haschahoa

Level 4 of the Shoals
(0, 0, Shoals:4)
  a scroll of vulnerability
(4, 29, Shoals:4)
  a barnacled rune of Zot
(7, 43, Shoals:4)
  a +0 hand axe
(8, 41, Shoals:4)
  a cursed amulet of inaccuracy
(11, -4, Shoals:4)
  an uncursed ring of see invisible
(12, 27, Shoals:4)
  27 gold pieces
(17, 39, Shoals:4)
  8 gold pieces
(20, 23, Shoals:4)
  a book of Frost
(25, 0, Shoals:4)
  a potion of haste
(25, 7, Shoals:4)
  a cursed -3 ring of strength
(26, 43, Shoals:4)
  a +2 amulet of reflection
(29, 37, Shoals:4)
  a phantom mirror
(30, 32, Shoals:4)
  21 gold pieces
(33, 0, Shoals:4)
  a potion of magic
(33, 38, Shoals:4)
  a scroll of teleportation
(34, 26, Shoals:4)
  16 stones
(34, 28, Shoals:4)
  3 needles of confusion
(36, -6, Shoals:4)
  a scroll of identify
(37, 4, Shoals:4)
  29 arrows
(44, 1, Shoals:4)
  a sack of spiders
(45, 0, Shoals:4)
  13 gold pieces
(53, 25, Shoals:4)
  a potion of curing
(54, 24, Shoals:4)
  a scroll of identify
(55, 32, Shoals:4)
  a +0 helmet of see invisible
(56, 24, Shoals:4)
  9 gold pieces
(57, 26, Shoals:4)
  a ration
(58, 24, Shoals:4)
  a +0 club
(58, 28, Shoals:4)
  a ration

