Noutuegu

Level 1 of the Dungeon
(0, 0, D:1)
  a ration
(4, -38, D:1)
  a +0 hand axe
(7, -34, D:1)
  a +0 helmet
(8, -23, D:1)
  a scroll of noise
(23, -42, D:1)
  22 arrows
(25, -34, D:1)
  a +0 hunting sling
(26, -36, D:1)
  6 gold pieces
(34, -1, D:1)
  12 arrows
(36, -22, D:1)
  a +0 hunting sling
(40, 13, D:1)
  10 stones
(46, -34, D:1)
  a +0 spear
(47, -28, D:1)
  15 poisoned needles
(49, 15, D:1)
  a +0 whip
(58, 10, D:1)
  a +0 chain mail

Level 2 of the Dungeon
(0, 0, D:2)
  a +0 whip
(8, 18, D:2)
  a +0 rapier
(9, 9, D:2)
  a ration
(39, -9, D:2)
  a +0 whip
(39, 32, D:2)
  a cursed +0 leather armour
(42, 19, D:2)
  a ration
  (unseen)
(47, 14, D:2)
  a wand of flame (27)
(50, 6, D:2)
  10 gold pieces
(56, 14, D:2)
  a scroll of random uselessness

Level 3 of the Dungeon
(0, 0, D:3)
  a potion of mutation
(0, 7, D:3)
  a scroll of identify
(6, -1, D:3)
  a wand of disintegration (19)
(16, -2, D:3)
  11 gold pieces
(18, 22, D:3)
  3 javelins
(19, -24, D:3)
  3 scrolls of immolation
(20, 5, D:3)
  a +0 robe
(21, 23, D:3)
  a ration
(22, 26, D:3)
  a potion of magic
(25, -1, D:3)
  22 stones
(28, -2, D:3)
  a potion of might
(31, 24, D:3)
  7 gold pieces
(33, -19, D:3)
  a +0 quarterstaff
(37, 28, D:3)
  a +0 buckler
(37, 31, D:3)
  a +0 club
(39, 2, D:3)
  a potion of brilliance
(40, 14, D:3)
  a ration
(49, 5, D:3)
  9 gold pieces
(55, 10, D:3)
  a +0 dagger

Level 4 of the Dungeon
(0, 0, D:4)
  2 scrolls of identify
(6, -22, D:4)
  12 gold pieces
(7, -11, D:4)
  a ration
(9, -43, D:4)
  an uncursed ring of fire
(10, -49, D:4)
  a scroll of identify
(21, -25, D:4)
  14 gold pieces
(21, -21, D:4)
  a scroll of amnesia
(22, -37, D:4)
  a +0 pair of boots
(29, -15, D:4)
  a potion of lignification
(34, -31, D:4)
  a +0 dagger
(34, -7, D:4)
  a potion of magic
(41, -28, D:4)
  19 stones
(44, -49, D:4)
  18 arrows
(46, -31, D:4)
  a cursed -1 leather armour
(48, -35, D:4)
  an uncursed staff of earth
(55, -49, D:4)
  14 poisoned needles
(55, -14, D:4)
  a scroll of noise
(58, -46, D:4)
  12 gold pieces

Level 5 of the Dungeon
(0, 0, D:5)
  a scroll of identify
(2, 0, D:5)
  11 sling bullets
(3, -18, D:5)
  8 arrows
(6, 1, D:5)
  a +3 war axe
(7, 2, D:5)
  a +0 robe
(8, 6, D:5)
  a +0 robe
  (unseen)
(13, -5, D:5)
  a +0 hand crossbow
(13, -3, D:5)
  a ration
(22, -4, D:5)
  3 large rocks
(26, -33, D:5)
  15 gold pieces
(26, 5, D:5)
  16 gold pieces
(28, -6, D:5)
  10 gold pieces
(28, 12, D:5)
  3 scrolls of blinking
(32, 5, D:5)
  11 gold pieces
(36, -13, D:5)
  26 stones
(38, -20, D:5)
  a potion of degeneration
(39, -23, D:5)
  13 gold pieces
(41, -5, D:5)
  a scroll of teleportation
(43, 0, D:5)
  a +0 robe
(51, 5, D:5)
  5 gold pieces
(55, 5, D:5)
  19 stones

Level 6 of the Dungeon
(0, 0, D:6)
  a +0 buckler
(2, 28, D:6)
  17 stones
(3, 15, D:6)
  a scroll of teleportation
(7, 0, D:6)
  a scroll of immolation
(7, 10, D:6)
  2 potions of heal wounds
(8, 17, D:6)
  an uncursed ring of flight
(10, 17, D:6)
  a scroll of identify
(14, -12, D:6)
  a ration
(15, -2, D:6)
  a +0 helmet
(15, 19, D:6)
  a scroll of identify
(16, -11, D:6)
  a scroll of identify
(18, -13, D:6)
  a scroll of remove curse
(22, 11, D:6)
  10 gold pieces
(22, 23, D:6)
  a ration
(22, 25, D:6)
  a scroll of remove curse
(22, 26, D:6)
  a +0 robe
(29, 30, D:6)
  15 gold pieces
(30, 9, D:6)
  12 stones
(30, 11, D:6)
  a +0 ring mail
(30, 13, D:6)
  a +0 spear
(30, 25, D:6)
  12 poisoned needles
(30, 26, D:6)
  17 stones
(31, 22, D:6)
  8 gold pieces
(36, 18, D:6)
  a ration
(37, -14, D:6)
  a scroll of identify
(37, 19, D:6)
  a potion of ambrosia
(38, 11, D:6)
  a potion of resistance
(38, 25, D:6)
  a scroll of identify
(39, 9, D:6)
  9 gold pieces
(41, -1, D:6)
  a scroll of immolation
(48, 16, D:6)
  a +0 robe

Level 7 of the Dungeon
(0, 0, D:7)
  a potion of lignification
  (unseen)
(1, 1, D:7)
  a wand of acid (15)
(1, 3, D:7)
  a ration
(6, 29, D:7)
  5 gold pieces
(9, 22, D:7)
  a +0 robe
(9, 29, D:7)
  8 gold pieces
(9, 34, D:7)
  6 javelins of penetration
(9, 38, D:7)
  10 sling bullets
(13, 3, D:7)
  22 stones
(15, 34, D:7)
  3 scrolls of identify
  (unseen)
(16, 4, D:7)
  a scroll of identify
(16, 35, D:7)
  a scroll of noise
(17, 2, D:7)
  a potion of degeneration
(18, 0, D:7)
  15 gold pieces
(18, 3, D:7)
  14 gold pieces
(20, 27, D:7)
  20 stones
(23, 9, D:7)
  9 gold pieces
(27, 16, D:7)
  28 stones
(29, 37, D:7)
  a wand of flame (17)
(33, 14, D:7)
  a scroll of enchant weapon
(35, 23, D:7)
  a potion of flight
(35, 44, D:7)
  a ration
(36, 28, D:7)
  a scroll of torment
(36, 30, D:7)
  a potion of berserk rage
(37, 18, D:7)
  a ration
(38, 25, D:7)
  a ration
(39, 27, D:7)
  a +0 leather armour
(40, 21, D:7)
  a potion of might
(49, 12, D:7)
  a wand of acid (9)
(49, 13, D:7)
  a +0 robe

Level 8 of the Dungeon
[Shop] Qeh Soagroi's Armour Emporium
  (Shop contents are unknown)
(0, 0, D:8)
  a +0 flail
(1, 6, D:8)
  a ration
(2, 5, D:8)
  a ration
(2, 7, D:8)
  a ration
(3, 21, D:8)
  a potion of heal wounds
(4, 5, D:8)
  a ration
(4, 7, D:8)
  25 stones
(6, -2, D:8)
  14 stones
(6, 25, D:8)
  13 gold pieces
(8, 29, D:8)
  a ration
(10, 18, D:8)
  an uncursed ring of protection from fire
(12, 13, D:8)
  15 gold pieces
(13, 12, D:8)
  the ring of the Barracuda {rPois Stlth-}
    [ring of attention]
    
    It protects you from poison.
    It makes you less stealthy.
(14, 27, D:8)
  12 poisoned needles
(16, 19, D:8)
  a ration
(23, 12, D:8)
  a +0 mace
(23, 24, D:8)
  a potion of flight
(28, 25, D:8)
  a scroll of identify
(30, 17, D:8)
  a scroll of blinking
(35, -3, D:8)
  a ration
(35, 16, D:8)
  an uncursed amulet of rage
(36, -8, D:8)
  14 poisoned needles
(37, -7, D:8)
  a +0 ring mail
(39, 27, D:8)
  a +0 glaive
(40, 12, D:8)
  16 sling bullets
(44, 6, D:8)
  a +0 dagger
(45, 11, D:8)
  a gold piece
(45, 13, D:8)
  a gold piece
(46, 12, D:8)
  a gold piece
(46, 32, D:8)
  a ration
(48, -1, D:8)
  an uncursed staff of fire
(48, 12, D:8)
  a gold piece
(50, 12, D:8)
  a gold piece
(51, 30, D:8)
  a +0 morningstar
(52, 12, D:8)
  a gold piece
(54, 12, D:8)
  a gold piece
(55, 26, D:8)
  a scroll of identify

Level 9 of the Dungeon
(0, 0, D:9)
  a scroll of teleportation
(1, 13, D:9)
  a potion of degeneration
(1, 14, D:9)
  18 bolts
(4, 29, D:9)
  a +0 robe of fire resistance
(7, 27, D:9)
  16 gold pieces
(10, 18, D:9)
  a +0 leather armour
(11, 13, D:9)
  19 poisoned needles
(13, 1, D:9)
  17 gold pieces
(17, 5, D:9)
  a ration
(18, 28, D:9)
  a +0 hand axe
(21, 15, D:9)
  29 stones
(26, 34, D:9)
  21 arrows
(28, 26, D:9)
  12 gold pieces
(31, 26, D:9)
  an uncursed ring of stealth
(32, 23, D:9)
  a +0 short sword
(37, 14, D:9)
  18 gold pieces
(45, 13, D:9)
  a cursed -2 leather armour
(46, 27, D:9)
  a ration
(48, 22, D:9)
  3 needles of confusion
(49, 29, D:9)
  18 stones
(50, 28, D:9)
  9 gold pieces

Level 10 of the Dungeon
(0, 0, D:10)
  a potion of haste
(10, -4, D:10)
  14 gold pieces
(11, 8, D:10)
  a ration
(12, 6, D:10)
  a +0 trident
(13, 0, D:10)
  a +0 leather armour
(14, 14, D:10)
  a +0 robe
(15, 9, D:10)
  3 gold pieces
(15, 25, D:10)
  a +0 leather armour
(16, 36, D:10)
  a ration
(17, -16, D:10)
  21 gold pieces
(18, -9, D:10)
  a +0 chain mail
(19, -7, D:10)
  a scroll of holy word
(19, 28, D:10)
  2 potions of lignification
(22, 25, D:10)
  a +0 whip
(22, 27, D:10)
  a scroll of teleportation
(26, 36, D:10)
  a scroll of enchant armour
(30, 27, D:10)
  a +0 robe
(30, 45, D:10)
  a ration
(40, -10, D:10)
  a +0 short sword
(41, 18, D:10)
  the cursed +1 flail "Yffunuf" {crush, +Fly rPois}
    It inflicts extra damage upon your enemies.
    
    It protects you from poison.
    It lets you fly.
    It has a curse placed upon it.
(41, 19, D:10)
  2 potions of flight
(41, 20, D:10)
  the ring "Zipuodag" {Ice +Fly rN+++ Str+4 Dex-2}
    [ring of ice]
    
    It enhances your ice magic.
    It affects your strength (+4).
    It affects your dexterity (-2).
    It makes you vulnerable to fire.
    It protects you from cold.
    It renders you almost immune to negative energy.
    It lets you fly.
(42, 18, D:10)
  25 gold pieces
(42, 20, D:10)
  a potion of haste
(43, 18, D:10)
  the +5 scythe of Kaapanuh {freeze, MP+9}
    It has been specially enchanted to freeze those struck by it, causing extra
    injury to most foes and up to half again as much damage against particularly
    susceptible opponents. It can also slow down cold-blooded creatures.
    
    It affects your magic capacity (+9).
(43, 19, D:10)
  a scroll of identify
(43, 20, D:10)
  a manual of Polearms
(46, -1, D:10)
  a scroll of amnesia
(50, 34, D:10)
  17 stones
(57, -9, D:10)
  a scroll of torment
(58, 17, D:10)
  20 bolts
(59, 1, D:10)
  a book of Necromancy
(60, 18, D:10)
  a scroll of enchant armour

Level 11 of the Dungeon
(0, 0, D:11)
  a ration
(1, 23, D:11)
  a scroll of identify
(6, 45, D:11)
  5 gold pieces
(9, 36, D:11)
  an uncursed amulet of guardian spirit
(10, 3, D:11)
  a ration
(10, 27, D:11)
  22 gold pieces
(11, 44, D:11)
  7 gold pieces
(11, 47, D:11)
  a wand of acid (10)
(13, 18, D:11)
  16 stones
(14, 27, D:11)
  10 gold pieces
(25, 34, D:11)
  a ration
(35, -2, D:11)
  10 gold pieces
(38, 31, D:11)
  an uncursed amulet of harm
(44, 37, D:11)
  a +0 scale mail
(45, 43, D:11)
  12 arrows
(46, 4, D:11)
  a scroll of identify
(46, 44, D:11)
  16 stones
(49, 40, D:11)
  7 gold pieces
(49, 43, D:11)
  24 gold pieces
(52, 20, D:11)
  a +4 amulet of reflection
(53, -1, D:11)
  31 stones
(57, 21, D:11)
  7 gold pieces
(60, 0, D:11)
  a +0 falchion
(62, 22, D:11)
  a +0 leather armour
(62, 40, D:11)
  a potion of curing

Level 12 of the Dungeon
(0, 0, D:12)
  a +0 chain mail
(3, -5, D:12)
  a potion of might
(7, 9, D:12)
  4 large rocks
(20, 21, D:12)
  18 gold pieces
(24, -1, D:12)
  9 gold pieces
(25, -2, D:12)
  a potion of curing
(25, 0, D:12)
  a +0 pair of boots
(25, 2, D:12)
  a book of Flames
(25, 10, D:12)
  a ration
(25, 11, D:12)
  a +2 leather armour of magic resistance
(25, 12, D:12)
  11 arrows
(25, 25, D:12)
  a cursed +0 robe
(26, -1, D:12)
  a ration
(26, 11, D:12)
  15 gold pieces
(26, 19, D:12)
  4 tomahawks
(27, 11, D:12)
  a +0 robe
(27, 14, D:12)
  a +0 plate armour
(27, 22, D:12)
  12 gold pieces
(28, 12, D:12)
  a +0 ring mail
(28, 13, D:12)
  3 tomahawks
(28, 14, D:12)
  a +2 mace of crushing
(29, 11, D:12)
  a scroll of teleportation
(29, 14, D:12)
  11 gold pieces
(30, -14, D:12)
  a ration
(30, 11, D:12)
  a potion of might
(31, 10, D:12)
  21 arrows
(31, 11, D:12)
  an uncursed staff of energy
(31, 12, D:12)
  23 arrows
(33, 17, D:12)
  a +0 robe
(33, 25, D:12)
  17 stones
(36, 11, D:12)
  a scroll of torment
(37, -2, D:12)
  6 gold pieces
(37, 2, D:12)
  a potion of curing
(41, -4, D:12)
  a ration
(42, 7, D:12)
  a +0 rapier
(47, -8, D:12)
  25 stones
(48, -4, D:12)
  14 sling bullets
(50, -3, D:12)
  20 gold pieces
(55, 7, D:12)
  27 stones
(56, 11, D:12)
  a ration

Level 13 of the Dungeon
(0, 0, D:13)
  20 arrows
(1, 6, D:13)
  28 stones
(2, 12, D:13)
  a potion of curing
(5, 31, D:13)
  a +0 pair of boots
(13, 19, D:13)
  12 sling bullets
(13, 36, D:13)
  a wand of iceblast (10)
(14, 32, D:13)
  a +0 ring mail
(16, 22, D:13)
  a +0 pair of gloves
(16, 27, D:13)
  19 gold pieces
(21, 13, D:13)
  a potion of haste
(22, 13, D:13)
  17 gold pieces
(23, 22, D:13)
  16 gold pieces
(23, 23, D:13)
  14 gold pieces
(23, 26, D:13)
  17 bolts
(24, 24, D:13)
  9 stones
(35, 30, D:13)
  19 stones
(36, 27, D:13)
  13 stones
(37, 23, D:13)
  7 silver tomahawks
(38, 26, D:13)
  16 stones
(41, 19, D:13)
  a +0 leather armour
(43, 12, D:13)
  18 bolts
(44, -4, D:13)
  a potion of flight
(50, 4, D:13)
  16 arrows
(50, 5, D:13)
  a potion of invisibility
(51, 4, D:13)
  a +0 chain mail
(54, 0, D:13)
  a scroll of fog
(55, 18, D:13)
  a scroll of enchant weapon
(57, 1, D:13)
  24 gold pieces

Level 14 of the Dungeon
(0, 0, D:14)
  a scroll of fog
(0, 21, D:14)
  a potion of ambrosia
(3, 10, D:14)
  23 gold pieces
(7, -14, D:14)
  a +1 leather armour of fire resistance
(7, -3, D:14)
  20 gold pieces
(13, -20, D:14)
  a wand of enslavement (7)
(13, 12, D:14)
  a +0 plate armour
(16, 15, D:14)
  a scroll of fear
(20, -19, D:14)
  a scroll of identify
(25, -23, D:14)
  14 arrows
(28, -12, D:14)
  17 gold pieces
(30, 15, D:14)
  a +0 robe
(31, 16, D:14)
  a scroll of enchant armour
(33, -21, D:14)
  23 stones
(34, 9, D:14)
  a scroll of teleportation
(36, -24, D:14)
  16 gold pieces
(41, 9, D:14)
  a wand of enslavement (6)
(42, 2, D:14)
  20 gold pieces
(45, 21, D:14)
  a scroll of silence
(49, -14, D:14)
  4 tomahawks
(51, -9, D:14)
  10 gold pieces
(52, -8, D:14)
  a +0 shortbow
(52, -1, D:14)
  a scroll of summoning
(54, -5, D:14)
  22 stones
  (unseen)
(56, -14, D:14)
  9 stones
(56, -6, D:14)
  a potion of cancellation
(57, -12, D:14)
  a potion of haste
(58, -19, D:14)
  a potion of might
(59, -27, D:14)
  a +0 chain mail
(63, -1, D:14)
  a wand of polymorph (10)

Level 15 of the Dungeon
(0, 0, D:15)
  a wand of paralysis (7)
(0, 11, D:15)
  a wand of acid (3)
(1, 15, D:15)
  15 gold pieces
(5, -13, D:15)
  26 arrows
(7, -11, D:15)
  a scroll of acquirement
(9, -6, D:15)
  a scroll of identify
(10, -19, D:15)
  a +0 ring mail
(10, -4, D:15)
  a +0 hunting sling
(12, -17, D:15)
  a +0 whip
(13, -5, D:15)
  a potion of curing
(14, -27, D:15)
  12 stones
(17, -10, D:15)
  a +0 robe
(18, 6, D:15)
  a +0 large shield
(19, -9, D:15)
  15 gold pieces
(21, 1, D:15)
  a scroll of fear
(22, 1, D:15)
  a wand of enslavement (10)
(25, -4, D:15)
  a wand of digging (4)
(31, -1, D:15)
  a potion of curing
(34, -15, D:15)
  a +0 war axe
(39, -19, D:15)
  a +0 ring mail
(39, -18, D:15)
  12 gold pieces
(41, -17, D:15)
  6 gold pieces
(47, -6, D:15)
  a scroll of magic mapping

