Hacvepum

Level 1 of the Dungeon
(3, 0, D:1)
  a cursed +0 chain mail
(14, 28, D:1)
  a +0 dagger
(19, 5, D:1)
  a +0 club
(28, 12, D:1)
  a throwing net
(28, 13, D:1)
  a +0 ring mail
(29, 22, D:1)
  a +0 dagger
(33, -8, D:1)
  a stone
  a +0 dagger
(35, -8, D:1)
  a stone
(37, -12, D:1)
  a scroll of enchant weapon
(38, -8, D:1)
  3 stones
(39, -11, D:1)
  a +0 club
(43, -4, D:1)
  2 stones
(43, 15, D:1)
  19 bolts
(46, 2, D:1)
  3 stones
(47, 1, D:1)
  a +0 club
(48, -16, D:1)
  a +0 dagger

Level 2 of the Dungeon
(0, 0, D:2)
  a +0 leather armour
(4, 10, D:2)
  21 sling bullets
(7, -19, D:2)
  15 sling bullets
(8, -35, D:2)
  a +0 club
(8, -33, D:2)
  a +0 ring mail
(10, -25, D:2)
  a +2 spear of piercing
  (unseen)
(18, -30, D:2)
  a +0 flail
(33, -39, D:2)
  a +0 club

Level 3 of the Dungeon
(0, 0, D:3)
  a +0 club
(4, -2, D:3)
  a +0 trident
(9, 18, D:3)
  a +0 dagger
(10, 1, D:3)
  23 stones
(13, -6, D:3)
  a +0 chain mail
(13, 8, D:3)
  3 tomahawks
(15, 5, D:3)
  a tomahawk
(18, 2, D:3)
  a tomahawk
  a +0 club
(18, 25, D:3)
  a tomahawk
(19, -13, D:3)
  a +0 mace
(19, -2, D:3)
  24 sling bullets
(22, 28, D:3)
  a +0 hand axe
(25, -13, D:3)
  a +0 dagger
(25, 6, D:3)
  a tomahawk
(44, -12, D:3)
  a +0 club

