Riysukann

Level 1 of the Dungeon
(0, 0, D:1)
  30 stones
(9, 11, D:1)
  a +0 leather armour
(10, -13, D:1)
  8 gold pieces
(10, 0, D:1)
  a potion of ambrosia
(11, -11, D:1)
  a ration
(16, 3, D:1)
  18 poisoned needles
(25, -7, D:1)
  14 gold pieces
(25, -2, D:1)
  7 gold pieces
(31, -2, D:1)
  a cursed -1 dagger
(36, -4, D:1)
  a scroll of immolation
(37, 14, D:1)
  a scroll of amnesia
(38, -5, D:1)
  4 gold pieces
(41, 8, D:1)
  a ration
(42, -7, D:1)
  12 stones
(43, -10, D:1)
  a +0 club
(45, 11, D:1)
  a scroll of noise
(46, 9, D:1)
  a scroll of teleportation
(47, -6, D:1)
  14 stones
(53, -29, D:1)
  a scroll of amnesia

Level 1 of the Lair of Beasts
(0, 0, Lair:1)
  a wand of iceblast (6)
(0, 1, Lair:1)
  2 potions of might
(5, -20, Lair:1)
  a scroll of fear
(7, -31, Lair:1)
  a potion of resistance
(23, -27, Lair:1)
  a +0 naga barding
(26, -8, Lair:1)
  7 gold pieces
(35, -6, Lair:1)
  a scroll of fear
(37, 1, Lair:1)
  28 stones
(39, -12, Lair:1)
  an uncursed staff of power
(43, 8, Lair:1)
  13 gold pieces
(47, -18, Lair:1)
  20 gold pieces
(47, -15, Lair:1)
  12 gold pieces
(54, -19, Lair:1)
  a scroll of brand weapon
(55, -30, Lair:1)
  15 gold pieces
(55, -28, Lair:1)
  an uncursed ring of protection from cold
(57, -28, Lair:1)
  an uncursed staff of summoning

Level 2 of the Lair of Beasts
(0, 0, Lair:2)
  a ration

Level 3 of the Lair of Beasts
(0, 0, Lair:3)
  12 gold pieces
(0, 7, Lair:3)
  a water moccasin corpse
(3, -25, Lair:3)
  a water moccasin corpse
(7, -1, Lair:3)
  a scroll of amnesia
(11, -2, Lair:3)
  a scroll of identify
(16, -6, Lair:3)
  15 stones
(21, 4, Lair:3)
  25 gold pieces
(23, 24, Lair:3)
  a scroll of identify
(26, -7, Lair:3)
  a +0 great sword of pain
(26, -6, Lair:3)
  13 stones
(26, -5, Lair:3)
  a +0 falchion
(26, -4, Lair:3)
  a scroll of identify
(27, -7, Lair:3)
  a scroll of identify
(27, -4, Lair:3)
  19 sling bullets
(28, -6, Lair:3)
  the Catalogue of Good Luck and Black Secrets
    Spells                           Type                      Level
     a - Corpse Rot                   Necromancy                    2
     b - Spectral Weapon              Hexes/Charms                  3
     c - Borgnjor's Vile Clutch       Necromancy/Earth              5
     d - Deflect Missiles             Charms/Air                    6
(28, -5, Lair:3)
  a +1 hand axe of freezing
(28, -4, Lair:3)
  a scroll of remove curse
(28, 6, Lair:3)
  6 tomahawks
(30, 1, Lair:3)
  a lightning rod (4/4)
(31, 24, Lair:3)
  a potion of curing
(39, 25, Lair:3)
  a scroll of magic mapping
(46, 20, Lair:3)
  a potion of curing

Level 1 of the Enchanted Forest
(0, 0, Forest:1)
  13 gold pieces

