Kulothiame

Level 1 of the Dungeon
(0, 0, D:1)
  a +0 leather armour
(20, 19, D:1)
  a +0 robe
(29, -7, D:1)
  a +0 short sword
(38, -6, D:1)
  a +0 club
(56, 42, D:1)
  a +0 club

Level 2 of the Dungeon
(0, 0, D:2)
  a +0 robe
  a +0 dagger
(1, -2, D:2)
  a +0 leather armour
  a +0 robe
  a +0 hand axe
  a +0 ring mail
  a +0 dagger
  a +0 club
(2, -1, D:2)
  a +0 leather armour
  a +0 club
(10, 8, D:2)
  a +0 dagger
(26, 0, D:2)
  a potion of lignification
(26, 37, D:2)
  a potion of mutation
(29, 0, D:2)
  a +0 club
(42, -7, D:2)
  a +0 ring mail
  a +0 war axe
(43, -7, D:2)
  a +0 scale mail
  a +0 dagger
(43, -2, D:2)
  a +0 club
  a +0 short sword
(44, -6, D:2)
  a +0 short sword
(44, 34, D:2)
  a +0 short sword
(45, 3, D:2)
  a +0 club
(46, 34, D:2)
  a +0 club

Level 3 of the Dungeon
(0, 0, D:3)
  a +0 leather armour
(2, 12, D:3)
  a +0 leather armour
(3, 4, D:3)
  a +0 club
(5, 16, D:3)
  a +0 ring mail
(7, 35, D:3)
  a +0 club
(25, 12, D:3)
  a +0 rapier
(29, 12, D:3)
  a cursed -1 dagger
(33, 24, D:3)
  a +0 leather armour

Level 4 of the Dungeon
(9, -25, D:4)
  a +0 dagger
(31, -9, D:4)
  a +0 hand axe
(35, -20, D:4)
  a +0 ring mail
(43, -16, D:4)
  a cursed -1 giant spiked club

Level 5 of the Dungeon
[Shop] Ifatan's General Store
  16 stones (17 gold)
  a +0 scale mail (44 gold)
  a +2 flail of protection (178 gold)
  14 stones (15 gold)
  5 needles of paralysis (33 gold)
  the +5 arbalest "Fuarph" {flame, Str-2 Dex+4} (487 gold)
    It causes projectiles fired from it to burn those they strike, causing extra
    injury to most foes and up to half again as much damage against particularly
    susceptible opponents.
    
    It affects your strength (-2).
    It affects your dexterity (+4).
  a ration (55 gold)
  a potion of mutation (88 gold)
(0, 0, D:5)
  a +0 leather armour
(2, 1, D:5)
  a +0 giant spiked club
(10, -23, D:5)
  a cursed +0 club
(13, -5, D:5)
  a +0 whip
(22, -19, D:5)
  a +0 flail
  a +1 pair of gloves
(24, -19, D:5)
  a +0 robe
  a +0 club
(31, -21, D:5)
  a potion of mutation
(50, -15, D:5)
  a +0 leather armour
  a +0 dagger
  a +0 dagger
  a +0 chain mail
  a +0 falchion
  a +0 leather armour

Level 6 of the Dungeon
(1, -13, D:6)
  a +0 scale mail
(2, 7, D:6)
  a +0 spear
(5, -19, D:6)
  a +0 animal skin
(22, -11, D:6)
  a +0 falchion
(24, -33, D:6)
  a +0 leather armour
  a +0 dagger
(28, -40, D:6)
  a +0 hand axe
  a +0 robe
  a +0 dagger
(38, -40, D:6)
  a +0 spear
(42, -8, D:6)
  a cursed -1 giant club

Level 7 of the Dungeon
(5, -1, D:7)
  a +0 robe
(11, -8, D:7)
  a +0 quarterstaff
(12, -15, D:7)
  a +0 leather armour
  a +0 falchion of holy wrath
(12, 9, D:7)
  a +0 mace
(22, -10, D:7)
  a +0 dagger
  a +0 robe
(34, -11, D:7)
  a +0 club
(35, -11, D:7)
  a +0 robe
  a +0 dagger
(36, 15, D:7)
  a +0 leather armour
(37, -13, D:7)
  a +0 whip
(42, -6, D:7)
  a +0 mace of protection
(42, -4, D:7)
  a +0 giant spiked club
  (unseen)
(50, -3, D:7)
  a +0 dagger
(54, -20, D:7)
  a potion of berserk rage

Level 8 of the Dungeon
(0, 0, D:8)
  a +0 shortbow
(5, -16, D:8)
  an uncursed amulet of faith
(14, -36, D:8)
  a +0 robe
  a +0 dagger
(14, -10, D:8)
  a +0 ring mail
(16, -36, D:8)
  a +0 giant club
(23, -14, D:8)
  a +1 long sword of slicing
(23, -2, D:8)
  a +0 robe
(28, -39, D:8)
  a +0 giant club
(30, -40, D:8)
  a +0 leather armour
  a +0 short sword
  a +0 short sword
  a +0 falchion
(31, -38, D:8)
  a +0 ring mail
  a +0 leather armour
  a +0 club
(31, 1, D:8)
  a +0 plate armour
  (unseen)
(32, 0, D:8)
  a +0 chain mail
  (unseen)
(48, -14, D:8)
  a +0 whip
(50, -17, D:8)
  a +0 robe
(51, -6, D:8)
  a +0 shortbow

Level 9 of the Dungeon
(0, 0, D:9)
  a +0 scale mail
(2, -7, D:9)
  a +0 war axe
(23, 50, D:9)
  a +0 pair of gloves
(26, 44, D:9)
  a +0 club
(26, 46, D:9)
  a +0 animal skin
  a +0 spear
(27, 18, D:9)
  a +0 club
(27, 19, D:9)
  a +0 mace
  a +0 ring mail
(34, 14, D:9)
  a +0 chain mail
  (unseen)
(35, 14, D:9)
  a +0 hand axe
(43, 19, D:9)
  a +0 flail
(43, 20, D:9)
  a +0 dagger
(44, 8, D:9)
  a +0 mace
(50, 9, D:9)
  a +0 scale mail

Level 10 of the Dungeon
[Shop] Engas's Distillery
  a potion of mutation (104 gold)
  a potion of flight (39 gold)
  a potion of lignification (39 gold)
  a potion of curing (39 gold)
  a potion of brilliance (52 gold)
  a potion of flight (39 gold)
(0, 0, D:10)
  a +0 dire flail
  a +0 giant spiked club
(4, 22, D:10)
  a +0 scale mail
(14, 8, D:10)
  2 large rocks
(34, 31, D:10)
  a potion of degeneration
(51, -24, D:10)
  a +1 mace of protection
(52, -16, D:10)
  a +0 giant club
(53, -17, D:10)
  a +0 shortbow
(56, 1, D:10)
  a cursed -2 long sword

Level 11 of the Dungeon
(0, 0, D:11)
  a +0 giant club
  a +0 dire flail
(3, -12, D:11)
  a +0 flail
(3, 15, D:11)
  a +0 mace
(5, -1, D:11)
  a +0 chain mail
(7, -12, D:11)
  a +0 shortbow
(7, -2, D:11)
  a cursed +0 robe
  a +0 dagger
(8, -9, D:11)
  3 large rocks
(10, -2, D:11)
  a +0 robe
  a +0 dagger
(11, -3, D:11)
  a +0 dagger
(12, -5, D:11)
  a +0 short sword
(15, -2, D:11)
  a wand of disintegration (38)
  2 potions of heal wounds
  4 potions of agility
  a wand of polymorph (12)
  a wand of acid (21)
  5 potions of might
  2 potions of cancellation
  10 scrolls of teleportation
  a scroll of summoning
  5 scrolls of fear
  4 potions of invisibility
  a scroll of blinking
  3 potions of brilliance
  10 potions of curing
  a wand of random effects (52)
  4 potions of haste
  a wand of iceblast (15)
  12 scrolls of remove curse
  2 scrolls of magic mapping
  a wand of enslavement (9)
  a wand of paralysis (16)
(15, 0, D:11)
  a +2 cloak
  a +2 pair of gloves
  a +0 scale mail
(15, 1, D:11)
  a +0 troll leather armour
  a +5 plate armour
(16, -1, D:11)
  a +2 vampiric falchion
(16, 0, D:11)
  a +1 dagger of distortion
  a +2 scimitar of draining
  2 tomahawks of returning
  116 sling bullets
  5 silver javelins
  5 javelins
  2 steel javelins
  a +0 trident
  8 needles of sleeping
  52 poisoned needles
  106 bolts
  a +0 falchion of flaming
(17, -8, D:11)
  a large rock
(17, -1, D:11)
  a +1 battleaxe of chopping
(17, 0, D:11)
  a +1 longbow of flaming
  a +4 glaive
(17, 1, D:11)
  a +0 halberd
  a +0 longbow
(18, -1, D:11)
  a scroll of identify
(18, 0, D:11)
  a scroll of enchant armour
  a potion of magic
  6 potions of flight
  2 scrolls of noise
  6 scrolls of immolation
  5 scrolls of amnesia
  a wand of digging (5)
(18, 1, D:11)
  an uncursed ring of attention
  an uncursed amulet of the gourmand
  an uncursed amulet of rage
(24, -3, D:11)
  a +0 falchion
(29, 8, D:11)
  a +0 club
(36, 17, D:11)
  a +0 morningstar
(37, -14, D:11)
  a +0 leather armour
(37, -13, D:11)
  a +0 ring mail
(48, 18, D:11)
  a +0 flail

Level 12 of the Dungeon
(0, 0, D:12)
  22 stones
(30, -19, D:12)
  a ration
(30, 16, D:12)
  an arrow
(31, -25, D:12)
  a +1 ring of evasion
(33, 15, D:12)
  an arrow
(33, 20, D:12)
  17 gold pieces

the Ecumenical Temple

Level 1 of the Orcish Mines
[Shop] Ribohas's General Store
  a wand of disintegration (15) (209 gold)
  15 stones (16 gold)
  a +0 centaur barding (253 gold)
  a scarf of cloud immunity (77 gold)
  a phantom mirror (330 gold)
  a phial of floods (440 gold)
  2 potions of curing (66 gold)
  a wand of scattershot (4) (264 gold)
(0, 0, Orc:1)
  18 gold pieces
(0, 15, Orc:1)
  a +0 leather armour
  a +0 short sword
(1, 14, Orc:1)
  a cursed -1 falchion
(1, 15, Orc:1)
  a +0 plate armour (still there?)
  a +0 flail (still there?)
  a +0 flail (still there?)
(1, 17, Orc:1)
  a +0 hand axe
(2, 15, Orc:1)
  a +0 chain mail
  a +0 scimitar
  a +0 war axe
  a +0 club
  a +1 vampiric dagger
  a +0 giant club
(2, 16, Orc:1)
  a +0 plate armour
  a +0 battleaxe
  a +1 plate armour of poison resistance
  a +0 short sword
(2, 17, Orc:1)
  a +0 ring mail
  a +0 war axe
(3, 0, Orc:1)
  20 gold pieces
(3, 15, Orc:1)
  a cursed +0 chain mail
  a +0 short sword
(16, -4, Orc:1)
  a +0 whip
(19, -4, Orc:1)
  a +0 robe
  a +0 dagger
(30, -2, Orc:1)
  a +0 hand axe
(30, -1, Orc:1)
  a +0 plate armour
  a +0 hand axe
(31, 3, Orc:1)
  a +0 robe
  a +1 dagger of venom
(32, -1, Orc:1)
  a +0 leather armour
  a +0 hand axe
(32, 0, Orc:1)
  a +0 robe
(36, -4, Orc:1)
  a +0 robe
  a +0 dagger
(63, 3, Orc:1)
  a +0 leather armour

Level 2 of the Orcish Mines
[Shop] Peumiatt's Magic Scroll Boutique
  a scroll of remove curse (42 gold)
  a scroll of enchant armour (105 gold)
  a scroll of remove curse (42 gold)
  a scroll of identify (28 gold)
  3 scrolls of torment (315 gold)
  a scroll of remove curse (42 gold)
[Shop] Megirhu's Food Shop
  a ration (60 gold)
  a ration (60 gold)
  a ration (60 gold)
  a ration (60 gold)
  a ration (60 gold)
  a ration (60 gold)
  a ration (60 gold)
  a ration (60 gold)
[Shop] Xajeyjosy's Antique Armour Emporium
  a cursed +0 robe (2 gold)
  a +0 pair of boots (103 gold)
  the +2 pair of gloves of Xattysu {rC+ rN+ rCorr Int+4} (1074 gold)
    It affects your intelligence (+4).
    It protects you from cold.
    It protects you from negative energy.
    It provides partial protection from all sources of acid and corrosion.
  a scarf of repulsion (276 gold)
  a +0 plate armour (529 gold)
  the +3 robe of Folly {Archmagi, MR-- Int+5} (1242 gold)
    It affects your intelligence (+5).
    It affects your resistance to hostile enchantments.
  a +0 scale mail (92 gold)
  a +1 pair of boots of stealth (379 gold)
  a +2 pair of boots (379 gold)
  a +0 pair of gloves of archery (264 gold)
  a +0 ring mail (92 gold)
  a +0 ring mail (92 gold)
[Shop] Tianoon's Gadget Shoppe
  a wand of enslavement (9) (110 gold)
  a wand of disintegration (7) (110 gold)
  a wand of random effects (11) (65 gold)
  a lightning rod (4/4) (400 gold)
  a box of beasts (200 gold)
  a phial of floods (400 gold)
(0, 0, Orc:2)
  a +0 dagger
(0, 22, Orc:2)
  a +0 robe
  a +0 dagger
  a +0 plate armour
  a +0 hand axe
  a +0 ring mail
  a +0 dire flail
  a +1 robe of fire resistance
  a +2 dagger of venom
  a +2 hand axe of chopping
(1, -1, Orc:2)
  a +0 giant club
(1, 21, Orc:2)
  a +0 chain mail
  a +0 dagger
(1, 22, Orc:2)
  a +0 chain mail
  a +0 scimitar
  a +0 club
  a +0 dagger
  a +0 leather armour
  a +0 short sword
  a +0 morningstar
  a +0 mace
  a +0 plate armour
  a cursed -2 hand axe
  a +0 chain mail
  a +2 mace of holy wrath
  a +0 robe
  a +0 dagger
(2, 22, Orc:2)
  a +3 falchion of holy wrath
  a +0 robe
  a +0 dagger
  a +0 flail
  a +0 leather armour
  a +0 mace
  a +0 flail
  a +0 whip
  a +0 robe
  a +1 dagger of venom
(3, -21, Orc:2)
  a +0 robe
  a cursed -3 dagger
(3, 23, Orc:2)
  a +0 robe
  a +0 dagger
(5, -21, Orc:2)
  a cursed +0 chain mail
  a +0 trident
  a +0 giant club
(6, -18, Orc:2)
  a +0 chain mail
  a +0 mace
(7, -20, Orc:2)
  a +0 dagger
  a +0 leather armour
  a +0 short sword
(8, -21, Orc:2)
  a cursed -2 hand axe
  a +0 ring mail
(8, -20, Orc:2)
  a +0 chain mail
  a +0 short sword
(9, -21, Orc:2)
  a +0 ring mail
  a +0 dagger
(9, -20, Orc:2)
  a +1 battleaxe of holy wrath
(9, -19, Orc:2)
  a +0 club
  a cursed +0 hand axe
(9, 2, Orc:2)
  a +0 chain mail
  a +0 trident
(9, 3, Orc:2)
  a +0 robe
  a +0 dagger
(9, 4, Orc:2)
  a +0 plate armour
(9, 5, Orc:2)
  a +0 dagger
  a +2 robe of positive energy
(9, 15, Orc:2)
  a +0 chain mail
  a +0 hand axe
(10, -18, Orc:2)
  a +0 mace
(10, 3, Orc:2)
  a +0 leather armour
  a +0 hand axe
  a +0 robe
  a +0 dagger
(10, 5, Orc:2)
  a cursed -3 dagger
  a +0 robe
  a +0 dagger
  a +0 robe
  a +0 spear
(11, -20, Orc:2)
  a +0 chain mail
  a cursed -3 mace
(11, -2, Orc:2)
  a +0 chain mail
  a +0 hand axe
(11, 7, Orc:2)
  a +0 mace
  a +0 ring mail
(12, 9, Orc:2)
  a +0 trident
(13, 4, Orc:2)
  a +0 demon trident
  a +0 scale mail
(15, -6, Orc:2)
  a +3 leather armour
  a +0 mace
  a +0 plate armour
  a +0 flail
  a +2 robe
  a +0 dagger
  a cursed -1 chain mail
  a +0 glaive
  a +0 plate armour
  a +0 halberd
  a +0 plate armour
  a +0 halberd
(15, 6, Orc:2)
  a +0 dagger
  a +0 robe
(16, -7, Orc:2)
  a +0 chain mail
  a +0 war axe
  a +0 plate armour
  a +0 battleaxe
(16, -5, Orc:2)
  a +0 mace of crushing
  a +0 chain mail
  a +0 halberd
  a +0 chain mail
  a +0 short sword
  a +0 chain mail
  a +0 short sword
(16, 9, Orc:2)
  a +0 leather armour
  a +0 flail
(17, -6, Orc:2)
  a +0 plate armour
  a +2 flail of venom
  a +0 chain mail
  a +0 robe
  a +0 dagger
(17, -5, Orc:2)
  a +0 trident
(17, -4, Orc:2)
  a +0 club
(18, -5, Orc:2)
  a +0 halberd
(19, -2, Orc:2)
  a +0 leather armour
(20, -8, Orc:2)
  a +3 plate armour
(20, -3, Orc:2)
  a +0 plate armour
  a +0 glaive
  a +0 plate armour
  a +0 battleaxe
  a +0 scale mail
(21, -7, Orc:2)
  a +0 plate armour
  a +0 glaive
  a +0 plate armour
  a +0 dire flail
(21, -6, Orc:2)
  a +0 plate armour
  a +0 battleaxe
(21, 6, Orc:2)
  a +0 chain mail
(21, 11, Orc:2)
  a +0 robe
  a +2 dagger of venom
(22, -6, Orc:2)
  a +0 plate armour
(22, -5, Orc:2)
  a +0 hand axe
(23, -5, Orc:2)
  a +0 robe
  a +0 dagger
  a +0 club
(23, -4, Orc:2)
  a cursed +0 chain mail
  a +0 war axe
  a +0 leather armour
  a +0 dagger
(23, 6, Orc:2)
  a +0 dagger
(24, -4, Orc:2)
  a +1 falchion of holy wrath
(24, -2, Orc:2)
  a +0 leather armour
  a +0 short sword
(24, 14, Orc:2)
  a +0 flail
(25, -3, Orc:2)
  a +0 leather armour
(25, -2, Orc:2)
  a +0 leather armour
  a +0 hand axe

Level 1 of the Lair of Beasts
(0, 0, Lair:1)
  the +4 rapier of Destiny {protect, *Drain rPois Dex+5}
    It protects the one who uses it against injury (+AC on strike).
    
    It affects your dexterity (+5).
    It protects you from poison.
    It causes draining when unequipped.
(6, -40, Lair:1)
  a +0 shortbow
(18, -40, Lair:1)
  a +0 flail
(30, -32, Lair:1)
  a +0 leather armour
(43, -45, Lair:1)
  a +0 chain mail
(46, -47, Lair:1)
  a +0 ring mail

Level 2 of the Lair of Beasts
(0, 0, Lair:2)
  a potion of degeneration
(11, -1, Lair:2)
  a +0 morningstar
(16, 26, Lair:2)
  a stone
(21, -22, Lair:2)
  a +0 leather armour
(30, 14, Lair:2)
  a +0 flail
(40, 15, Lair:2)
  a +0 leather armour
(44, 6, Lair:2)
  a +0 robe
  a +0 rapier
(45, 0, Lair:2)
  a +0 plate armour

Level 3 of the Lair of Beasts
(0, 0, Lair:3)
  a +0 shortbow
(1, 0, Lair:3)
  a +0 shortbow
(2, 2, Lair:3)
  a +0 shortbow
(17, -18, Lair:3)
  a +0 hunting sling

Level 4 of the Lair of Beasts
(0, 0, Lair:4)
  a +0 falchion
(34, 1, Lair:4)
  a +0 scimitar
(47, -5, Lair:4)
  a +0 leather armour
(53, -13, Lair:4)
  a +0 ring mail

Level 5 of the Lair of Beasts
(0, 0, Lair:5)
  a cursed +0 chain mail
(8, 9, Lair:5)
  a +0 plate armour
(18, 9, Lair:5)
  a sling bullet
(25, 7, Lair:5)
  a +2 centaur barding of flying
(30, -7, Lair:5)
  a potion of degeneration
(32, 1, Lair:5)
  a +0 arbalest
(51, 3, Lair:5)
  a cursed -2 robe

Level 6 of the Lair of Beasts
(0, 0, Lair:6)
  a +0 falchion
(3, 7, Lair:6)
  +0 steam dragon scales
(4, 27, Lair:6)
  +0 acid dragon scales
(41, 11, Lair:6)
  a +0 robe
(45, 47, Lair:6)
  a +0 battleaxe
(59, 38, Lair:6)
  a +0 robe

