Zoadagek

Level 1 of the Dungeon
(0, 0, D:1)
  a +0 club
(1, -15, D:1)
  a +0 club
(15, -22, D:1)
  a +0 club
(16, -19, D:1)
  a +0 short sword
(23, -13, D:1)
  a cursed -3 club
(26, -10, D:1)
  a +0 dagger
  a +0 robe
(39, 13, D:1)
  a +0 club
(41, 11, D:1)
  a +0 dagger
(45, -18, D:1)
  66 stones
(47, 7, D:1)
  a +0 club
(48, 7, D:1)
  a +0 club

Level 2 of the Dungeon
(0, 0, D:2)
  a +0 dagger
(5, -2, D:2)
  a +0 club
(5, 30, D:2)
  a +0 dagger
(9, 3, D:2)
  a +0 whip
(12, 42, D:2)
  a +0 whip

Level 3 of the Dungeon
(7, 7, D:3)
  a +0 club
(10, 46, D:3)
  a +0 leather armour
(13, 51, D:3)
  a +0 dagger
(22, 17, D:3)
  a +0 flail
(23, 10, D:3)
  a +0 mace
(27, 49, D:3)
  a +0 leather armour
(28, -1, D:3)
  a +0 club
(32, 13, D:3)
  a +0 dagger
(32, 26, D:3)
  a +0 mace
(33, 11, D:3)
  a stone
(34, 9, D:3)
  a stone
(34, 10, D:3)
  a stone
(35, 42, D:3)
  a +0 dagger
(36, 5, D:3)
  a +0 club
(39, 28, D:3)
  a +0 club

Level 4 of the Dungeon
[Shop] Jefudal's Antique Armour Boutique
  a +0 robe (15 gold)
  a +0 chain mail (99 gold)
  a +0 robe (15 gold)
  the +2 robe of Creativity {rElec MR- Int+3} (589 gold)
    It affects your intelligence (+3).
    It insulates you from electricity.
    It affects your resistance to hostile enchantments.
  a +0 pair of gloves (99 gold)
  a +0 robe (15 gold)
  a +0 pair of gloves (99 gold)
  a cursed +0 robe (2 gold)
(0, 0, D:4)
  a +0 whip
(6, -6, D:4)
  a +0 dagger
(9, -2, D:4)
  a +0 dagger
(17, 8, D:4)
  a +0 leather armour
  a +0 club
(19, -18, D:4)
  a +0 falchion
(39, -4, D:4)
  a +0 leather armour
  a +0 flail
(39, 3, D:4)
  a +0 chain mail
  a +0 ring mail
(40, 4, D:4)
  a +0 ring mail
  a +0 leather armour
  a +0 robe
(41, -4, D:4)
  a +0 leather armour
  a +0 falchion

Level 5 of the Dungeon
[Shop] Ococuqen's Weapon Emporium
  a +2 battleaxe of freezing (331 gold)
  a +0 flail (49 gold)
  a +0 trident (49 gold)
  a +1 short sword of venom (148 gold)
  11 poisoned needles (61 gold)
  the +9 shortbow of the Thirteen Suns {venom, rF+ rC+ Dex+2} (1033 gold)
    It poisons the ammo it fires.
    
    It affects your dexterity (+2).
    It protects you from fire.
    It protects you from cold.
  a +0 quarterstaff (56 gold)
  a +0 whip (35 gold)
  a +2 mace of protection (218 gold)
  20 arrows (56 gold)
  a +0 dagger (28 gold)
(0, 0, D:5)
  a cursed -3 hand axe
(13, -4, D:5)
  a +0 giant club
(16, 6, D:5)
  a +0 giant club
(18, -9, D:5)
  a +0 ring mail
  a +0 flail
(19, 18, D:5)
  a +0 leather armour
(27, 10, D:5)
  a +0 war axe
(29, 17, D:5)
  a cursed +0 battleaxe
(40, 7, D:5)
  a +0 rapier
(40, 16, D:5)
  a +0 trident

Level 6 of the Dungeon
(0, 0, D:6)
  a +0 spear
(4, 22, D:6)
  a +0 plate armour
(6, 8, D:6)
  a +0 giant club
  a +0 animal skin
(7, 6, D:6)
  a +0 robe
(7, 29, D:6)
  a +0 scale mail
(12, 24, D:6)
  a +0 whip
(14, -5, D:6)
  a +0 giant club
(24, 0, D:6)
  a +0 chain mail
(31, -1, D:6)
  a +0 hand axe
(36, -1, D:6)
  a +0 flail
(38, -2, D:6)
  a +0 club
(47, 6, D:6)
  a +0 pair of gloves
(58, 3, D:6)
  a +0 dagger

Level 7 of the Dungeon
[Shop] Kuewnosi's Weapon Shoppe
  a +0 quarterstaff (48 gold)
  a +0 hand axe (36 gold)
  a cursed -1 dagger (1 gold)
  a +0 falchion of distortion (114 gold)
  a +2 long sword of electrocution (248 gold)
  a +0 war axe (42 gold)
  16 bolts (38 gold)
  a +0 flail (42 gold)
  a +6 giant spiked club (406 gold)
  a +0 quarterstaff (48 gold)
(0, 0, D:7)
  a +0 club
  a +0 short sword
  a +0 ring mail
(7, -5, D:7)
  a cursed amulet of inaccuracy
(7, 5, D:7)
  a +0 club
(16, -7, D:7)
  a +0 leather armour
(20, 32, D:7)
  an uncursed amulet of the gourmand
(34, 13, D:7)
  a +0 leather armour
(35, 11, D:7)
  a +0 robe
  a +0 dagger
(36, -2, D:7)
  a +0 ring mail
(37, 12, D:7)
  a +0 flail
(37, 32, D:7)
  a +0 leather armour
  a +0 short sword
  a +0 mace
  a +0 leather armour
  a +0 mace
  a +0 leather armour
(37, 33, D:7)
  a +0 trident
(40, 18, D:7)
  a +0 ring mail
(42, 3, D:7)
  a +0 hand axe
(45, 17, D:7)
  a +0 chain mail
  (unseen)
(48, -12, D:7)
  a +0 club
(52, 17, D:7)
  a +0 hand axe
(57, -6, D:7)
  a +0 club
(58, -5, D:7)
  a +0 leather armour
(60, -6, D:7)
  a +0 club

Level 8 of the Dungeon
(0, 0, D:8)
  a +0 ring mail
  a +0 hand axe
  a +0 ring mail
  a +0 flail
  a +0 chain mail
(2, -11, D:8)
  a +0 whip
(3, -12, D:8)
  a +0 dagger
(5, -13, D:8)
  a +0 ring mail
  a +0 dagger
(6, 11, D:8)
  a potion of mutation
(16, -25, D:8)
  a +0 plate armour
(36, -1, D:8)
  a +0 chain mail

Level 9 of the Dungeon
(0, 0, D:9)
  a +1 cloak
  a +0 dagger
(1, -12, D:9)
  a +0 mace
(5, -23, D:9)
  a +0 long sword
(6, -49, D:9)
  a +0 plate armour
(14, -12, D:9)
  a +0 scale mail
(17, -38, D:9)
  a +2 robe of the Archmagi
  a +1 pair of gloves
(18, -39, D:9)
  a +1 dagger of draining
(18, -38, D:9)
  a +2 whip of freezing
  25 bolts
(19, -39, D:9)
  a +1 halberd of chopping
(19, -38, D:9)
  a +0 shortbow
  125 arrows
  a +0 glaive
(20, -39, D:9)
  a potion of magic
  a scroll of amnesia
  a scroll of fear
  a scroll of magic mapping
(20, -38, D:9)
  a +1 ring of evasion
(23, -47, D:9)
  a +0 short sword
(29, -16, D:9)
  a +0 club
(30, -49, D:9)
  a +0 whip
(39, -25, D:9)
  a +0 scale mail
(41, -29, D:9)
  a +0 mace

Level 10 of the Dungeon
(0, 0, D:10)
  a -4 ring of evasion
  a +1 scale mail of cold resistance
  a +1 ring mail of cold resistance
(6, 21, D:10)
  a +0 hand axe
(11, -16, D:10)
  a +0 morningstar
(12, 5, D:10)
  2 potions of degeneration
(12, 11, D:10)
  a scroll of amnesia
(12, 13, D:10)
  a +0 chain mail
(12, 14, D:10)
  an uncursed ring of wizardry
(12, 15, D:10)
  17 gold pieces
(13, 10, D:10)
  11 gold pieces
(13, 11, D:10)
  24 gold pieces
(13, 12, D:10)
  a +0 halberd
(13, 14, D:10)
  5 needles of confusion
(13, 16, D:10)
  5 gold pieces
(14, 11, D:10)
  a wand of flame (12)
(14, 12, D:10)
  a +3 rapier of draining
(14, 13, D:10)
  a +1 shortbow of flaming
(14, 14, D:10)
  a +0 robe
(14, 15, D:10)
  18 gold pieces
(15, 11, D:10)
  a potion of berserk rage
(15, 12, D:10)
  a ration
(15, 13, D:10)
  a +0 leather armour
(15, 14, D:10)
  a ration
(15, 16, D:10)
  10 gold pieces
(16, 9, D:10)
  8 gold pieces
(16, 13, D:10)
  6 gold pieces
(16, 15, D:10)
  17 gold pieces
(17, 10, D:10)
  9 gold pieces
(17, 12, D:10)
  11 gold pieces
(17, 14, D:10)
  18 gold pieces
(18, 7, D:10)
  a +0 quarterstaff
(21, 11, D:10)
  a +0 shortbow
(28, 22, D:10)
  a +0 flail
  a cursed +0 ring mail
(29, 23, D:10)
  a cursed -1 dire flail
(39, 3, D:10)
  a +0 dagger
  a +0 robe
(41, 9, D:10)
  a +0 spear

Level 11 of the Dungeon
(0, 0, D:11)
  a potion of lignification
(0, 2, D:11)
  a cursed +0 club
(3, 21, D:11)
  a +0 mace
(9, 24, D:11)
  a bat skeleton
(14, 26, D:11)
  a +0 long sword (still there?)
  an adder skeleton (still there?)
(15, 27, D:11)
  a hobgoblin skeleton
(21, 28, D:11)
  a potion of curing

Level 12 of the Dungeon
(0, 0, D:12)
  a scroll of enchant weapon
(1, 3, D:12)
  a cursed +0 scale mail

the Ecumenical Temple

