Iholopp

Level 1 of the Dungeon
(0, 0, D:1)
  a +0 chain mail
(11, -30, D:1)
  a +0 robe
(20, -21, D:1)
  a +0 dagger
(31, -20, D:1)
  a cursed -1 club
(34, -36, D:1)
  a +0 dagger
(45, 3, D:1)
  a +0 club
  a +0 club

Level 2 of the Dungeon
(0, 0, D:2)
  3 large rocks
(20, -5, D:2)
  a +0 whip
(27, 2, D:2)
  a +0 club
(29, -1, D:2)
  a +0 club
(29, 20, D:2)
  a +0 robe
  a +0 dagger
(34, 18, D:2)
  a cursed -3 club
(34, 19, D:2)
  a +0 club
(38, 14, D:2)
  a +0 short sword
(46, 5, D:2)
  a +0 chain mail

Level 3 of the Dungeon
(0, 0, D:3)
  a +0 club
(3, 15, D:3)
  a +0 dagger
(4, -2, D:3)
  a +0 ring mail
(21, -13, D:3)
  a +0 robe
(21, 11, D:3)
  a +0 robe
(33, -2, D:3)
  a +0 ring mail

Level 4 of the Dungeon
(0, 0, D:4)
  a +0 giant club
(13, 5, D:4)
  a +0 leather armour
  a +0 flail
(15, 9, D:4)
  a cursed +0 chain mail
(20, -4, D:4)
  a cursed amulet of inaccuracy
(20, -1, D:4)
  a +0 dagger
  a cursed -2 ring mail
  a +0 robe
(20, 1, D:4)
  a +0 dagger
(21, -1, D:4)
  a +0 dagger
(23, 9, D:4)
  a +0 dagger
(23, 10, D:4)
  a +0 scale mail
  a +0 club
  a +0 mace
(24, 9, D:4)
  a +0 leather armour
  a +0 flail
(24, 33, D:4)
  a cursed -1 scale mail
  a +0 flail
(28, 21, D:4)
  a +0 dagger
(29, 21, D:4)
  a +0 club
  a +0 club

Level 5 of the Dungeon
(0, 0, D:5)
  a +0 robe
(2, 15, D:5)
  a +0 robe
  a +0 dagger
  a +0 leather armour
(3, 12, D:5)
  a +0 ring mail
  a +0 flail
(17, -6, D:5)
  a +0 scale mail
(25, 25, D:5)
  a +0 club
(33, 25, D:5)
  a +0 trident

Level 6 of the Dungeon
[Shop] Jeagg's Antique Weapon Shoppe
  a +0 hand axe (75 gold)
  a +0 quarterstaff (100 gold)
  a +0 lajatang (375 gold)
  a +5 morningstar of draining (855 gold)
  a +0 long sword (87 gold)
  a +0 scimitar (100 gold)
  a +0 shortbow (75 gold)
  a +0 quarterstaff (100 gold)
  a +0 falchion (75 gold)
[Shop] Gixkaoq's Weapon Boutique
  a +0 falchion (33 gold)
  a +0 dagger (22 gold)
  a +0 quarterstaff (44 gold)
  a +0 great sword of distortion (200 gold)
  a +0 long sword (38 gold)
  a +4 mace of protection (281 gold)
  a cursed -3 hunting sling (1 gold)
  22 stones (24 gold)
(0, 0, D:6)
  a +0 hunting sling
(1, 31, D:6)
  a +0 club
(8, 1, D:6)
  a +0 plate armour
  a +0 battleaxe
(23, 15, D:6)
  a cursed +0 leather armour
  a +0 club
(26, 11, D:6)
  a +0 ring mail
(30, -6, D:6)
  a -2 ring of strength
  a +0 pair of gloves
(34, 10, D:6)
  a +0 club
(38, 12, D:6)
  a +0 leather armour
  a +0 hand axe
(41, 28, D:6)
  19 stones
  (unseen)
(41, 29, D:6)
  a scroll of teleportation
(54, 17, D:6)
  a +0 giant club

Level 7 of the Dungeon
(0, 0, D:7)
  a +0 short sword of electrocution
  a +0 short sword of freezing
  a +0 short sword
  a +0 hammer
  a +0 short sword of venom
(10, 5, D:7)
  a +0 dagger
(24, -26, D:7)
  a +0 mace
(24, 8, D:7)
  a +0 war axe
(32, -31, D:7)
  a +0 whip
  (unseen)
(34, -15, D:7)
  a +0 ring mail
(37, 15, D:7)
  a +0 robe
  a +0 dagger
(48, 4, D:7)
  a +0 ring mail
(50, 6, D:7)
  a cursed +0 flail

Level 8 of the Dungeon
[Shop] Tubrulo's Gadget Shoppe
  a wand of digging (7) (286 gold)
  a lightning rod (4/4) (520 gold)
  a fan of gales (520 gold)
  a lamp of fire (520 gold)
  a phantom mirror (390 gold)
  a sack of spiders (260 gold)
  a wand of disintegration (16) (260 gold)
  a wand of clouds (4) (312 gold)
  a box of beasts (260 gold)
  a crystal ball of energy (260 gold)
  a phantom mirror (390 gold)
  a wand of polymorph (15) (221 gold)
(0, 0, D:8)
  a +0 shortbow
(11, -21, D:8)
  a cursed +0 robe
(28, -12, D:8)
  a +0 falchion
(28, -7, D:8)
  a +0 chain mail
(37, -13, D:8)
  a +0 leather armour
  a +0 flail
(50, -23, D:8)
  a +0 scale mail

Level 9 of the Dungeon
(0, 0, D:9)
  a +0 ring mail
  a +0 hand axe
(0, 1, D:9)
  a +0 hand axe
(2, -1, D:9)
  a +0 robe
  a +0 dagger
(8, 13, D:9)
  a +0 dagger
(12, 14, D:9)
  a +0 flail
(14, 1, D:9)
  a +0 robe
(21, 8, D:9)
  a +0 scale mail
(22, -25, D:9)
  a +0 shortbow
(25, -26, D:9)
  a +0 flail
(26, -27, D:9)
  a +0 leather armour
  a cursed +0 hand axe
(26, -18, D:9)
  a +0 ring mail
(26, 15, D:9)
  a +0 hand axe
(27, -27, D:9)
  a +0 war axe
  a +0 chain mail
  a +0 club
  a +0 robe
  a +0 dagger
(34, -17, D:9)
  a +0 rapier
(46, -20, D:9)
  a +0 scale mail
(46, -14, D:9)
  a +0 leather armour
(49, -14, D:9)
  a +0 leather armour
  a +0 flail
(51, -15, D:9)
  a +0 dagger
  a +0 robe
  a +0 dagger
(51, -14, D:9)
  a +0 flail

Level 10 of the Dungeon
(0, 0, D:10)
  a +0 hand axe
(17, 15, D:10)
  a +0 war axe
  a +0 robe
(18, 18, D:10)
  a +0 dagger
  a +0 robe
(18, 22, D:10)
  a +0 ring mail
(19, -18, D:10)
  a +0 dagger
(23, 19, D:10)
  a +0 halberd
  a +0 chain mail
(26, 24, D:10)
  a +0 spear
(27, -14, D:10)
  a +0 ring mail
  a cursed -3 war axe
(29, -11, D:10)
  a +0 robe
  a +0 dagger
(29, -9, D:10)
  a +0 mace
(30, 35, D:10)
  a +0 trident
(32, -18, D:10)
  a +0 ring mail
  a +0 dagger
(34, -18, D:10)
  a +0 chain mail
  a +0 robe
  a +0 giant club
(34, 2, D:10)
  a +1 pair of boots
  a +0 scale mail
  a +0 chain mail
  a +1 hat
(35, 2, D:10)
  a +2 flail of holy wrath
  a +0 flail of protection
  a +0 scimitar
  a +3 arbalest of freezing
(37, 1, D:10)
  a scroll of vulnerability
  a scroll of enchant armour
  a scroll of torment
  a scroll of noise
(37, 2, D:10)
  3 scrolls of amnesia
  an uncursed staff of conjuration
  an uncursed ring of ice
(37, 3, D:10)
  a scroll of random uselessness
(42, 29, D:10)
  a +0 chain mail
(47, 24, D:10)
  a +0 club
  a +0 chain mail
  a cursed -3 hand axe
(50, -21, D:10)
  a +0 dagger
(55, 0, D:10)
  a cursed +0 plate armour
  a +0 dire flail
(60, -3, D:10)
  a +0 ring mail
  a +0 short sword

the Ecumenical Temple

Level 1 of the Lair of Beasts
(14, -15, Lair:1)
  a +0 spear
(17, -34, Lair:1)
  a +0 quarterstaff
(30, -32, Lair:1)
  4 large rocks
(32, -12, Lair:1)
  a +0 scimitar

Level 2 of the Lair of Beasts
(0, 0, Lair:2)
  a +0 leather armour
(15, 13, Lair:2)
  a +0 hunting sling
(28, -19, Lair:2)
  a +0 trident
(38, -12, Lair:2)
  a cursed staff of wizardry
(41, 14, Lair:2)
  a +0 robe

Level 3 of the Lair of Beasts
(0, 0, Lair:3)
  a tomahawk
(2, 0, Lair:3)
  a bolt
(2, 1, Lair:3)
  a bolt
(3, -5, Lair:3)
  a bolt
(3, 21, Lair:3)
  a bolt
(4, 19, Lair:3)
  a bolt
(4, 20, Lair:3)
  a bolt
(4, 21, Lair:3)
  a bolt
  (unseen)
(4, 22, Lair:3)
  a bolt
(5, -8, Lair:3)
  a +0 leather armour
(5, 5, Lair:3)
  a ration
(5, 24, Lair:3)
  a ration
(7, -9, Lair:3)
  a yak skeleton
  a yak skeleton
(7, 14, Lair:3)
  a yak skeleton
(8, -8, Lair:3)
  a water moccasin corpse
(8, 21, Lair:3)
  a ration
(10, 6, Lair:3)
  a +0 whip
(39, 10, Lair:3)
  a scroll of teleportation
(46, 24, Lair:3)
  20 bolts
(58, -8, Lair:3)
  a water moccasin corpse (skeletalised by now)
(60, 25, Lair:3)
  20 bolts
(63, 29, Lair:3)
  a potion of mutation

