Igacwiow

Level 1 of the Dungeon
(14, 5, D:1)
  a +0 robe
(24, -21, D:1)
  a +0 club
(30, 1, D:1)
  a cursed +0 club
(46, 9, D:1)
  a +0 dagger

Level 2 of the Dungeon
(0, 0, D:2)
  a +0 scale mail
(10, -6, D:2)
  a +0 ring mail
(13, -25, D:2)
  a +0 robe
(14, 5, D:2)
  a +0 club
(21, 3, D:2)
  a +0 club
(24, -24, D:2)
  a +0 club
(24, 15, D:2)
  a +0 club
(25, -13, D:2)
  a +0 dagger
(25, 11, D:2)
  a +0 club
(26, 8, D:2)
  a +0 club
(26, 14, D:2)
  a +0 halberd
(41, 13, D:2)
  a +0 ring mail
(54, -1, D:2)
  a +0 scale mail

Level 3 of the Dungeon
(0, 0, D:3)
  a +0 chain mail
(3, -5, D:3)
  a +0 chain mail
(6, -6, D:3)
  a +0 dagger
(7, 9, D:3)
  a +0 club
(13, -9, D:3)
  a +0 robe
(21, 3, D:3)
  a +0 mace
(23, -15, D:3)
  a +0 dagger
  a cursed +0 robe
(23, -2, D:3)
  a +0 scale mail
(24, 0, D:3)
  a +0 dagger
(29, -20, D:3)
  a +0 mace
(31, -20, D:3)
  a +0 robe
  a +0 dagger
  a +0 mace
(32, 25, D:3)
  a +0 ring mail
  the human skeleton of Edmund

Level 4 of the Dungeon
(0, 0, D:4)
  a ration
(1, 5, D:4)
  a scroll of enchant weapon
(4, -3, D:4)
  a +0 plate armour
(5, -14, D:4)
  25 arrows
(5, 0, D:4)
  a +0 mace
(6, -13, D:4)
  a javelin
(6, 0, D:4)
  a tomahawk
(7, 0, D:4)
  a tomahawk
(8, -17, D:4)
  10 stones
(8, -13, D:4)
  a javelin
(9, 1, D:4)
  a tomahawk
(12, -4, D:4)
  a +0 scale mail
(13, -6, D:4)
  12 gold pieces

Level 7 of the Dungeon
(0, 0, D:7)
  a potion of resistance
(1, 15, D:7)
  a ration
(2, 10, D:7)
  a book of Geomancy
(7, 16, D:7)
  a scroll of enchant armour
(9, 16, D:7)
  18 stones

