Naamusm Fiof

Level 1 of the Dungeon
(0, 0, D:1)
  a +0 dagger
(2, -13, D:1)
  a cursed -3 dagger
(10, -13, D:1)
  a +0 club
(17, -30, D:1)
  a +0 dagger
(24, -7, D:1)
  a +0 whip
(41, -14, D:1)
  a +0 club

Level 2 of the Dungeon
(0, 0, D:2)
  a +0 club
(2, -12, D:2)
  a +0 club
(2, -2, D:2)
  a +0 dagger
(5, -22, D:2)
  a +0 club
(5, 3, D:2)
  a +0 animal skin
(9, 3, D:2)
  a +0 robe
(10, 3, D:2)
  a cursed -1 club
(18, -23, D:2)
  a +0 club
(18, -13, D:2)
  a +0 club
  a cursed -1 club
(21, -28, D:2)
  a +0 hand axe
(32, -35, D:2)
  a +0 club
(32, -16, D:2)
  a +0 ring mail
(49, -34, D:2)
  a +0 dagger
(54, -35, D:2)
  a +0 whip

Level 3 of the Dungeon
(0, 0, D:3)
  a +0 dagger
(7, 25, D:3)
  a +0 chain mail
(9, 19, D:3)
  a +0 mace
(11, 6, D:3)
  a +0 club
(14, 37, D:3)
  a +0 short sword
(23, 11, D:3)
  a +0 club
(31, 12, D:3)
  a +0 hand axe
(36, 36, D:3)
  a +0 dagger
(36, 37, D:3)
  a +0 mace
(47, 13, D:3)
  a +0 mace
  a +0 ring mail
  a +0 chain mail
  a +0 short sword

Level 4 of the Dungeon
[Shop] Isukhlie's Assorted Antiques
  a +0 long sword (66 gold)
  a +0 hunting sling (28 gold)
  a +0 ring mail (76 gold)
  a +2 ring mail of fire resistance (399 gold)
(0, 0, D:4)
  a +0 mace
(1, 4, D:4)
  a +0 spear
(5, -16, D:4)
  a +0 giant club
(34, 11, D:4)
  a +0 chain mail
(35, 9, D:4)
  a +0 flail
(44, -15, D:4)
  a +0 dagger
(55, 20, D:4)
  a +0 hand axe

Level 5 of the Dungeon
(0, 0, D:5)
  a +0 hand axe
(2, 0, D:5)
  a +0 club
(4, -1, D:5)
  a +0 hand axe
(12, 11, D:5)
  a potion of degeneration
(28, 12, D:5)
  a +2 robe of positive energy
(28, 15, D:5)
  a +0 robe
(29, -7, D:5)
  a +0 falchion
(29, 25, D:5)
  a +0 ring mail
(36, 5, D:5)
  a +0 scale mail
(37, 5, D:5)
  a +0 leather armour
(44, 32, D:5)
  a +0 quarterstaff
(45, 14, D:5)
  a +0 flail
(45, 36, D:5)
  3 large rocks

Level 6 of the Dungeon
(0, 0, D:6)
  a +1 ring of evasion
  a +1 ring of evasion
(7, 3, D:6)
  a +0 war axe
(8, 3, D:6)
  a +0 robe
  a +0 dagger
(13, 2, D:6)
  a +0 robe
  a +0 dagger
(14, -9, D:6)
  a +0 war axe
(21, -17, D:6)
  a cursed -1 dagger
  a +0 robe
(22, -19, D:6)
  a +0 mace of draining
(22, -17, D:6)
  a +0 short sword
  a +0 mace
  a +0 scale mail
(23, -17, D:6)
  a +0 hand axe

Level 7 of the Dungeon
[Shop] Joataxzo's Assorted Antiques
  a potion of lignification (90 gold)
  an uncursed staff of death (750 gold)
  the +8 short sword of Terupp {drain, rPois rF- Str+5} (1803 gold)
    A truly terrible weapon, it drains the life of those it strikes.
    
    It affects your strength (+5).
    It makes you vulnerable to fire.
    It protects you from poison.
  a cursed -3 falchion (3 gold)
  a potion of lignification (90 gold)
  a book of Minor Magic (600 gold)
  a scroll of noise (30 gold)
  a +0 dagger (60 gold)
(0, 0, D:7)
  a +0 flail
(15, -21, D:7)
  a +0 cloak
(16, -21, D:7)
  a +0 mace of crushing
  a +0 trident
(17, -21, D:7)
  a +0 quarterstaff
(20, -20, D:7)
  a +0 ring mail
  (unseen)
(21, -22, D:7)
  a +0 scale mail
  a +0 club
(23, -12, D:7)
  a +0 robe
(30, -31, D:7)
  a +0 shortbow
(34, -22, D:7)
  a +0 club

Level 8 of the Dungeon
(0, 0, D:8)
  a +0 flail
(2, 18, D:8)
  a +0 falchion
(5, -12, D:8)
  a +0 mace
(7, -15, D:8)
  a +0 hand axe
(7, -13, D:8)
  a +0 club
(9, -18, D:8)
  a +0 helmet
(11, -6, D:8)
  a +0 shortbow
(11, -5, D:8)
  a +0 short sword
(13, -4, D:8)
  a +0 club
  a +0 short sword
(14, -6, D:8)
  a +0 club
(15, 1, D:8)
  a +0 short sword
(16, -6, D:8)
  a +0 trident
  a +0 robe
(16, 2, D:8)
  a +0 robe
  a cursed -2 dagger
(17, 8, D:8)
  a +0 robe
  a +0 dagger
(20, -7, D:8)
  a +0 dagger
(21, -9, D:8)
  a +0 ring mail
(23, 9, D:8)
  a +0 mace
(25, 6, D:8)
  a +0 robe
(35, -4, D:8)
  a +0 dagger
(45, -20, D:8)
  a +0 hand axe
(46, -20, D:8)
  a +0 robe
  a cursed -1 dagger
(46, -19, D:8)
  a +0 leather armour
  a +0 falchion
(47, -19, D:8)
  a +0 dagger
(48, -22, D:8)
  a +0 pair of gloves
(49, 4, D:8)
  a cursed -3 shortbow

Level 9 of the Dungeon
(0, 0, D:9)
  a +0 chain mail of fire resistance
(1, 0, D:9)
  47 sling bullets
  37 bolts
  56 poisoned needles
  5 javelins of returning
  a +0 broad axe
  a +0 hand crossbow
  a +1 short sword of speed
  a +0 dagger of speed
  a +4 dagger
  a +0 halberd
  a +0 trident of piercing
  a +1 scythe of venom
  a +2 long sword of slicing
(1, 13, D:9)
  a +0 short sword
  2 potions of degeneration
(3, -1, D:9)
  a potion of magic
  a scroll of torment
  a scroll of identify
(3, 0, D:9)
  a potion of mutation
  an uncursed ring of see invisible
  3 scrolls of amnesia
(6, 14, D:9)
  a +0 dagger
  a cursed -3 shortbow
(8, 9, D:9)
  a +0 whip
(9, 14, D:9)
  a +0 spear
(13, 12, D:9)
  a +0 shortbow
(13, 13, D:9)
  a cursed +0 helmet
(16, 16, D:9)
  a +0 ring mail
(16, 22, D:9)
  a +0 cloak
(19, 12, D:9)
  a +0 whip
(19, 23, D:9)
  a +0 leather armour
(22, 34, D:9)
  a +0 shortbow
(26, 9, D:9)
  a +0 ring mail
  a +0 club
(30, 4, D:9)
  a +0 giant club
  (unseen)
(40, 26, D:9)
  a +0 trident

Level 10 of the Dungeon
(0, 0, D:10)
  a +0 ring mail
  a +0 short sword
(4, -7, D:10)
  a +0 leather armour
(5, -6, D:10)
  a +0 robe
  a +0 battleaxe
(8, -12, D:10)
  a +0 mace
  a +0 whip
(8, -6, D:10)
  a +0 robe
(8, -4, D:10)
  a +0 leather armour
  a +0 short sword
(9, -15, D:10)
  a cursed +0 robe
  a +0 dagger
(12, -6, D:10)
  a +0 robe
  a +0 long sword
(14, -14, D:10)
  a +0 dagger
(20, -28, D:10)
  a +0 flail
(20, -7, D:10)
  a +0 robe
  a +0 dagger
(23, -37, D:10)
  a +0 cloak
(25, -27, D:10)
  a +0 mace
(26, -27, D:10)
  a +0 whip
(27, -25, D:10)
  a +0 short sword
  a +0 chain mail
  a +0 short sword
(28, -52, D:10)
  a +0 scale mail
(35, -6, D:10)
  a +0 ring mail
(43, -45, D:10)
  a +0 flail
(52, -16, D:10)
  a +0 robe
(56, -36, D:10)
  a +0 leather armour
  a +0 war axe
(58, -49, D:10)
  a +0 flail

Level 11 of the Dungeon
(0, 0, D:11)
  a +0 ring mail
(1, -2, D:11)
  a +0 scale mail
(3, -2, D:11)
  a +0 whip
(9, 1, D:11)
  a +0 chain mail
  a +0 mace
(25, -18, D:11)
  an arrow
(26, -19, D:11)
  an arrow
(28, -20, D:11)
  an arrow
(34, -3, D:11)
  14 gold pieces
(58, -7, D:11)
  16 gold pieces

the Ecumenical Temple
(25, -24, Temple)
  a cursed -3 dagger

