Tanevvit

Level 5 of the Pits of Slime
(0, 0, Slime:5)
  a javelin
(5, -4, Slime:5)
  a +0 helmet
(5, -3, Slime:5)
  a +0 chain mail
(5, 4, Slime:5)
  16 gold pieces
(5, 5, Slime:5)
  a +0 rapier
(6, -5, Slime:5)
  45 gold pieces
(6, -4, Slime:5)
  a +4 long sword of freezing
(6, -3, Slime:5)
  a scroll of vulnerability
(6, -2, Slime:5)
  34 gold pieces
(6, 3, Slime:5)
  57 gold pieces
(6, 4, Slime:5)
  26 stones
(6, 5, Slime:5)
  the cursed +1 chain mail "Caxtannu" {rPois rCorr MP-9 Dex+5}
    It affects your dexterity (+5).
    It protects you from poison.
    It affects your magic capacity (-9).
    It provides partial protection from all sources of acid and corrosion.
    It has a curse placed upon it.
(6, 6, Slime:5)
  22 gold pieces
(7, -6, Slime:5)
  51 gold pieces
(7, -5, Slime:5)
  an uncursed ring of protection from fire
(7, -4, Slime:5)
  a +2 ring of strength
(7, -3, Slime:5)
  a manual of Fighting
(7, -2, Slime:5)
  a book of Beasts
(7, 3, Slime:5)
  22 bolts
(7, 4, Slime:5)
  the Catalogue of Destructive Talismans
    Spells                           Type                      Level
     a - Throw Flame                  Conjuration/Fire              2
     b - Spectral Weapon              Hexes/Charms                  3
     c - Throw Icicle                 Conjuration/Ice               4
     d - Iskenderun's Battlesphere    Conjuration/Charms            5
     e - Bolt of Cold                 Conjuration/Ice               6
(7, 5, Slime:5)
  a scroll of remove curse
(7, 6, Slime:5)
  a +2 plate armour of cold resistance
(7, 7, Slime:5)
  a scroll of identify
(8, -7, Slime:5)
  a +0 plate armour
(8, -6, Slime:5)
  2 potions of berserk rage
(8, -5, Slime:5)
  16 gold pieces
(8, -4, Slime:5)
  a fan of gales
(8, -3, Slime:5)
  a scroll of magic mapping
(8, 4, Slime:5)
  a ration
(8, 5, Slime:5)
  the +1 scale mail of the Tundras {rN+ MR+}
    It protects you from negative energy.
    It affects your resistance to hostile enchantments.
(8, 6, Slime:5)
  20 gold pieces
(8, 7, Slime:5)
  a potion of lignification
(8, 8, Slime:5)
  a ration
(9, -6, Slime:5)
  a +0 scale mail
(9, -4, Slime:5)
  26 stones
(9, -2, Slime:5)
  a +1 pair of boots of stealth
(9, 3, Slime:5)
  the +8 lance "Wyrmbane" {slay drac, rPois rF+ rC+ AC+3}
    It affects your AC (+3).
    It protects you from fire.
    It protects you from cold.
    It protects you from poison.
(9, 5, Slime:5)
  a scroll of identify
(9, 7, Slime:5)
  a potion of agility
(14, -6, Slime:5)
  a potion of agility
(14, -4, Slime:5)
  a +0 plate armour
(14, -2, Slime:5)
  the +7 morningstar "Latuxak" {crush, +Fly rN+++ Int+2 Dex-4}
    It inflicts extra damage upon your enemies.
    
    It affects your intelligence (+2).
    It affects your dexterity (-4).
    It renders you almost immune to negative energy.
    It lets you fly.
(14, 3, Slime:5)
  a book of Minor Magic
(14, 5, Slime:5)
  22 stones
(14, 7, Slime:5)
  a scroll of magic mapping
(15, -7, Slime:5)
  15 gold pieces
(15, -6, Slime:5)
  24 bolts
(15, -5, Slime:5)
  a cursed +0 short sword
(15, -4, Slime:5)
  an uncursed staff of power
(15, -3, Slime:5)
  a +0 scale mail
(15, 4, Slime:5)
  a scroll of fear
(15, 5, Slime:5)
  a +5 demon blade of venom
(15, 6, Slime:5)
  an uncursed ring of see invisible
(15, 7, Slime:5)
  31 gold pieces
(15, 8, Slime:5)
  a scroll of identify
(16, -6, Slime:5)
  a +0 plate armour
(16, -5, Slime:5)
  a +1 spear of venom
(16, -4, Slime:5)
  a slimy rune of Zot
(16, -3, Slime:5)
  a +1 flail of protection
(16, -2, Slime:5)
  2 potions of agility
(16, 3, Slime:5)
  a scroll of identify
(16, 4, Slime:5)
  a +1 battleaxe of chopping
(16, 5, Slime:5)
  a crystal ball of energy
(16, 6, Slime:5)
  a +1 longbow of velocity
(16, 7, Slime:5)
  a scroll of fog
(17, -5, Slime:5)
  a +0 buckler
(17, -4, Slime:5)
  a +2 ring of protection
(17, -3, Slime:5)
  2 potions of mutation
(17, -2, Slime:5)
  a ration
(17, 3, Slime:5)
  a scroll of identify
(17, 4, Slime:5)
  a potion of invisibility
(17, 5, Slime:5)
  a box of beasts
(17, 6, Slime:5)
  25 arrows
(18, -4, Slime:5)
  32 gold pieces
(18, -3, Slime:5)
  49 gold pieces
(18, 4, Slime:5)
  a +0 club
(18, 5, Slime:5)
  a +0 helmet
(23, -1, Slime:5)
  a javelin
(25, 0, Slime:5)
  a javelin

