Kyrov

Level 1 of the Dungeon
(0, 0, D:1)
  a +0 dagger
(11, -30, D:1)
  a +0 club
(18, 0, D:1)
  a +0 club
(30, -30, D:1)
  a +0 dagger
(35, -11, D:1)
  a +0 club
(35, 17, D:1)
  a cursed +0 whip
(42, -13, D:1)
  a +0 dagger

Level 2 of the Dungeon
(0, 0, D:2)
  a +0 club
(8, -14, D:2)
  a +0 leather armour
(19, 7, D:2)
  a +0 dagger
(27, 6, D:2)
  a +0 short sword
(29, 15, D:2)
  a +0 whip
(30, -7, D:2)
  a +0 whip
(31, -19, D:2)
  a +0 dagger
(33, -11, D:2)
  a +0 flail
(37, -28, D:2)
  a +0 spear
(39, -29, D:2)
  a +0 short sword
(47, 6, D:2)
  a +0 mace
(51, -4, D:2)
  a +0 animal skin
  a +0 buckler
(57, -11, D:2)
  a +0 club

Level 3 of the Dungeon
(0, 0, D:3)
  a potion of invisibility
(2, -12, D:3)
  a +0 leather armour
  a +0 chain mail
  a +0 short sword
  a +0 mace
(2, 0, D:3)
  a ration
(8, -1, D:3)
  a +0 mace
  a +0 robe
(10, -11, D:3)
  a +0 club
(12, 17, D:3)
  a +0 robe
  a +0 dagger
(13, 17, D:3)
  a +0 ring mail
  a +0 club
  a +0 flail
  a +0 scale mail
(16, -8, D:3)
  a +0 ring mail
(16, 15, D:3)
  a +0 hand axe
(16, 16, D:3)
  a +0 flail
(18, 16, D:3)
  2 potions of degeneration
(20, 5, D:3)
  a +0 mace
(21, -8, D:3)
  a +0 dagger
  a +0 robe
(23, -8, D:3)
  a +0 leather armour
  a +0 short sword
(24, -8, D:3)
  a +0 leather armour
  a +0 club
(37, -2, D:3)
  a +0 leather armour
  a +0 hand axe

Level 4 of the Dungeon
(0, 0, D:4)
  a cursed +0 leather armour
(2, -9, D:4)
  a +0 flail
(12, -4, D:4)
  a +0 giant spiked club
(16, -2, D:4)
  a +0 hunting sling
(25, 9, D:4)
  a +0 leather armour
(27, -29, D:4)
  a +0 giant club
(27, 10, D:4)
  a +0 scale mail
(40, -10, D:4)
  a +0 club
  a cursed -3 giant club
  a +0 dagger
(40, -9, D:4)
  a cursed -1 hunting sling
(41, -11, D:4)
  a +0 club
  a +0 club

Level 5 of the Dungeon
(0, 0, D:5)
  a +0 rapier
  a +2 leather armour of fire resistance
(49, 14, D:5)
  a +0 robe
(51, 3, D:5)
  a +0 robe
  a +0 dagger
(53, 4, D:5)
  a +0 flail

Level 6 of the Dungeon
(0, 0, D:6)
  a +0 flail
(0, 1, D:6)
  a cursed -1 spear
(1, 3, D:6)
  a +0 robe
(7, 16, D:6)
  a +0 scale mail
(17, -23, D:6)
  a +0 club
(20, 15, D:6)
  a +0 robe
(23, 22, D:6)
  a +0 chain mail

Level 7 of the Dungeon
(0, 0, D:7)
  a +0 chain mail
(13, 19, D:7)
  a +0 flail
(13, 21, D:7)
  a +0 club
(13, 24, D:7)
  a +0 leather armour
(14, 25, D:7)
  a +0 dagger
  a cursed +0 ring mail
(19, -3, D:7)
  a +0 robe
(19, 2, D:7)
  a +0 trident
  a +0 ring mail
(20, 1, D:7)
  a +0 hunting sling
(20, 8, D:7)
  a +0 leather armour
  a +0 hand axe
(21, 8, D:7)
  a +0 leather armour
  a +0 mace
  a +0 halberd
(21, 9, D:7)
  a +0 spear
(22, 8, D:7)
  a +0 club
(33, 13, D:7)
  a cursed +0 scale mail
  a cursed +0 dagger
(33, 15, D:7)
  a +0 scale mail
  a cursed -3 club
(37, 14, D:7)
  a +0 giant club
(41, 6, D:7)
  a +0 leather armour

Level 8 of the Dungeon
(5, -5, D:8)
  a +0 club
(9, -36, D:8)
  a +0 hand axe
(9, -3, D:8)
  a +0 whip
(10, -41, D:8)
  a +0 shortbow
(10, -4, D:8)
  a +0 dagger
  a cursed +0 robe
(16, -11, D:8)
  a +0 short sword
  a +0 chain mail
(17, -11, D:8)
  a +0 dagger
  a +0 leather armour
(24, -29, D:8)
  a +0 giant club
(27, -18, D:8)
  a +0 dagger
  a +0 robe
(28, -16, D:8)
  a +0 flail
  a +0 chain mail
(29, -13, D:8)
  a +0 leather armour
  a +0 mace
  a +0 dagger
  a +0 robe
(40, -7, D:8)
  a +0 whip
(42, -25, D:8)
  a +1 chain mail of poison resistance
(42, -24, D:8)
  a +0 troll leather armour
(43, -25, D:8)
  a +0 hand crossbow of flaming
  61 sling bullets
  a +0 dagger of distortion
  a +0 whip of flaming
  72 bolts
  3 poisoned tomahawks
  a +2 mace of protection
  a +0 trident
(44, -25, D:8)
  a +0 halberd
(45, -25, D:8)
  a potion of berserk rage
  a cursed ring of teleportation
  an uncursed ring of teleportation
  an uncursed amulet of magic regeneration
  an uncursed ring of magical power
  a potion of brilliance
  a scroll of amnesia
  an uncursed ring of magical power

Level 9 of the Dungeon
(0, 0, D:9)
  a +0 scale mail
  a +0 flail
  a +0 leather armour
  a +0 whip
(0, 1, D:9)
  a +0 robe
  a +0 dagger
  a +0 flail
(1, 0, D:9)
  a +0 robe
  a +0 dagger
(1, 2, D:9)
  a +4 ring mail
  a +0 flail
(2, 0, D:9)
  a +0 troll leather armour
(5, 3, D:9)
  a +0 chain mail
(7, 3, D:9)
  a +0 battleaxe
  a +0 plate armour
  a +0 scale mail
  a +0 club
(8, 2, D:9)
  a +0 dagger
(8, 31, D:9)
  a +0 whip
(9, 2, D:9)
  a cursed -2 glaive
  a +0 plate armour
  a +0 scale mail
  a cursed -1 hand axe
  a cursed +0 plate armour
  a +0 long sword
(10, 2, D:9)
  a cursed +0 mace
  a +0 chain mail
(12, 9, D:9)
  a +0 chain mail
  a +0 hand axe
(12, 31, D:9)
  a cursed +0 flail
(14, 1, D:9)
  a +0 ring mail
  a +0 falchion
(15, 4, D:9)
  a +0 trident
(16, 6, D:9)
  a +0 war axe
(17, 5, D:9)
  a +0 ring mail
(18, 10, D:9)
  a +0 dagger
(19, 6, D:9)
  a +0 dagger
(20, 5, D:9)
  a +0 club
(21, 4, D:9)
  a cursed -2 mace
  a +0 scale mail
(21, 6, D:9)
  a +0 whip
(37, 18, D:9)
  a +0 giant club
(37, 33, D:9)
  a +0 dagger
  a +0 cloak
(41, 1, D:9)
  a +0 robe

the Ecumenical Temple

Level 1 of the Lair of Beasts
(0, 0, Lair:1)
  a +0 ring mail
(9, -2, Lair:1)
  a +0 trident
(9, 21, Lair:1)
  a +0 spear
(11, -2, Lair:1)
  an uncursed amulet of magic regeneration
(27, 25, Lair:1)
  a +0 flail
(33, -3, Lair:1)
  a +0 falchion

Level 2 of the Lair of Beasts
(3, 24, Lair:2)
  a +0 robe
(6, -4, Lair:2)
  a potion of degeneration
(10, -4, Lair:2)
  a +0 pair of boots
(11, -26, Lair:2)
  a +0 spear

Level 3 of the Lair of Beasts
(0, 0, Lair:3)
  a +3 ring of dexterity
(14, -7, Lair:3)
  a +0 ring mail

