Giops

Level 1 of the Dungeon
(0, 0, D:1)
  a +0 club
(9, 15, D:1)
  a +0 short sword
(14, 17, D:1)
  a +0 club
(31, -2, D:1)
  a +0 dagger
(44, 26, D:1)
  a +0 club
(66, 0, D:1)
  a +0 ring mail

Level 2 of the Dungeon
(0, 0, D:2)
  a potion of degeneration
(8, 15, D:2)
  a +0 club
(12, 18, D:2)
  a +0 leather armour
(17, 19, D:2)
  a +0 quarterstaff
(30, 25, D:2)
  a +0 whip
  a +0 dagger
(32, 23, D:2)
  a cursed -2 club
(34, -5, D:2)
  a cursed -1 club
(35, 18, D:2)
  a +0 club
(35, 19, D:2)
  a +0 whip
(36, 19, D:2)
  a +0 club
(37, 22, D:2)
  a cursed -2 dagger
(41, 14, D:2)
  a +0 club

Level 3 of the Dungeon
(0, 0, D:3)
  a +0 dagger
(0, 12, D:3)
  a +0 short sword
(0, 16, D:3)
  a +0 whip
(1, 1, D:3)
  a +0 short sword
(10, 3, D:3)
  a +0 short sword
(11, 3, D:3)
  a kobold corpse (skeletalised by now)
(23, 26, D:3)
  7 gold pieces
(25, 25, D:3)
  a +0 scythe
  (unseen)
(31, 30, D:3)
  a sling bullet
(31, 32, D:3)
  19 sling bullets
(32, 31, D:3)
  a sling bullet
(32, 34, D:3)
  a sling bullet
(32, 35, D:3)
  a sling bullet
(40, 31, D:3)
  the felid skeleton of Natasha

