Hyidwuc

Level 1 of the Dungeon
(0, 0, D:1)
  a ration
(0, 12, D:1)
  2 potions of degeneration
(1, -17, D:1)
  a ration
(4, -20, D:1)
  a ration
(14, -49, D:1)
  a +0 club
(18, 9, D:1)
  a potion of berserk rage
(21, -9, D:1)
  a +0 short sword
(27, -2, D:1)
  a +0 hat
(33, -44, D:1)
  a +0 short sword
(41, -36, D:1)
  a +0 short sword
(45, -13, D:1)
  a +0 club
(47, -45, D:1)
  a +0 club

Level 2 of the Dungeon
(9, 5, D:2)
  a +0 robe
(12, -11, D:2)
  a potion of mutation
(12, -10, D:2)
  a +0 dagger
(19, -9, D:2)
  a +0 dagger
(20, 30, D:2)
  a cursed -1 club
(26, -12, D:2)
  a potion of berserk rage
(29, 29, D:2)
  a +0 club
(31, 30, D:2)
  a +0 club
(35, 20, D:2)
  a +0 dagger
(38, 27, D:2)
  a +0 club
  a +0 whip
(38, 28, D:2)
  a +0 mace
(40, 0, D:2)
  a +0 club
(40, 8, D:2)
  a potion of heal wounds
(40, 28, D:2)
  a +0 flail
(43, 2, D:2)
  a +0 club
(46, -15, D:2)
  a +0 falchion
(47, -11, D:2)
  a +0 club
(48, -1, D:2)
  a +0 spear
(48, 6, D:2)
  a +0 dagger
(51, 10, D:2)
  a +0 ring mail
(52, 12, D:2)
  a +0 pair of boots

Level 3 of the Dungeon
(0, 0, D:3)
  a +0 dagger
(0, 8, D:3)
  a ration
(6, 6, D:3)
  a +0 spear
  a +0 flail
  a +0 animal skin
  a +0 helmet
(7, 5, D:3)
  a +0 club
(14, 5, D:3)
  a +0 leather armour
(15, 1, D:3)
  a frilled lizard corpse (skeletalised by now)
(16, -4, D:3)
  a +0 robe
(21, 4, D:3)
  a +0 ring mail
(22, 35, D:3)
  a +0 scale mail
(25, 27, D:3)
  a ration
(28, 25, D:3)
  a +0 club
(29, 25, D:3)
  a +0 club
(33, -4, D:3)
  a ration
(36, 14, D:3)
  a ration
(39, 32, D:3)
  a +0 spear
(39, 33, D:3)
  a +0 club
(39, 34, D:3)
  a +0 club
  a +0 dagger
(43, 16, D:3)
  a ration
(47, 5, D:3)
  a +0 dagger
(51, 21, D:3)
  a +0 long sword
(52, 22, D:3)
  a +0 hand axe
(53, 14, D:3)
  a ration
(59, 9, D:3)
  a ration

Level 4 of the Dungeon
(0, 0, D:4)
  a quokka corpse (skeletalised by now)
(2, 0, D:4)
  a +0 ring mail
  a +0 club
(22, 10, D:4)
  a potion of curing
(23, 8, D:4)
  6 gold pieces
(23, 11, D:4)
  a stone
(27, 11, D:4)
  a stone
  (unseen)
(28, 11, D:4)
  a stone

the Ecumenical Temple

