Moske

Level 1 of the Dungeon
(0, 0, D:1)
  a +0 club
(6, 31, D:1)
  a +0 club
(7, 11, D:1)
  a +0 club
(15, 27, D:1)
  a +0 dagger
(37, 13, D:1)
  a +0 dagger
(41, -9, D:1)
  a +0 club
(42, -6, D:1)
  a +0 club

Level 2 of the Dungeon
(0, 0, D:2)
  a +0 club
(4, 44, D:2)
  a plate armour
(8, 28, D:2)
  a +0 spear
(9, 41, D:2)
  a +0 club
(10, 11, D:2)
  a +0 whip
(19, 34, D:2)
  a +0 hunting sling
(51, 13, D:2)
  a robe

Level 3 of the Dungeon
(0, 0, D:3)
  a cursed -1 club
(9, -5, D:3)
  a +0 dagger
(11, 8, D:3)
  a +0 dagger
(13, 50, D:3)
  a +0 mace
(17, 41, D:3)
  a +0 dagger
(26, 42, D:3)
  a +0 short sword
(35, 14, D:3)
  a +0 whip

Level 4 of the Dungeon
(0, 0, D:4)
  a +0 giant club
(3, -6, D:4)
  a +0 giant club
(28, -24, D:4)
  a +0 robe
  a +0 dagger
(49, -25, D:4)
  a +0 flail
(50, -7, D:4)
  a +0 spear
(50, -6, D:4)
  a +0 club

Level 5 of the Dungeon
(0, 0, D:5)
  a cursed +0 robe
  a +0 dagger
(1, 11, D:5)
  a robe
(2, 13, D:5)
  a ring mail
(10, 0, D:5)
  a +0 giant spiked club

Level 6 of the Dungeon
[Shop] Davim's Assorted Antiques
  warped acid dragon scales (1080 gold)
  2 scrolls of blinking (360 gold)
  a glowing dire flail (168 gold)
  a staff of cold (600 gold)
  2 potions of brilliance (192 gold)
  a club (24 gold)
(12, -53, D:6)
  a club
(22, -10, D:6)
  a +0 scale mail
  a +0 club
(23, -34, D:6)
  a +0 robe
  a +0 ring mail
  a leather armour
(35, -10, D:6)
  a +0 club
  a +0 hand axe
  a +0 dagger
  a cursed +0 robe
  a +0 club
  a +0 leather armour
  a +0 dire flail of protection
  a +0 plate armour
(42, -47, D:6)
  a +0 plate armour
(49, -24, D:6)
  a falchion
(50, -45, D:6)
  a +0 hand axe
(52, -18, D:6)
  a +0 short sword
(56, -20, D:6)
  a mace
(58, -12, D:6)
  a potion of degeneration
(58, -11, D:6)
  a potion of haste

Level 7 of the Dungeon
(0, 0, D:7)
  a +0 shortbow
(4, 22, D:7)
  a dagger
(5, 14, D:7)
  a +0 club
(7, 7, D:7)
  a +0 robe
  a +0 dagger
  a +0 robe
  a +0 dagger
(8, 12, D:7)
  a dagger
(9, 6, D:7)
  a +0 chain mail
(11, 9, D:7)
  a +0 robe
(12, 9, D:7)
  a +0 chain mail
  a +0 dire flail
(23, -1, D:7)
  a mace
(24, 2, D:7)
  a +0 dagger of flaming
(31, 14, D:7)
  a +0 club
(32, 17, D:7)
  a +0 ring mail
  a +0 whip
  a +0 war axe
(33, 9, D:7)
  a +0 short sword
(39, 15, D:7)
  a whip
  a robe
(54, -5, D:7)
  a leather armour

Level 8 of the Dungeon
(0, 0, D:8)
  a robe
(4, -13, D:8)
  a ring mail
(7, -14, D:8)
  a quarterstaff
(14, 26, D:8)
  a mace
(23, 11, D:8)
  a +2 chain mail of cold resistance
(24, 10, D:8)
  a glowing flail
(24, 11, D:8)
  17 sling bullets
  70 bolts
  a +0 dagger of venom
  a +2 dagger of speed
(26, 11, D:8)
  2 scrolls of noise
  a wand of digging (4)
  an uncursed staff of earth
  3 scrolls of amnesia
  an uncursed ring of protection from cold
  an uncursed ring of teleportation
  2 scrolls of identify
(28, 1, D:8)
  a +0 dagger
(29, -4, D:8)
  a +0 short sword
(29, -1, D:8)
  a +0 dagger
(32, -11, D:8)
  a +0 chain mail
  a +0 glaive
(33, -10, D:8)
  a +0 robe
  a +0 dagger
(36, -15, D:8)
  a +0 club

Level 9 of the Dungeon
(0, 0, D:9)
  a +0 robe
  a +0 dagger
(1, -4, D:9)
  a +0 chain mail
  a +0 flail
  a cursed +0 robe
  a +0 dagger
(1, 2, D:9)
  a +0 plate armour
  a +0 dire flail
(1, 3, D:9)
  a +0 dagger
(2, -4, D:9)
  a +0 short sword
(2, -2, D:9)
  a +0 leather armour
(5, 4, D:9)
  a +0 ring mail
(6, 3, D:9)
  a cursed +0 leather armour
  a cursed -1 short sword
(8, 4, D:9)
  a ring mail
(8, 21, D:9)
  a +0 scale mail
  a +0 whip
(10, 22, D:9)
  a +0 hand axe
(10, 29, D:9)
  a leather armour
(11, 6, D:9)
  a cursed -2 hand axe
(11, 22, D:9)
  a +0 mace of crushing
(12, 22, D:9)
  a +0 ring mail
  a +0 hand axe
(14, 22, D:9)
  a +0 scale mail
(20, 2, D:9)
  a +0 robe
  a +0 chain mail
  a +0 halberd
(25, 3, D:9)
  a +0 giant club
  a +0 giant spiked club

Level 10 of the Dungeon
[Shop] Fankel's Food Boutique
  a ration (60 gold)
  a ration (60 gold)
  a ration (60 gold)
  a ration (60 gold)
  a ration (60 gold)
  a ration (60 gold)
  a ration (60 gold)
  a ration (60 gold)
  a ration (60 gold)
  a ration (60 gold)
  a ration (60 gold)
  a ration (60 gold)
  a ration (60 gold)
(0, 0, D:10)
  a quarterstaff
(0, 2, D:10)
  a falchion
(10, 6, D:10)
  a +0 shortbow
(42, -26, D:10)
  2 poisoned needles
(43, -26, D:10)
  a poisoned needle
(44, -26, D:10)
  a poisoned needle
(44, -17, D:10)
  2 arrows
(45, -15, D:10)
  a +0 shortbow
(47, 8, D:10)
  a ration
(52, -9, D:10)
  an arrow
(54, -11, D:10)
  an arrow
(58, -5, D:10)
  11 stones

the Ecumenical Temple

Level 1 of the Orcish Mines
[Shop] Musosch's Book Emporium
  a book of Power (unknown) (810 gold)
  a book of Battle (unknown) (720 gold)
  a book of Callings (unknown) (540 gold)
  a book of Transfigurations (unknown) (990 gold)
  a book of Death (unknown) (1260 gold)
  a book of Maledictions (unknown) (450 gold)
  a book of Frost (unknown) (630 gold)
  a book of Ice (unknown) (1170 gold)
  a book of Air (unknown) (630 gold)
  Buim's Collected Works on Helpful Earth (900 gold)
    Spells                           Type                      Level
     a - Swiftness                    Charms/Air                    2
     b - Regeneration                 Charms/Necromancy             3
     c - Stone Arrow                  Conjuration/Earth             3
     d - Iskenderun's Battlesphere    Conjuration/Charms            5
     e - Iron Shot                    Conjuration/Earth             6
  a book of Changes (450 gold)
(2, -1, Orc:1)
  a +0 giant spiked club
(7, 4, Orc:1)
  a +0 whip
(7, 6, Orc:1)
  a +1 flail of protection
  a +0 plate armour
(8, 1, Orc:1)
  a +0 spear
(8, 6, Orc:1)
  an orc skeleton
(8, 14, Orc:1)
  a +0 leather armour
  a +0 flail
(10, 24, Orc:1)
  a +0 mace
(11, 27, Orc:1)
  a +0 long sword
(12, 6, Orc:1)
  a +0 plate armour
  a +0 battleaxe
(14, 8, Orc:1)
  a +0 giant spiked club
(15, 6, Orc:1)
  a +0 plate armour
  a +0 glaive
(15, 7, Orc:1)
  a +0 plate armour
  a +0 trident
  a cursed -1 leather armour
(16, 6, Orc:1)
  a +0 giant spiked club
(16, 7, Orc:1)
  a +0 whip
  a +0 whip
(17, 6, Orc:1)
  a +0 giant spiked club
(18, 5, Orc:1)
  a +0 robe
(18, 6, Orc:1)
  a +0 mace
  a +0 leather armour
  a +0 dagger
(18, 23, Orc:1)
  a robe
  a robe
  a dagger
  a robe
(21, 20, Orc:1)
  a +0 leather armour
  a +0 short sword
(21, 26, Orc:1)
  a robe
  a dagger
(22, 20, Orc:1)
  a +1 hat
  a robe
(23, 20, Orc:1)
  a +1 hat
  a +1 hat
  a robe

Level 2 of the Orcish Mines
(0, 0, Orc:2)
  an arrow
(0, 4, Orc:2)
  12 gold pieces
(1, 1, Orc:2)
  an arrow (still there?)
  35 gold pieces (still there?)
(2, 0, Orc:2)
  an arrow
(4, 0, Orc:2)
  an arrow
(5, -1, Orc:2)
  an arrow
(6, -1, Orc:2)
  a +0 giant club
(7, 7, Orc:2)
  an arrow
(8, 1, Orc:2)
  an arrow
(9, -1, Orc:2)
  an arrow
(9, 0, Orc:2)
  2 arrows (still there?)
  a +0 short sword (still there?)
(9, 5, Orc:2)
  an arrow
(9, 7, Orc:2)
  an arrow
(10, 4, Orc:2)
  2 arrows
(10, 7, Orc:2)
  an arrow
(11, 3, Orc:2)
  an arrow
(11, 5, Orc:2)
  an arrow
  (unseen)
(11, 6, Orc:2)
  an arrow
(12, -1, Orc:2)
  an arrow
  (unseen)
(12, 2, Orc:2)
  an arrow
(12, 3, Orc:2)
  an arrow
(12, 4, Orc:2)
  an arrow
(13, 0, Orc:2)
  a tomahawk of returning
  (unseen)
(13, 1, Orc:2)
  an arrow (still there?)
  a +0 ring mail (still there?)
(14, 0, Orc:2)
  a +0 ring mail
(14, 1, Orc:2)
  a +0 flail
(14, 2, Orc:2)
  an arrow
(15, -1, Orc:2)
  a +0 flail
  a +0 chain mail
(15, 0, Orc:2)
  a +0 dagger
  a +0 robe
  an orc corpse
(15, 1, Orc:2)
  a +0 scimitar
  (unseen)
(16, 12, Orc:2)
  23 gold pieces

