Neblinot

Level 1 of the Dungeon
(0, 0, D:1)
  a +0 dagger
(23, 44, D:1)
  a +0 club
(24, 38, D:1)
  a short sword
(37, 45, D:1)
  a +0 dagger
(41, 35, D:1)
  a short sword
(41, 40, D:1)
  a +1 vampiric dagger
(47, 5, D:1)
  a spear
(47, 26, D:1)
  a chain mail
(54, -7, D:1)
  a +0 club

Level 2 of the Dungeon
(0, 0, D:2)
  a +0 spear
(0, 3, D:2)
  a +0 whip
(0, 14, D:2)
  a hunting sling
(9, -6, D:2)
  a leather armour
(10, -6, D:2)
  a short sword
(17, 1, D:2)
  a +0 dagger
  a +0 robe
(20, -37, D:2)
  a +0 short sword of speed
(22, -41, D:2)
  a +0 dagger
(23, -26, D:2)
  a plate armour
(25, -19, D:2)
  a robe
(28, -37, D:2)
  a +0 dagger
(29, -37, D:2)
  a +0 short sword
(30, -13, D:2)
  a +0 dagger
(30, 0, D:2)
  a +0 club
(38, 17, D:2)
  a +0 dagger
(39, -27, D:2)
  a long sword
(44, 6, D:2)
  a +0 club
(62, 4, D:2)
  a +0 club

Level 3 of the Dungeon
(0, 0, D:3)
  a +0 dagger
(2, -8, D:3)
  a +0 falchion
  a +0 falchion
(2, -3, D:3)
  a +0 hunting sling
  a +0 dagger
(2, 0, D:3)
  a cursed -1 mace
(2, 1, D:3)
  a +0 dagger of draining
(3, 47, D:3)
  a robe
(4, -1, D:3)
  a +0 dagger
(4, 2, D:3)
  a +0 leather armour
(5, 5, D:3)
  a +1 dagger of venom
(6, 1, D:3)
  a +0 leather armour
  a +0 club
  a +0 ring mail
  a +0 club
  a +0 club
  a gnoll skeleton
(23, 8, D:3)
  a +0 club
  a +2 robe
(26, 26, D:3)
  a +0 club
(28, 1, D:3)
  a kobold skeleton
(30, 3, D:3)
  a +0 club

Level 4 of the Dungeon
(0, 0, D:4)
  a leopard gecko skeleton
  a leopard gecko skeleton
(2, 1, D:4)
  a leopard gecko skeleton
(7, 7, D:4)
  a stone
(8, 8, D:4)
  a stone
(21, 13, D:4)
  a flail
(23, 15, D:4)
  a sling bullet
(24, 15, D:4)
  a stone
  (unseen)
(25, 14, D:4)
  17 gold pieces
(26, 16, D:4)
  a sling bullet (still there?)
  a stone (still there?)
(27, 16, D:4)
  a sling bullet
(30, 18, D:4)
  a poisoned needle

