Niquwkymm

Level 1 of the Dungeon
(0, 0, D:1)
  a robe
(28, 44, D:1)
  a +0 club
(44, 30, D:1)
  a chain mail

Level 2 of the Dungeon
(5, -21, D:2)
  a +0 chain mail
(11, -27, D:2)
  a spear
(29, -16, D:2)
  a +0 short sword
(31, 13, D:2)
  a scale mail
(39, -33, D:2)
  a +0 whip
  a hunting sling
  a +0 club
(39, -18, D:2)
  a +0 club
(48, -7, D:2)
  a ring mail
(63, -14, D:2)
  a +0 club

Level 3 of the Dungeon
(0, 0, D:3)
  a robe
(15, 7, D:3)
  a ring mail
(22, -17, D:3)
  a scale mail
(27, 20, D:3)
  a robe
(32, 11, D:3)
  a short sword
(37, -2, D:3)
  a +0 club
(42, 7, D:3)
  a +0 giant club
(48, -18, D:3)
  a leather armour

Level 4 of the Dungeon
[Shop] Xerraus's Assorted Antiques
  a ring mail (112 gold)
  a potion of haste (280 gold)
  a garnet ring (140 gold)
  glowing pearl dragon scales (2858 gold)
  a chain mail (126 gold)
  a shiny plate armour (728 gold)
  a scroll of enchant weapon (210 gold)
  a fan of gales (1120 gold)
  a scroll of teleportation (84 gold)
(0, 0, D:4)
  a +0 leather armour
(2, -19, D:4)
  a dagger
(4, -21, D:4)
  a +0 mace
(5, -21, D:4)
  a leather armour
  a +0 dagger
(7, -22, D:4)
  a +0 short sword
(7, -17, D:4)
  a +0 dagger

Level 5 of the Dungeon
(0, 0, D:5)
  a rapier
(7, -16, D:5)
  2 sling bullets
  a +0 robe
  a +0 scythe
(11, -4, D:5)
  a spear
(22, -5, D:5)
  a cursed -3 shortbow
(25, -15, D:5)
  a long sword
(31, -7, D:5)
  a hunting sling
(34, -2, D:5)
  a ring mail
(35, -26, D:5)
  a leather armour
(51, -8, D:5)
  a hand axe

Level 6 of the Dungeon
[Shop] Taf Goo's Assorted Antiques
  a twisted cabochon amulet (155 gold)
  a leather armour (62 gold)
  a scroll of enchant weapon (232 gold)
  a scroll of magic mapping (108 gold)
  a ring mail (124 gold)
  a scroll of teleportation (93 gold)
  a scroll of teleportation (93 gold)
  a battleaxe (201 gold)
  a metal-bound book (465 gold)
  a potion of lignification (93 gold)
  a phantom mirror (930 gold)
(0, 0, D:6)
  a great sword
(22, 29, D:6)
  a +0 robe
  a +0 dagger
(23, 21, D:6)
  a +0 robe
  a +0 hunting sling
  a cursed +0 battleaxe
(23, 22, D:6)
  a +0 robe
(23, 28, D:6)
  a +0 mace
(24, 25, D:6)
  a +0 robe
  a +0 dagger
(24, 26, D:6)
  a +0 robe
  a +0 dagger
(24, 44, D:6)
  a +0 giant club
(25, 2, D:6)
  a +0 flail
(41, -2, D:6)
  a +0 dagger
  a +0 robe
(42, -2, D:6)
  a +0 robe
(43, -2, D:6)
  a +0 short sword
  a +0 robe
(49, 8, D:6)
  a runed scarf
(50, 37, D:6)
  a +0 leather armour

Level 7 of the Dungeon
(0, 0, D:7)
  a +0 chain mail
  a +0 hand axe
  a +0 robe
(0, 14, D:7)
  a +0 shortbow
(1, 17, D:7)
  a +0 robe
  a +0 hand axe
(2, 1, D:7)
  a +0 robe
(2, 2, D:7)
  a +0 trident
  a +0 robe
  a cursed +0 trident
  a +0 robe
(3, 3, D:7)
  a +0 long sword
  a +0 robe
(7, 32, D:7)
  a club
(24, 28, D:7)
  a +0 robe
  a +0 short sword
(26, 23, D:7)
  a +0 robe
(30, 21, D:7)
  a +0 giant club
(30, 38, D:7)
  a +0 leather armour
  a +0 short sword
(32, 41, D:7)
  a +0 robe
  a +0 dagger

the Ecumenical Temple

