Rilluegh

Level 1 of the Dungeon
(0, 0, D:1)
  a +0 club
(0, 3, D:1)
  a dagger
(5, -21, D:1)
  a robe
(9, 0, D:1)
  a +0 club
  a +0 dagger
(11, 1, D:1)
  a dagger
(26, -29, D:1)
  a +0 club
(36, -37, D:1)
  a club
  a short sword
(42, -30, D:1)
  a +0 dagger

Level 2 of the Dungeon
(0, 0, D:2)
  a dagger
(10, 6, D:2)
  a cursed +0 dagger
(16, 3, D:2)
  a +0 dagger
(21, 0, D:2)
  a +0 dagger
(25, -17, D:2)
  a +0 club
  a +0 club
  a +0 dagger
(26, -18, D:2)
  a dagger
(27, -18, D:2)
  a +0 dagger
(28, -18, D:2)
  a +0 club
(34, -13, D:2)
  a robe

Level 3 of the Dungeon
(0, 0, D:3)
  a robe
(10, -9, D:3)
  a +0 club
  a +0 hunting sling
(12, 2, D:3)
  an uncursed ring of poison resistance
(19, -3, D:3)
  a +0 club
(26, -8, D:3)
  a +0 dagger
(26, -6, D:3)
  a +0 dagger
(32, 0, D:3)
  a cursed -2 ring mail
(40, 18, D:3)
  a trident
(46, -2, D:3)
  a ring mail
(51, 9, D:3)
  a centaur barding
(53, -12, D:3)
  a club

Level 4 of the Dungeon
(0, 0, D:4)
  a chain mail
(7, 10, D:4)
  a spear
(14, -35, D:4)
  a ring mail
(16, 6, D:4)
  a +0 leather armour
  a +0 mace
(17, 1, D:4)
  a +0 hand axe
(17, 4, D:4)
  a hand axe
(21, -10, D:4)
  a ring mail
(23, 18, D:4)
  a hunting sling
(32, 10, D:4)
  a +0 flail
  a quarterstaff
(49, -9, D:4)
  a plate armour
(50, -15, D:4)
  a scale mail
(52, -33, D:4)
  a trident
(52, 13, D:4)
  a scale mail

Level 5 of the Dungeon
(0, 0, D:5)
  a pair of boots
(19, 20, D:5)
  a long sword
(28, 0, D:5)
  a quarterstaff
(38, 41, D:5)
  a scale mail
(40, 4, D:5)
  a ring mail

Level 6 of the Dungeon
(0, 0, D:6)
  a +0 flail
(0, 5, D:6)
  a chain mail
(2, 2, D:6)
  a +0 ring mail
  a +0 scale mail
(11, 2, D:6)
  a translucent naga barding
(11, 5, D:6)
  a +0 centaur barding
  a +0 shortbow
(14, -12, D:6)
  a cursed +0 shortbow
(14, -11, D:6)
  a +0 dagger
(14, -10, D:6)
  a +0 short sword
(14, -5, D:6)
  a +0 dagger
(14, -4, D:6)
  a chain mail
(14, -2, D:6)
  a +0 leather armour
  a +0 short sword
(15, -8, D:6)
  a +0 ring mail
  a +0 spear of piercing
(16, -12, D:6)
  a +0 flail
(16, -2, D:6)
  a +0 short sword of venom
(17, 0, D:6)
  a +0 club
(18, -1, D:6)
  a +0 spear
  a +0 club
(20, 2, D:6)
  a potion of degeneration
(21, -2, D:6)
  a +0 spear
  a cursed +0 ring mail
(22, -10, D:6)
  a +0 short sword
(22, -1, D:6)
  a +0 shortbow
(23, 8, D:6)
  a +0 flail
(24, -11, D:6)
  a cursed +0 halberd
  a +0 giant spiked club
(28, -1, D:6)
  a robe
(28, 16, D:6)
  a cursed +0 ring mail
(29, 12, D:6)
  a +0 scale mail
  a +0 trident
(30, 15, D:6)
  a +0 shortbow
(47, 23, D:6)
  a +0 leather armour
  a cursed -1 falchion
  a +0 robe
(49, 14, D:6)
  a short sword

Level 7 of the Dungeon
(2, -1, D:7)
  a +0 plate armour
  a +1 dagger of freezing
  a +0 hand axe
  a +0 shortbow
  a +0 trident
(9, 1, D:7)
  a +0 scale mail
(11, -1, D:7)
  a +0 robe
  a +0 dagger
(12, 20, D:7)
  a dagger
(14, 10, D:7)
  a pair of boots
(18, 8, D:7)
  a flail
(19, 26, D:7)
  a +0 club
  a +0 hand crossbow
(22, 35, D:7)
  a +0 robe
  a +0 dagger
(22, 38, D:7)
  a +0 halberd
  a plate armour
(22, 39, D:7)
  a +0 club
  a +0 dagger
  a +0 robe
(29, 8, D:7)
  a +0 robe
  a +0 dagger
(40, 34, D:7)
  a leather armour
(45, 33, D:7)
  a +0 scale mail
(46, 34, D:7)
  a +0 whip
(51, 35, D:7)
  a +0 dagger
  a +0 robe

Level 8 of the Dungeon
(0, 0, D:8)
  a +0 club
(1, 12, D:8)
  a +0 club
(6, 14, D:8)
  a +0 glaive
  a +0 plate armour
(7, 4, D:8)
  a +0 robe
(8, -7, D:8)
  a glaive
(15, -4, D:8)
  a +0 dagger
(16, -10, D:8)
  a +1 dagger of freezing
(19, 12, D:8)
  a +0 leather armour
(24, 32, D:8)
  a +0 dagger
  a +0 robe
(25, 32, D:8)
  a +2 dagger
  a +0 robe
(26, 10, D:8)
  a robe
(28, 9, D:8)
  a spear
(33, 30, D:8)
  a +0 robe
(37, 26, D:8)
  a +0 leather armour
  a +0 plate armour
  a +0 chain mail
(37, 27, D:8)
  a cursed +0 robe
  a cursed -1 long sword
(42, 11, D:8)
  a +0 dagger
(47, 28, D:8)
  a +0 robe
(47, 36, D:8)
  a +0 halberd
  a +0 robe
(53, 26, D:8)
  a +0 leather armour

the Ecumenical Temple

