Vouxui

Level 1 of the Dungeon
(41, 9, D:1)
  a dagger
(46, -38, D:1)
  a helmet

Level 2 of the Dungeon
(0, 0, D:2)
  a +0 club
(1, 0, D:2)
  a dagger
(3, -3, D:2)
  a +0 club
(8, -31, D:2)
  a helmet
(24, -23, D:2)
  a +0 dagger
(26, -34, D:2)
  a dagger
(40, -31, D:2)
  a long sword
(42, -30, D:2)
  a +0 short sword
(44, -7, D:2)
  a hand axe

Level 3 of the Dungeon
(0, 0, D:3)
  a +0 club
(20, -5, D:3)
  a +0 club
(23, 21, D:3)
  a +0 animal skin

Level 4 of the Dungeon
(4, -47, D:4)
  a +0 dagger
(17, -19, D:4)
  a club
(20, 8, D:4)
  a +0 whip
(21, 9, D:4)
  a +0 leather armour
  a +0 club
(22, 9, D:4)
  a +0 whip
(44, -49, D:4)
  a club
(47, 11, D:4)
  a robe
(48, -12, D:4)
  a centaur barding

Level 5 of the Dungeon
[Shop] Irawnick's Distillery
  a potion of berserk rage (unknown) (65 gold)
  a potion of magic (unknown) (104 gold)
  a potion of magic (unknown) (104 gold)
  a potion of heal wounds (65 gold)
  a potion of degeneration (13 gold)
  a potion of mutation (unknown) (104 gold)
(0, 0, D:5)
  a hand axe
(9, 0, D:5)
  a potion of degeneration
(13, 11, D:5)
  a robe
(25, -5, D:5)
  a +0 short sword
(25, -4, D:5)
  a +0 flail
  a +0 leather armour
(28, -15, D:5)
  a leather armour
(42, -13, D:5)
  a +0 ring mail
(43, -3, D:5)
  a +0 dagger
  a +0 robe
(47, 16, D:5)
  a +0 club
(47, 18, D:5)
  a +0 leather armour
  a +0 club

Level 6 of the Dungeon
(0, 1, D:6)
  a +0 giant club
(0, 10, D:6)
  a hand axe
(6, -11, D:6)
  2 potions of degeneration
(14, -11, D:6)
  a falchion
(16, 9, D:6)
  a short sword
(16, 23, D:6)
  a +0 club
(16, 28, D:6)
  a leather armour
(17, 28, D:6)
  a cursed -3 flail
  a +0 leather armour
  a +0 mace
  a +0 leather armour
  a +0 whip
(18, 28, D:6)
  a +0 hand axe
(26, -6, D:6)
  a +0 dagger
  a +0 robe
(28, -21, D:6)
  a whip
(29, 22, D:6)
  a +0 shortbow
  a mace
  a hand axe
  a +0 short sword
  a +0 dagger
(32, 13, D:6)
  a helmet
(34, 2, D:6)
  a +0 falchion
  a +0 ring mail
(37, -26, D:6)
  a dagger

Level 7 of the Dungeon
(0, 0, D:7)
  a whip
(2, -17, D:7)
  a +0 dagger
(2, 9, D:7)
  a +0 robe
  a cursed +0 falchion
  a +0 giant club
(3, 9, D:7)
  a +0 robe
(6, 6, D:7)
  a +0 robe
(14, -33, D:7)
  a long sword
(21, -37, D:7)
  a +0 whip
  a +0 robe
(21, -36, D:7)
  a +0 robe
(29, -27, D:7)
  a morningstar
(30, -27, D:7)
  a +0 robe
  a +0 dagger
  a +0 morningstar
  a cursed +0 plate armour
(41, -15, D:7)
  a long sword

Level 8 of the Dungeon
(0, 0, D:8)
  a tomahawk
(4, -5, D:8)
  a sling bullet
(4, -4, D:8)
  a sling bullet

the Ecumenical Temple

