Woumoij

Level 1 of the Dungeon
(0, 0, D:1)
  a +0 club
(2, 16, D:1)
  a +0 club
(12, 20, D:1)
  a +0 club
(24, 19, D:1)
  a spear
(25, 12, D:1)
  a +0 dagger
(40, -5, D:1)
  a +0 club
(40, 34, D:1)
  a +0 dagger
(49, 19, D:1)
  a cursed -1 club

Level 2 of the Dungeon
(0, 0, D:2)
  a +0 club
(16, 0, D:2)
  a +0 dagger
(16, 2, D:2)
  a +0 club
(22, -32, D:2)
  a +0 dagger
(24, -31, D:2)
  a +0 club
(34, 5, D:2)
  a +0 club
(39, -34, D:2)
  a +0 club
(41, -22, D:2)
  a +0 robe
  a +0 dagger

Level 3 of the Dungeon
(0, 0, D:3)
  a ring mail
(14, 27, D:3)
  a mace
(18, 3, D:3)
  a +0 dagger
  a cursed +0 robe
(19, 2, D:3)
  a cursed +0 mace
(19, 10, D:3)
  a +0 leather armour
  a +0 flail
(25, 17, D:3)
  a leather armour
(28, 0, D:3)
  a +0 ring mail
  a +0 falchion
(29, -6, D:3)
  a +0 dagger
(29, 0, D:3)
  a +0 short sword
  a +0 flail
(29, 4, D:3)
  a +0 scale mail
(33, -3, D:3)
  a +0 animal skin
  a +0 robe
  a +0 dagger
(33, 9, D:3)
  a +0 dagger
(34, 9, D:3)
  a robe

Level 4 of the Dungeon
[Shop] Okinudd's Magic Scroll Boutique
  a scroll of amnesia (45 gold)
  a scroll of remove curse (39 gold)
(0, 0, D:4)
  a +0 scale mail
  a +0 dagger
(5, -9, D:4)
  a potion of degeneration
(20, -21, D:4)
  a +0 spear
(25, -37, D:4)
  a +0 halberd
(29, -25, D:4)
  a +0 robe
  a +0 club
(31, -16, D:4)
  a cursed +0 spear
(32, -23, D:4)
  a +0 short sword
(32, 9, D:4)
  a +0 hand axe
(33, -27, D:4)
  a +0 halberd
  a cursed -2 flail
(33, -21, D:4)
  a +0 halberd
  a +0 whip
(33, -20, D:4)
  a +0 spear
  a +0 whip
  a +0 club
  a +0 halberd
(33, -19, D:4)
  a +0 flail
  a +0 spear
(33, -17, D:4)
  a +0 flail
  a +0 whip
(33, -16, D:4)
  a +0 halberd
(33, -15, D:4)
  a +0 halberd
  a +0 spear
  a +0 scale mail
  a +0 spear
  a +0 halberd
(33, -14, D:4)
  a +0 robe
  a +0 flail
  a +0 whip
  a +0 flail
  a +0 whip
  a +0 robe
  a cursed +0 club
(33, -11, D:4)
  a +0 spear
(33, -10, D:4)
  a +0 spear
(33, -9, D:4)
  a +0 leather armour
  a +0 whip
(34, -29, D:4)
  a +0 halberd
(34, -22, D:4)
  a plate armour
(35, -23, D:4)
  a +0 whip
(36, -23, D:4)
  a +0 spear
(39, -29, D:4)
  a +0 club
(40, -29, D:4)
  a +0 whip
  a +0 flail
  a cursed +0 whip
  a +0 robe
(42, -25, D:4)
  a +0 spear
(43, -37, D:4)
  a +0 whip
(56, -34, D:4)
  a leather armour

Level 5 of the Dungeon
(0, 0, D:5)
  a +0 robe
  a +0 dagger
(7, 8, D:5)
  a mace
(8, 4, D:5)
  3 scrolls of random uselessness
(8, 26, D:5)
  a +0 spear
(17, 14, D:5)
  a +0 club
(38, 26, D:5)
  a scale mail
(40, -9, D:5)
  a helmet
(40, 46, D:5)
  a leather armour
(41, 13, D:5)
  a +0 club
(56, 17, D:5)
  a flail

Level 6 of the Dungeon
(0, 0, D:6)
  a +1 robe of magic resistance
  a +1 dagger
  a +0 robe
  a +0 robe
  a +0 dagger
(0, 1, D:6)
  a +0 robe
  a +1 dagger
  a +2 robe of fire resistance
  a cursed +2 great sword
  a cursed +0 ring mail
  a +0 club
(1, 1, D:6)
  a +0 mace
(2, 1, D:6)
  a spear
(9, 20, D:6)
  a long sword

Level 7 of the Dungeon
(0, 0, D:7)
  a leather armour
(3, -44, D:7)
  a scroll of random uselessness
(4, -15, D:7)
  a +0 trident
(6, -17, D:7)
  a +0 plate armour
  a +0 halberd
(16, -33, D:7)
  a +0 giant club
(28, -17, D:7)
  a +0 robe
  a +0 shortbow
(30, -16, D:7)
  a leather armour
(37, -23, D:7)
  a +3 scale mail
(39, -22, D:7)
  a -3 dire flail
(39, -10, D:7)
  a scroll of random uselessness
(43, -30, D:7)
  a +0 robe
  a +0 dagger
(43, -29, D:7)
  a +0 leather armour
  a cursed -1 dagger
  a +0 leather armour
  a cursed -3 dagger
(47, -30, D:7)
  a +0 hand axe
(49, -24, D:7)
  a helmet

Level 8 of the Dungeon
(0, 0, D:8)
  a pair of boots
(11, -33, D:8)
  a whip
(23, -27, D:8)
  a buckler
(30, -15, D:8)
  a +0 flail
(36, -42, D:8)
  a robe
(44, -25, D:8)
  a +0 short sword
(44, -24, D:8)
  a +0 short sword
(45, -16, D:8)
  a club
(47, -21, D:8)
  a +0 short sword
(47, -20, D:8)
  a +0 short sword
(48, 14, D:8)
  a short sword
(49, -20, D:8)
  a +0 club
  a +0 dagger
  a +0 short sword
(53, -42, D:8)
  a cursed +0 flail
(55, 0, D:8)
  a +0 flail
  a +0 chain mail
(56, -5, D:8)
  a +0 hand axe
(56, -4, D:8)
  a +0 short sword
  a +0 leather armour
(56, -1, D:8)
  a +0 hand axe
(57, -12, D:8)
  a +0 shortbow
(62, -37, D:8)
  a +0 club
(64, -38, D:8)
  a +0 flail
(65, -37, D:8)
  a +0 mace
(68, -39, D:8)
  a +0 trident

Level 9 of the Dungeon
(0, 0, D:9)
  a +0 leather armour
  a +0 dagger
(1, -1, D:9)
  a +0 ring mail
  a +0 flail
(1, 0, D:9)
  a +0 robe
  a +0 dagger
(10, 7, D:9)
  a +0 robe
  a +0 giant club
(24, 5, D:9)
  ice dragon scales
  a +4 chain mail of cold resistance
  a +2 pair of gloves of dexterity
(24, 6, D:9)
  the cursed +0 chain mail of Satwi {Str+3}
    It affects your strength (+3).
    It has a curse placed upon it.
  a glowing buckler
  a +2 pair of gloves
  +0 acid dragon scales
  a +2 cloak
  a +3 plate armour
  a +3 chain mail of poison resistance
  the +1 scale mail of Xawudd {Dex+5 SInv}
    It affects your dexterity (+5).
    It lets you see invisible.
  a +2 plate armour
(25, 6, D:9)
  a +2 war axe of venom
  a +1 dagger of holy wrath
  a +3 scimitar of slicing
  a +2 rapier of venom
  a +0 dagger of draining
  a +2 morningstar of venom
  the cursed +0 mace of Capital Punishment {crush, rN+}
    It inflicts extra damage upon your enemies.
    
    It protects you from negative energy.
    It has a curse placed upon it.
  a +4 mace of draining
  a +1 hunting sling of velocity
  a +1 flail of draining
  a +1 trident of venom
  a +1 war axe
  a +0 rapier of electrocution
  a +0 mace of protection
  a +0 long sword of freezing
  a broad axe
  a +2 scimitar of flaming
  a +0 hunting sling of flaming
  a +1 dagger of venom
  a +2 mace of draining
  a +0 flail of protection
  a +0 dagger of venom
  a +0 hunting sling
  a -3 rapier
(26, 6, D:9)
  a +2 halberd of venom
  a +2 shortbow of velocity
  a +1 great sword of holy wrath
  a +0 quarterstaff of draining
  a +5 antimagic quarterstaff
  a +0 great mace of holy wrath
  the +0 glaive "Edghuneps" {chop, Dex+2}
    It inflicts extra damage upon your enemies.
    
    It affects your dexterity (+2).
  a +0 glaive of holy wrath
  a +1 dire flail of protection
  a +0 arbalest
(27, 6, D:9)
  an uncursed ring of see invisible
  an uncursed amulet of the gourmand
(28, 16, D:9)
  a +0 shortbow
(29, 10, D:9)
  a +0 animal skin
(30, 26, D:9)
  a whip
(38, 44, D:9)
  a cursed -1 club
  a +0 ring mail
  a +0 spear
  a +0 whip
  a +0 ring mail
  a +0 trident
  a +0 flail
(38, 45, D:9)
  a +0 dagger
  a +0 ring mail
  a +0 trident
(39, -3, D:9)
  a +0 animal skin
(39, -2, D:9)
  a +0 animal skin
(39, -1, D:9)
  a +0 whip of freezing
  a +0 robe
(39, 45, D:9)
  a +0 spear
  a +0 whip
  a +0 giant club
  a +0 short sword
  a +0 falchion
  a +0 flail
  a +1 dagger of flaming
(40, 45, D:9)
  a +0 scale mail
  a +0 trident
(40, 46, D:9)
  a +0 scale mail
  a +0 spear
(43, -3, D:9)
  a +0 shortbow
(43, 45, D:9)
  a +0 plate armour
  a cursed -3 short sword
(48, 0, D:9)
  a cursed +0 animal skin
  a +0 animal skin

Level 10 of the Dungeon
[Shop] Gihuam's Distillery
  a potion of mutation (96 gold)
  a potion of berserk rage (60 gold)
  2 potions of resistance (240 gold)
  a potion of mutation (96 gold)
  a potion of degeneration (12 gold)
(0, 0, D:10)
  a hand axe
(12, -8, D:10)
  a mace
(13, 5, D:10)
  a +0 whip
  a cursed +0 club
  a +0 dagger
  a +0 robe
(29, -10, D:10)
  a morningstar
(32, -19, D:10)
  a robe
(34, -1, D:10)
  a falchion

Level 11 of the Dungeon
[Shop] Xaulylef's Jewellery Shoppe
  a +3 ring of protection (315 gold)
  a cursed ring of teleportation (67 gold)
  a +2 ring of strength (112 gold)
  a cursed amulet of inaccuracy (unknown) (30 gold)
  an uncursed ring of see invisible (225 gold)
  a cursed -2 ring of dexterity (unknown) (30 gold)
  the ring "Ucwuij" {rC+ rN+ AC+3 Str+4} (714 gold)
    [ring of protection]
    
    It affects your AC (+3).
    It affects your strength (+4).
    It protects you from cold.
    It protects you from negative energy.
  an uncursed amulet of the gourmand (450 gold)
(0, 0, D:11)
  a fabulously ornate robe
(0, 1, D:11)
  a +1 plate armour of magic resistance
  a scarf of cloud immunity
  the +2 plate armour of the Sneaky Gods {+Fly}
    It lets you fly.
  a +2 cloak of invisibility
  the +7 chain mail "Asuudghaw" {rElec}
    It insulates you from electricity.
(1, 1, D:11)
  a +3 flail of holy wrath
  a +2 scimitar of flaming
  the +3 dagger "Kenu" {elec, rF+}
    Occasionally, upon striking a foe, it will discharge some electrical energy
    and cause terrible harm.
    
    It protects you from fire.
  a +5 scimitar of holy wrath
  a +2 short sword of electrocution
  a +5 mace of protection
  the +4 dagger "Morg" {pain, MR+ Int+5}
    In the hands of one skilled in necromantic magic, it inflicts extra damage
    on living creatures.
    
    It affects your intelligence (+5).
    It affects your resistance to hostile enchantments.
  12 needles of sleeping
  6 needles of frenzy {!f}
  15 javelins of returning
  8 needles of confusion
  5 poisoned javelins
  5 javelins of penetration
  a +2 short sword of distortion
  4 javelins
  566 bolts
  a +2 trident of venom
  a +1 spear of venom
  a +3 short sword of protection
  a +3 scimitar of holy wrath
  a +0 hand crossbow
  a +2 rapier of electrocution
  a +2 morningstar of holy wrath
  a +1 eveningstar of distortion
  a +2 morningstar of crushing
  a +2 morningstar of freezing
  a +3 long sword of venom
  a +3 hunting sling of freezing
  a +4 hand axe of venom
  a +3 hand axe of chopping
  a +1 fustibalus of flaming
  a +0 demon whip of freezing
  a +2 dagger of speed
  a +2 dagger of chaos
  a +1 dagger of venom
  a +3 broad axe
(2, 1, D:11)
  a +3 shortbow of freezing
  a +2 longbow of flaming
  a +3 halberd of venom
  1260 arrows
  the +7 shortbow of Zumeffo {velocity, +Blink rC+}
    Any arrow fired from it inflicts extra damage.
    
    It protects you from cold.
    It lets you blink.
  a +3 shortbow
  a +6 shortbow of flaming
  a +2 shortbow of freezing
  a +3 quarterstaff
  a +3 quarterstaff of chaos
  a +5 antimagic quarterstaff
  a +2 longbow of flaming
  a +2 lajatang of venom
  a +0 antimagic lajatang
  a +2 antimagic halberd
  a +1 battleaxe of flaming
  a +2 halberd of venom
  a +2 great sword
  a +5 great sword of slicing
  a +2 great mace of holy wrath
  a +1 glaive of protection
  a +2 dire flail of draining
  a +3 battleaxe of chopping
  a +4 arbalest of flaming
(3, 1, D:11)
  the ring of Taovion {rElec Str+2 Int+4}
    [ring of strength]
    
    It affects your strength (+2).
    It affects your intelligence (+4).
    It insulates you from electricity.
  3 scrolls of blinking
  8 potions of lignification
  a manual of Evocations
  a wand of digging (5)
  an uncursed staff of earth
  an uncursed staff of death
  6 potions of ambrosia
  a sack of spiders
  2 scrolls of vulnerability
  2 potions of cancellation
  4 potions of magic
  9 potions of brilliance
  2 potions of resistance
  a box of beasts
  a scroll of silence
  a potion of mutation
  4 potions of invisibility
  a potion of berserk rage
  a scroll of torment
  a scroll of summoning
  16 scrolls of remove curse
  a scroll of immolation
  12 scrolls of identify
  7 scrolls of fog
  a scroll of brand weapon
  5 scrolls of amnesia
  a wand of polymorph (4)
  a wand of enslavement (3)
  a cursed ring of teleportation
  a +4 ring of strength
  an uncursed ring of resist corrosion
  an uncursed ring of protection from magic
  an uncursed ring of poison resistance
  an uncursed amulet of faith
  an uncursed ring of protection from fire
  an uncursed staff of poison
  an uncursed ring of ice
  an uncursed staff of cold
  an uncursed ring of ice
  an uncursed ring of fire
  an uncursed staff of wizardry
  an uncursed staff of summoning
  an uncursed staff of conjuration
  an uncursed staff of air
(3, 2, D:11)
  the ring "Helymp" {*Drain rPois Str+6 Dex-3 Stlth-}
    [ring of attention]
    
    It affects your strength (+6).
    It affects your dexterity (-3).
    It protects you from poison.
    It causes draining when unequipped.
    It makes you less stealthy.
  the ring of Lidut {+Inv Str+4 Dex+3 Slay-5 SInv}
    [ring of strength]
    
    It affects your strength (+4).
    It affects your dexterity (+3).
    It affects your accuracy and damage with ranged weapons and melee attacks
    (-5).
    It lets you see invisible.
    It lets you turn invisible.
  a staff of energy
  a phial of floods
  a phial of floods
  a +1 ring of protection
(10, 2, D:11)
  a robe
(22, 30, D:11)
  a long sword
(24, 12, D:11)
  a +0 dagger
(25, 3, D:11)
  a +0 giant club
(25, 6, D:11)
  a +0 blowgun
(25, 9, D:11)
  a +0 robe
  a +0 war axe
  a +0 robe
  a cursed +4 hand axe of freezing
  a +0 falchion
  a +0 ring mail
  a +0 dagger
  a cursed +0 robe
  a +0 dagger
(25, 11, D:11)
  a +0 short sword
  a +0 plate armour
(27, -2, D:11)
  a +0 giant spiked club
(28, 31, D:11)
  a ring mail
(30, 5, D:11)
  a +0 dagger
  a +0 shortbow
(30, 6, D:11)
  a +0 shortbow
  a +0 quarterstaff of freezing
  a +0 giant club
  a +0 giant club
  a +0 hand axe
  a +0 cloak
(30, 7, D:11)
  a +0 shortbow
  a +0 shortbow
(30, 8, D:11)
  a +0 robe
  a +0 flail
(31, 5, D:11)
  a +0 robe
  a +0 great sword
  a cursed +0 robe
  a +0 long sword
(34, 22, D:11)
  a +0 robe
  a +0 dagger
  a +1 whip of venom
(34, 23, D:11)
  a +0 dagger
(34, 24, D:11)
  a +0 chain mail of cold resistance
(34, 25, D:11)
  a +0 giant spiked club
  a +0 whip
  a +0 blowgun
(34, 26, D:11)
  a +0 short sword
(34, 29, D:11)
  a +0 robe
  a +0 dagger
(35, 22, D:11)
  a +0 robe
  a +0 dagger
(35, 23, D:11)
  a flail
  a +0 dagger
  a +0 blowgun
(37, 20, D:11)
  a +1 dagger of distortion
(38, 20, D:11)
  a cursed -3 giant club
  a +0 giant club
(39, -4, D:11)
  a chain mail
(42, 14, D:11)
  a +0 shortbow
  a +0 shortbow
(43, 13, D:11)
  a +0 shortbow
  a +0 shortbow
  a +0 shortbow
(43, 14, D:11)
  a +0 shortbow
(44, -4, D:11)
  a +2 robe of cold resistance
(56, -4, D:11)
  a +0 mace
  a +1 robe of cold resistance

Level 12 of the Dungeon
(0, 0, D:12)
  a robe
(0, 10, D:12)
  a trident
(1, 0, D:12)
  a +0 scale mail of poison resistance
(2, -3, D:12)
  a +0 dagger
  a +0 leather armour
(3, 3, D:12)
  a +0 giant spiked club
(4, 1, D:12)
  a +0 giant spiked club
(5, -2, D:12)
  a +0 chain mail
  a +2 long sword of flaming
(6, -17, D:12)
  a pair of gloves
(15, -18, D:12)
  a +0 giant club
  a +0 giant club
(27, -14, D:12)
  a pair of boots
(34, -6, D:12)
  a runed robe
(51, 12, D:12)
  a +0 war axe
  a +0 robe
(52, 3, D:12)
  a +0 robe
  a +0 dagger
  a +0 hand axe
  a +0 robe
  a +0 dagger

Level 13 of the Dungeon
[Shop] Bacaes's Blood Bar
  a potion of blood (14 gold)
  a book of Annihilations (1545 gold)
  a potion of blood (14 gold)
  Goonovol's Tome of Dark Rituals (910 gold)
    Spells                           Type                      Level
     a - Animate Skeleton             Necromancy                    1
     b - Pain                         Necromancy                    1
     c - Animate Dead                 Necromancy                    4
     d - Agony                        Necromancy                    5
    
    
    Trog disapproves of the use of such an item.
  the Incunabulum of Stolen Souls (1031 gold)
    Spells                           Type                      Level
     a - Animate Skeleton             Necromancy                    1
     b - Animate Dead                 Necromancy                    4
     c - Excruciating Wounds          Charms/Necromancy             5
     d - Death Channel                Necromancy                    6
    
    
    Trog disapproves of the use of such an item.
  a +2 vampiric rapier (336 gold)
  a potion of blood (14 gold)
(0, 0, D:13)
  a +0 trident
  a +0 ring mail
(3, -1, D:13)
  a +0 dagger
(4, -1, D:13)
  a +0 robe
  a +0 plate armour
  a +0 dagger
  a +0 hand axe
(11, 13, D:13)
  a leather armour
(12, 28, D:13)
  a +0 trident
(27, 9, D:13)
  a +0 troll leather armour
(28, 13, D:13)
  a cursed ring of attention
(31, 12, D:13)
  a +0 shortbow
(33, 11, D:13)
  a +0 shortbow
  a +1 cloak

Level 14 of the Dungeon
(0, 0, D:14)
  a +0 ring mail of poison resistance
  a +0 hand axe
  a +0 hand axe
  a +0 plate armour
(1, -1, D:14)
  a +0 scale mail
  a +0 flail
(2, -2, D:14)
  a +0 hand axe
  a +0 robe
(4, -21, D:14)
  a chain mail
(5, -2, D:14)
  a +0 hand axe
(7, -21, D:14)
  a +0 giant club
(24, -3, D:14)
  a +0 giant club
(30, -2, D:14)
  a large rock
(31, -27, D:14)
  a dagger
(32, 3, D:14)
  3 large rocks
(32, 7, D:14)
  a +0 giant club
(41, -29, D:14)
  a +0 chain mail
  a +2 war axe
(43, -23, D:14)
  a robe
(45, -20, D:14)
  a large rock
(45, -19, D:14)
  a large rock
(47, -27, D:14)
  a +0 chain mail
(47, -20, D:14)
  a large rock
(49, -27, D:14)
  4 large rocks
(53, -20, D:14)
  a large rock

Level 15 of the Dungeon
[Shop] Jootor's Magic Scroll Emporium
  a scroll of identify (28 gold)
  3 scrolls of teleportation (126 gold)
  a scroll of identify (28 gold)
  a scroll of identify (28 gold)
  a scroll of summoning (133 gold)
  a scroll of blinking (105 gold)
  2 scrolls of remove curse (84 gold)
  a scroll of remove curse (42 gold)
  a scroll of identify (28 gold)
(0, 0, D:15)
  a +0 robe
(5, -9, D:15)
  a glowing centaur barding
(12, -8, D:15)
  a +0 robe
  a +0 dagger
(19, -44, D:15)
  a +0 war axe
(21, -44, D:15)
  a +2 shortbow of flaming
(22, -44, D:15)
  a +0 chain mail
  a +0 short sword
(24, -44, D:15)
  a +0 chain mail
  a +0 short sword
  a +0 shortbow
(25, -44, D:15)
  a cursed -1 shortbow
(25, -43, D:15)
  a +0 club
(37, -19, D:15)
  a +1 robe of positive energy
  a +0 dagger
(39, -21, D:15)
  a +2 robe of magic resistance
  a +0 dagger
  a +0 ring mail
  a +0 long sword
(47, -49, D:15)
  a +0 chain mail
(47, -45, D:15)
  a +0 shortbow

the Ecumenical Temple

Level 1 of the Orcish Mines
[Shop] Gimom's Distillery
  a potion of heal wounds (65 gold)
  a potion of ambrosia (104 gold)
  a potion of resistance (130 gold)
  a potion of mutation (104 gold)
  a potion of heal wounds (65 gold)
(0, 0, Orc:1)
  a large rock
(0, 1, Orc:1)
  a +0 flail
(0, 10, Orc:1)
  a +0 robe
  a +0 dagger
(1, 1, Orc:1)
  a large rock
(1, 2, Orc:1)
  a +0 robe
  a +0 dagger
  a +0 robe
  a cursed -2 dagger
  a cursed -2 dagger
(1, 3, Orc:1)
  a +0 dagger
(3, 3, Orc:1)
  a +0 mace
  a cursed -2 trident
(4, 4, Orc:1)
  a +0 dagger
  a +0 robe
  a +0 dagger
(15, 25, Orc:1)
  a large rock
  a +0 scale mail
  a +0 club
  a +0 plate armour
  a +0 long sword
(19, 29, Orc:1)
  a +0 robe
  a +0 dagger
  a +0 chain mail
  a +0 hand axe
(21, 31, Orc:1)
  a +0 plate armour
  a +0 halberd
(22, 32, Orc:1)
  a large rock
(23, 33, Orc:1)
  a +0 plate armour
  a +0 trident
(25, 35, Orc:1)
  a +0 falchion
  a +0 leather armour
  a cursed -2 mace
  a +0 giant spiked club
  a +0 giant club
(25, 49, Orc:1)
  a +0 chain mail
(28, 38, Orc:1)
  a large rock
  a +3 leather armour
  a +0 flail
(28, 39, Orc:1)
  a +0 ring mail
  a +0 war axe
  a +0 mace
(29, 39, Orc:1)
  a +0 whip
  a +0 robe
  a +0 dagger
(29, 42, Orc:1)
  a +0 war axe
(29, 60, Orc:1)
  a +0 short sword

Level 2 of the Orcish Mines
[Shop] Ziariynk's Gadget Shoppe
  a wand of disintegration (8) (unknown) (180 gold)
  a phial of floods (600 gold)
  a fan of gales (600 gold)
  a box of beasts (300 gold)
  a wand of paralysis (8) (150 gold)
  a wand of disintegration (9) (unknown) (195 gold)
  a wand of polymorph (7) (135 gold)
  a sack of spiders (300 gold)
  a crystal ball of energy (300 gold)
  a wand of scattershot (6) (unknown) (450 gold)
  a wand of digging (6) (300 gold)
  a crystal ball of energy (300 gold)
[Shop] Zutain's Armour Shoppe
  a +0 chain mail (72 gold)
  a +0 chain mail (72 gold)
  a +0 robe (11 gold)
  a +0 helmet of see invisible (184 gold)
  a +0 chain mail (72 gold)
  a +0 pair of boots (72 gold)
  a +3 scale mail (336 gold)
  a +0 robe (11 gold)
  a +0 robe (11 gold)
  a +3 leather armour of fire resistance (384 gold)
  a +2 leather armour of fire resistance (304 gold)
[Shop] Piereo's Armour Boutique
  a cursed +0 helmet (49 gold)
  a +0 robe (9 gold)
  the +3 chain mail of the Wasteland {Stlth+} (410 gold)
    It makes you more stealthy.
  a +0 ring mail of fire resistance (154 gold)
  a +0 leather armour (28 gold)
  a +0 ring mail of magic resistance (154 gold)
  a +0 ring mail (56 gold)
  the +5 plate armour of Inference {rF+} (868 gold)
    It protects you from fire.
[Shop] Purod's Food Shop
  a ration (60 gold)
  a ration (60 gold)
  a ration (60 gold)
  a ration (60 gold)
  a ration (60 gold)
  a ration (60 gold)
  a ration (60 gold)
  a ration (60 gold)
  a ration (60 gold)
  a ration (60 gold)
  a ration (60 gold)
[Shop] Vaxuusui's Jewellery Emporium
  an uncursed ring of protection from fire (300 gold)
  an uncursed ring of protection from fire (300 gold)
  a cursed ring of teleportation (54 gold)
  a +3 ring of slaying (540 gold)
  an uncursed ring of positive energy (240 gold)
  an uncursed amulet of the gourmand (360 gold)
  a cursed -3 ring of strength (24 gold)
  an uncursed ring of positive energy (240 gold)
  a +4 ring of protection (432 gold)
  an uncursed ring of wizardry (360 gold)
  a +6 ring of strength (702 gold)
(0, 0, Orc:2)
  a +0 shortbow
(1, -15, Orc:2)
  a +0 shortbow
(1, -8, Orc:2)
  a +0 ring mail
(2, -7, Orc:2)
  a +0 glaive
  a +0 arbalest
(2, -6, Orc:2)
  a +0 scale mail
  a +0 flail
  a +0 ring mail
  a +0 hand axe
  a +0 leather armour
(2, -4, Orc:2)
  a +0 broad axe
  a cursed -3 arbalest
(3, -6, Orc:2)
  a +0 mace
  a +0 arbalest
(3, -2, Orc:2)
  a +0 broad axe
  a +0 arbalest
  a +0 hand axe
  a +0 arbalest
(4, -4, Orc:2)
  a +0 battleaxe
  a +0 arbalest
(5, -4, Orc:2)
  a +0 arbalest
  a +0 mace
  a +0 arbalest
(7, -6, Orc:2)
  a +0 hand axe
  a +0 arbalest
(8, -8, Orc:2)
  a +0 chain mail
  a +0 scimitar
(8, -7, Orc:2)
  a +0 broad axe
  a +0 arbalest
  a +0 battleaxe
  a +0 arbalest
  a +0 trident
  a +0 arbalest
(8, -3, Orc:2)
  a +0 plate armour
  a +0 trident
(8, -2, Orc:2)
  a +0 glaive
  a +0 arbalest
(9, -8, Orc:2)
  a +0 chain mail
  a +0 long sword
  a +0 broad axe
  a +0 arbalest
  a +0 plate armour
  a +0 hand axe
  a +0 chain mail
  a +0 short sword
  a +0 plate armour
(9, -7, Orc:2)
  a +0 plate armour
  a +0 chain mail
  a +0 trident
  a +0 hand axe
  a +0 arbalest
(9, -6, Orc:2)
  a +0 giant spiked club
  a +0 giant club
  a +0 shortbow
(9, -3, Orc:2)
  a +0 broad axe
  a +0 arbalest
(9, -2, Orc:2)
  a +0 great mace
  a +0 arbalest
(10, -2, Orc:2)
  a +0 shortbow
(11, -3, Orc:2)
  a +0 broad axe
  a +0 arbalest
(11, -2, Orc:2)
  a +0 hand axe
  a +0 arbalest
(14, -15, Orc:2)
  a +0 shortbow
(15, 5, Orc:2)
  a +0 shortbow
(16, 5, Orc:2)
  a +0 mace
(27, -13, Orc:2)
  a +0 leather armour
(28, -11, Orc:2)
  a +0 chain mail
  a +0 scimitar
(29, -13, Orc:2)
  a +0 chain mail
  a +0 whip
(30, -13, Orc:2)
  a +0 chain mail
  a +0 trident
(35, -14, Orc:2)
  a +0 leather armour
  a +0 mace
(36, -14, Orc:2)
  a +0 leather armour
  a +0 club
  a +0 leather armour
  a +0 mace
  a +0 chain mail
  a +0 dire flail
(37, -15, Orc:2)
  a +0 dagger
(37, -14, Orc:2)
  a +0 ring mail
  a +0 flail
(38, -17, Orc:2)
  a +0 robe
  a +0 dagger of venom
(39, -10, Orc:2)
  a +0 robe
(40, -14, Orc:2)
  a +0 trident
(42, -19, Orc:2)
  a +0 robe
  a +0 dagger
(42, -17, Orc:2)
  a +0 robe
  a +0 dagger
(43, -19, Orc:2)
  a +0 giant spiked club

Level 1 of the Elven Halls
(0, 0, Elf:1)
  a +0 rapier
  a +0 buckler
  a +0 short sword
  a +0 ring mail
  a +0 dagger
(1, -1, Elf:1)
  a cursed +0 leather armour
  a +0 dagger
(11, -5, Elf:1)
  a +0 long sword
(11, -4, Elf:1)
  a +0 robe
(11, -3, Elf:1)
  a +0 scale mail
  a +0 long sword
(12, 1, Elf:1)
  a giant spiked club
(16, 5, Elf:1)
  a +0 long sword
(19, -4, Elf:1)
  a +0 ring mail
  a +0 short sword
(21, 26, Elf:1)
  a +0 dagger
  a +0 leather armour
  a +0 short sword
  a +0 shortbow
(21, 27, Elf:1)
  a +0 leather armour
(24, 2, Elf:1)
  a +0 leather armour
  a +0 short sword
  a +0 shortbow
(27, 2, Elf:1)
  a +0 leather armour
  a +0 short sword
  a +0 shortbow
(29, 4, Elf:1)
  a +3 flail of holy wrath
  a cursed ring of teleportation
  a +2 scimitar of distortion
(31, 9, Elf:1)
  a +0 dagger
(32, 9, Elf:1)
  a +0 long sword of holy wrath
(34, 9, Elf:1)
  a +2 antimagic war axe
(37, 7, Elf:1)
  a +0 buckler
  a +0 scale mail of poison resistance
  a +0 short sword
(38, 2, Elf:1)
  a +0 shortbow
(38, 5, Elf:1)
  a +0 long sword
(41, 11, Elf:1)
  a buckler
(45, -6, Elf:1)
  a +0 ring mail
  a +0 rapier
(47, -6, Elf:1)
  a +0 leather armour
  a +0 short sword
  a +0 shortbow
  a +0 leather armour
  a +0 long sword
  a +0 leather armour
  a +0 short sword of venom
  a +0 shortbow
(50, -6, Elf:1)
  a +0 leather armour
(50, -3, Elf:1)
  a +0 dagger
(53, -8, Elf:1)
  a +0 scale mail
  a +0 short sword
  a +0 longbow
(58, 47, Elf:1)
  a long sword
(59, 32, Elf:1)
  a cloak
(60, -3, Elf:1)
  a morningstar
(60, 24, Elf:1)
  an arbalest
(60, 28, Elf:1)
  a +0 rapier
(61, 26, Elf:1)
  a +0 long sword
(61, 27, Elf:1)
  a +0 chain mail
  a cursed -2 long sword
  a +0 buckler
  a +0 scimitar
(61, 28, Elf:1)
  a +0 long sword
(63, -3, Elf:1)
  a shortbow
(66, 24, Elf:1)
  a robe
(68, 28, Elf:1)
  a +0 scale mail
  a +0 long sword

Level 2 of the Elven Halls
(0, 0, Elf:2)
  a +0 leather armour
  a +1 rapier of distortion
(1, -4, Elf:2)
  a +0 ring mail
(1, 2, Elf:2)
  a +0 short sword
(2, 2, Elf:2)
  a +0 long sword
  a +0 ring mail
  a +0 rapier
  a +0 leather armour
(6, 2, Elf:2)
  a +0 short sword
(6, 5, Elf:2)
  a chain mail
(8, -15, Elf:2)
  a +2 ring of slaying
  a +0 long sword
  a +0 long sword
(8, 9, Elf:2)
  a chain mail
(11, -15, Elf:2)
  a dagger
  a +0 leather armour
(11, -3, Elf:2)
  a +0 short sword
(13, -13, Elf:2)
  a dagger
(13, -9, Elf:2)
  a dagger
(16, -4, Elf:2)
  a rapier
(21, -9, Elf:2)
  a cursed +0 ring mail
  a +1 long sword of holy wrath
(21, 2, Elf:2)
  a +0 long sword
(22, 2, Elf:2)
  a +0 scale mail
  a +0 short sword
  a +0 leather armour
  a +0 rapier
(23, -7, Elf:2)
  a +1 leather armour of fire resistance
  a +0 long sword
(23, -1, Elf:2)
  a +0 dagger
  a +0 rapier
(23, 1, Elf:2)
  a +0 long sword
(25, -6, Elf:2)
  a +1 dire flail of protection
(26, -7, Elf:2)
  a cursed -1 dagger
(26, -6, Elf:2)
  a +0 long sword
  a +0 longbow
  a +0 ring mail
  a +0 long sword
(26, -5, Elf:2)
  a +0 ring mail
  a +0 long sword
  a +0 leather armour
  a +0 short sword
  a +0 shortbow
(27, -7, Elf:2)
  a +0 shortbow
(28, -10, Elf:2)
  a +0 leather armour
(28, -9, Elf:2)
  a +0 short sword
(30, -9, Elf:2)
  a +0 shortbow
(30, 24, Elf:2)
  a +0 long sword
(31, 21, Elf:2)
  a +0 leather armour
  a +0 long sword
(31, 23, Elf:2)
  a +0 long sword
(32, 20, Elf:2)
  a +0 leather armour
  a +0 scimitar of holy wrath
  a +0 dagger
  a +0 double sword of holy wrath
(33, 18, Elf:2)
  a +2 long sword of slicing
  a +0 rapier
  a +0 short sword
  a +2 long sword of freezing
  a +1 dire flail of venom
  a +0 buckler
  a +2 scimitar of slicing
  a +2 mace of pain
  a +0 buckler
  a +0 leather armour
  a +0 short sword
  a +2 mace of crushing
  a +1 flail of protection
  a +0 long sword of draining
(33, 20, Elf:2)
  a +0 leather armour
  a +0 long sword
(34, 20, Elf:2)
  a +0 scimitar
(35, -9, Elf:2)
  a +0 long sword
(37, 5, Elf:2)
  a +0 falchion
(40, -7, Elf:2)
  a +0 short sword
(41, -7, Elf:2)
  a cursed +0 robe
  a +0 long sword
(42, -10, Elf:2)
  a trident
(44, -8, Elf:2)
  a +0 chain mail
  a +2 long sword of slicing
(44, 2, Elf:2)
  a +0 leather armour
  a +0 short sword
  a +0 longbow
(45, -6, Elf:2)
  a +1 short sword of venom
(50, 13, Elf:2)
  a +0 scale mail
  a +0 short sword
(52, 5, Elf:2)
  a quarterstaff
(57, 5, Elf:2)
  a +0 long sword
(60, 3, Elf:2)
  a short sword

Level 3 of the Elven Halls
(0, 0, Elf:3)
  a +1 hunting sling of velocity
  a +2 arbalest of flaming
  a +1 long sword of slicing
  a +0 falchion of freezing
(0, 1, Elf:3)
  a hand axe
(0, 4, Elf:3)
  a short sword
(1, -2, Elf:3)
  a rapier
(2, -3, Elf:3)
  a plate armour
(2, 4, Elf:3)
  a cloak
(2, 5, Elf:3)
  a +2 pair of boots
  a +2 plate armour of fire resistance
(3, 5, Elf:3)
  a dagger
(5, 7, Elf:3)
  a short sword
(6, 6, Elf:3)
  a short sword
(7, -3, Elf:3)
  a hunting sling
(7, 5, Elf:3)
  a staff of cold
(8, -3, Elf:3)
  a short sword
(8, 5, Elf:3)
  a lamp of fire
(9, 4, Elf:3)
  a lamp of fire
(9, 14, Elf:3)
  a +0 long sword
  a +0 ring mail
(16, 36, Elf:3)
  a +0 ring mail
  a +0 long sword
(17, 35, Elf:3)
  a +0 rapier
  a +0 long sword
  a +0 leather armour
  a +0 dagger
  a +0 longbow
  a +0 scimitar
  a +0 longbow
  a +0 short sword of freezing
(17, 36, Elf:3)
  a +0 short sword
(18, 24, Elf:3)
  a +0 long sword
(18, 28, Elf:3)
  a +2 dagger of venom
(18, 32, Elf:3)
  a +0 short sword of draining
  a +0 leather armour
  a +0 rapier
(18, 34, Elf:3)
  a cursed +0 leather armour
  a +0 long sword
(20, 16, Elf:3)
  a +2 long sword of electrocution
(20, 30, Elf:3)
  a +0 short sword
(21, 30, Elf:3)
  a +0 short sword
(21, 38, Elf:3)
  a +0 leather armour
  a +0 longbow
(24, 37, Elf:3)
  a +0 leather armour
  a +0 long sword
(24, 38, Elf:3)
  a +0 long sword of holy wrath
  a +0 buckler
(25, 21, Elf:3)
  a +0 dagger
(25, 36, Elf:3)
  a +0 rapier
(26, 3, Elf:3)
  a dagger
(26, 36, Elf:3)
  a +0 leather armour
  a +0 short sword
  a -2 longbow
(26, 42, Elf:3)
  a +0 leather armour
  a +0 short sword
  a +0 longbow
(27, -2, Elf:3)
  a short sword
(27, 37, Elf:3)
  a +0 long sword
(27, 43, Elf:3)
  a robe
(28, 4, Elf:3)
  a long sword
(28, 5, Elf:3)
  a long sword
(28, 41, Elf:3)
  a +0 leather armour
  a +0 long sword
(29, -4, Elf:3)
  a staff of cold
(30, -4, Elf:3)
  a +0 scale mail
  a +0 arbalest
  a +0 falchion
(30, 6, Elf:3)
  a helmet
(30, 41, Elf:3)
  a +0 rapier
(31, -4, Elf:3)
  a runed robe
(35, 4, Elf:3)
  a runed scale mail
(35, 40, Elf:3)
  a +0 rapier
(39, 39, Elf:3)
  a +0 leather armour
  a +0 short sword
  a +0 shortbow
(40, 38, Elf:3)
  a +0 short sword
(40, 40, Elf:3)
  a +0 dagger
(41, 41, Elf:3)
  a +0 short sword
(42, 40, Elf:3)
  a +0 long sword
(42, 41, Elf:3)
  a scroll of amnesia
  a +0 short sword
  a +0 chain mail
  a +0 rapier
  a +0 leather armour
  a +0 rapier
  a +0 ring mail
  a +0 dagger
  a +0 battleaxe
(44, 12, Elf:3)
  a +0 ring mail
  a +0 long sword
(44, 37, Elf:3)
  a +0 rapier
(44, 41, Elf:3)
  a +0 ring mail
  a +0 rapier
(51, 36, Elf:3)
  a +0 leather armour
  a +0 long sword
(54, 15, Elf:3)
  a +0 leather armour
  a +0 mace of draining
(57, 14, Elf:3)
  a +0 dagger
  the ring of Finality {Str+2 SInv}
    [ring of see invisible]
    
    It affects your strength (+2).
    It lets you see invisible.
(57, 22, Elf:3)
  a +3 long sword
  a +0 shortbow
(58, 9, Elf:3)
  a +0 short sword of draining
(58, 11, Elf:3)
  a +0 short sword
  a +0 dagger
(58, 13, Elf:3)
  a +2 scimitar of holy wrath
(58, 30, Elf:3)
  a mace

Level 1 of the Lair of Beasts
(10, 24, Lair:1)
  a pair of gloves
(11, 3, Lair:1)
  a rapier
(27, -5, Lair:1)
  a falchion
(30, 15, Lair:1)
  a robe

Level 2 of the Lair of Beasts
(0, 0, Lair:2)
  a leather armour
(12, -14, Lair:2)
  a dagger
(12, 0, Lair:2)
  a quarterstaff
(14, -13, Lair:2)
  a scroll of random uselessness
(26, -10, Lair:2)
  a helmet
(32, -3, Lair:2)
  a pair of boots
(45, 10, Lair:2)
  a trident

Level 3 of the Lair of Beasts
(0, 0, Lair:3)
  a +0 scale mail
(5, 33, Lair:3)
  a scroll of random uselessness
(27, 23, Lair:3)
  a shortbow

Level 4 of the Lair of Beasts
(0, 0, Lair:4)
  a ring mail
(13, 4, Lair:4)
  a chain mail
(16, 23, Lair:4)
  a robe
(21, -12, Lair:4)
  a +0 rapier
(31, -18, Lair:4)
  a dagger
(35, -8, Lair:4)
  a runed naga barding
(35, -7, Lair:4)
  a +2 robe of magic resistance
  a +0 dagger
(37, -18, Lair:4)
  a dagger
(37, -14, Lair:4)
  a cursed +0 centaur barding
(37, -12, Lair:4)
  a scimitar
(47, -10, Lair:4)
  a glaive

Level 5 of the Lair of Beasts
(0, 0, Lair:5)
  a broad axe

Level 6 of the Lair of Beasts
(0, 0, Lair:6)
  the +1 ring mail of Baldness {rC+}
    It protects you from cold.
(11, -27, Lair:6)
  a long sword
(16, -46, Lair:6)
  a ring mail
(25, -24, Lair:6)
  a robe
(29, -23, Lair:6)
  a hand axe
(49, -27, Lair:6)
  a plate armour

Level 1 of the Swamp
(0, 0, Swamp:1)
  a glaive
(6, -17, Swamp:1)
  a pair of gloves
(6, 11, Swamp:1)
  a scale mail
(8, 11, Swamp:1)
  a club
(24, -23, Swamp:1)
  a robe
(29, -23, Swamp:1)
  a cloak
(40, -1, Swamp:1)
  a +2 plate armour of fire resistance
(48, -24, Swamp:1)
  a +0 buckler
  a +0 spear
  a +0 spear
(58, -5, Swamp:1)
  a quarterstaff

Level 2 of the Swamp
(0, 0, Swamp:2)
  a ring mail
(7, 4, Swamp:2)
  a +0 shield
(11, 1, Swamp:2)
  a robe

Level 3 of the Swamp
(4, -16, Swamp:3)
  a +0 quarterstaff
  (unseen)
(7, -21, Swamp:3)
  a great sword
(10, -19, Swamp:3)
  +0 swamp dragon scales
(10, -8, Swamp:3)
  a +0 robe
  a +0 rapier
  a cursed +0 buckler
  a +0 robe
  a +0 rapier
(10, -5, Swamp:3)
  a +0 robe
  a +0 quarterstaff
(12, 5, Swamp:3)
  a shield
(22, 27, Swamp:3)
  a scale mail
(23, -8, Swamp:3)
  a +0 robe
(24, -8, Swamp:3)
  a cursed +0 robe
  a +0 dagger
(27, -16, Swamp:3)
  a war axe
(34, 10, Swamp:3)
  a great mace
(37, -10, Swamp:3)
  a +0 robe
  a +0 quarterstaff of speed
(37, 19, Swamp:3)
  a +0 buckler
  a +0 spear
(38, -9, Swamp:3)
  a +0 spear
(42, 5, Swamp:3)
  2 large rocks
(43, 7, Swamp:3)
  a leather armour
(44, 24, Swamp:3)
  a ring mail

Level 4 of the Swamp
(0, 0, Swamp:4)
  a buckler
(9, -22, Swamp:4)
  a scroll of amnesia
(12, -28, Swamp:4)
  a ring mail
(14, -6, Swamp:4)
  a hunting sling
(15, -2, Swamp:4)
  a leather armour
(22, -5, Swamp:4)
  a cloak
(24, -14, Swamp:4)
  a +0 quarterstaff
  a cursed +0 robe
(27, -11, Swamp:4)
  a buckler
(31, -9, Swamp:4)
  a hunting sling
(33, -31, Swamp:4)
  a halberd
(44, -12, Swamp:4)
  a pair of gloves
(53, -29, Swamp:4)
  a scimitar

Level 1 of the Spider Nest
(0, 0, Spider:1)
  an uncursed staff of poison
(17, 15, Spider:1)
  a spear
(56, -17, Spider:1)
  a robe
(60, -5, Spider:1)
  a ring mail
(67, -22, Spider:1)
  a short sword

Level 2 of the Spider Nest
(0, 0, Spider:2)
  a long sword
(12, 19, Spider:2)
  a long sword
(12, 22, Spider:2)
  a plate armour
(14, 12, Spider:2)
  a +2 scimitar of freezing
(15, 1, Spider:2)
  a +0 shield
  a +0 plate armour
(17, -2, Spider:2)
  a war axe
(28, 35, Spider:2)
  a short sword
(32, 19, Spider:2)
  a +0 shield
  a +0 leather armour
(33, -14, Spider:2)
  a falchion

Level 3 of the Spider Nest
(0, 0, Spider:3)
  a flail
(3, 10, Spider:3)
  a hand crossbow
(5, 1, Spider:3)
  a robe
(22, 48, Spider:3)
  a war axe
(56, 23, Spider:3)
  a chain mail
(58, 35, Spider:3)
  a falchion
(62, 39, Spider:3)
  a long sword
(64, 11, Spider:3)
  a cloak

Level 4 of the Spider Nest
(0, 0, Spider:4)
  a glaive
(9, -1, Spider:4)
  a plate armour
(10, -10, Spider:4)
  a pair of gloves
(18, 0, Spider:4)
  a dagger
(26, -19, Spider:4)
  a ring mail
(35, -32, Spider:4)
  a pair of boots

Level 1 of the Vaults
[Shop] Efeun's Food Shoppe
  a ration (65 gold)
  a ration (65 gold)
  a ration (65 gold)
  a ration (65 gold)
  a ration (65 gold)
  a ration (65 gold)
  a ration (65 gold)
  a ration (65 gold)
  a ration (65 gold)
  a ration (65 gold)
  a ration (65 gold)
  a ration (65 gold)
  a ration (65 gold)
(0, 0, Vaults:1)
  a large rock
(5, 25, Vaults:1)
  a scroll of identify
(7, 2, Vaults:1)
  3 large rocks
(8, -9, Vaults:1)
  a +0 scale mail
  20 bolts
  a +0 falchion
  a +0 arbalest
(9, -10, Vaults:1)
  a +0 scale mail
  a +0 morningstar
(10, -10, Vaults:1)
  a +0 plate armour
  a +2 battleaxe
(11, -11, Vaults:1)
  a bolt
(12, -12, Vaults:1)
  a bolt
(14, -9, Vaults:1)
  a bolt
(19, -35, Vaults:1)
  a +0 leather armour
  a +0 great mace
(19, -12, Vaults:1)
  2 bolts
(20, -12, Vaults:1)
  48 bolts
  a +0 arbalest
  a +0 arbalest
  a +0 plate armour
  a +0 halberd
(21, -27, Vaults:1)
  a scroll of identify
(22, -12, Vaults:1)
  a +0 arbalest
  25 bolts
  a +0 arbalest
(23, -12, Vaults:1)
  9 bolts
  a +0 arbalest
  a +0 arbalest
(25, -24, Vaults:1)
  30 bolts
  a +0 arbalest
(25, -13, Vaults:1)
  45 bolts
  a +0 arbalest
(26, -36, Vaults:1)
  an uncursed ring of wizardry
(26, -27, Vaults:1)
  a +2 long sword of holy wrath
  a +0 ring mail
(26, -23, Vaults:1)
  a bolt
(26, -22, Vaults:1)
  +0 acid dragon scales
(26, 3, Vaults:1)
  a +0 scale mail
  a +1 flail of protection
(27, -24, Vaults:1)
  a bolt
(27, -17, Vaults:1)
  a bolt
(28, -25, Vaults:1)
  15 bolts
  a +0 arbalest
(28, -20, Vaults:1)
  18 arrows
  a bolt
(29, -22, Vaults:1)
  a +1 battleaxe
  a +0 chain mail
  a +0 mace
  a +0 chain mail
  a +0 dagger
  a +0 scale mail
  a +0 hand axe
  a +0 leather armour
(33, 10, Vaults:1)
  a scroll of identify
(45, -5, Vaults:1)
  a large rock
(46, -11, Vaults:1)
  4 large rocks
(47, 16, Vaults:1)
  8 needles of sleeping
(47, 19, Vaults:1)
  23 bolts
(49, -18, Vaults:1)
  a +0 dagger
(49, -16, Vaults:1)
  a +0 flail
(50, -26, Vaults:1)
  a +0 plate armour
  a +1 great sword
(50, -16, Vaults:1)
  a +0 great mace
  a +0 ring mail
(50, -14, Vaults:1)
  a +0 chain mail
  a +0 hand axe
(50, 5, Vaults:1)
  a +0 scale mail
  a +0 great mace
(51, -25, Vaults:1)
  a runed shortbow {god gift}
(51, -16, Vaults:1)
  a +0 chain mail
  a +3 battleaxe
(52, -13, Vaults:1)
  a +0 dire flail
  a +0 robe
(53, 2, Vaults:1)
  a dagger
(55, 9, Vaults:1)
  a ring mail
(72, 19, Vaults:1)
  2 potions of brilliance

Level 2 of the Vaults
[Shop] Tast's Food Emporium
  a ration (60 gold)
  a ration (60 gold)
  a ration (60 gold)
  a ration (60 gold)
  a ration (60 gold)
  a ration (60 gold)
  a ration (60 gold)
  a ration (60 gold)
  a ration (60 gold)
  a ration (60 gold)
  a ration (60 gold)
  a ration (60 gold)
  a ration (60 gold)
(0, 0, Vaults:2)
  a cursed -2 arbalest
  20 bolts
(4, -7, Vaults:2)
  a bolt
  2 large rocks
(5, 30, Vaults:2)
  a bolt
(7, 26, Vaults:2)
  5 bolts
(7, 27, Vaults:2)
  a +0 arbalest
  a +0 arbalest
  38 bolts
(7, 29, Vaults:2)
  a +0 arbalest
  9 bolts
(8, -4, Vaults:2)
  2 large rocks
(8, 12, Vaults:2)
  a chain mail
(9, -22, Vaults:2)
  a +0 battleaxe
  a +0 chain mail
(10, -22, Vaults:2)
  a +0 dagger
  a cursed +0 robe
  a large rock
(10, -14, Vaults:2)
  a ring mail
(16, -21, Vaults:2)
  a +0 arbalest
  11 bolts
(17, -18, Vaults:2)
  3 large rocks
(19, -19, Vaults:2)
  a +0 war axe
  a +0 arbalest
  19 bolts
(25, -21, Vaults:2)
  a +0 giant club
  a +0 giant spiked club
(25, -20, Vaults:2)
  a +0 giant club
  a +0 dire flail
  a +0 giant club
  a +0 flail
  a +0 leather armour
(25, -16, Vaults:2)
  a cursed +0 dagger
  a +0 arbalest
  18 bolts
(26, -21, Vaults:2)
  a +0 robe
  a +0 spear
(29, 30, Vaults:2)
  a cursed -1 great mace
  a +0 chain mail
(30, 30, Vaults:2)
  a +0 whip
  a +0 ring mail
  a +0 troll leather armour
(30, 31, Vaults:2)
  a +0 dire flail
  a +0 plate armour
(31, -10, Vaults:2)
  a large rock
(32, -9, Vaults:2)
  a large rock
(32, 32, Vaults:2)
  a large rock
  3 sling bullets
(33, 31, Vaults:2)
  2 large rocks
(35, -1, Vaults:2)
  an arrow
(35, 4, Vaults:2)
  an arrow
(35, 6, Vaults:2)
  a +0 longbow
  a +0 short sword
  19 arrows
  a +0 leather armour
(35, 10, Vaults:2)
  an arrow
(39, -22, Vaults:2)
  a +0 arbalest
  25 bolts
(39, -5, Vaults:2)
  a +0 battleaxe
(39, -4, Vaults:2)
  a +0 hand axe
(39, 3, Vaults:2)
  a dire flail
(40, -11, Vaults:2)
  a +0 glaive
(40, -4, Vaults:2)
  a +0 dire flail
(45, -1, Vaults:2)
  a whip
(46, -23, Vaults:2)
  a bolt
(46, -19, Vaults:2)
  a +0 giant club
  a +0 giant spiked club
(46, -16, Vaults:2)
  a +0 giant club
(48, -19, Vaults:2)
  a +0 giant club
(49, -17, Vaults:2)
  a +1 robe of the Archmagi
  a cursed -1 halberd
(50, -18, Vaults:2)
  a +0 giant spiked club
(50, -17, Vaults:2)
  a +0 giant spiked club
  a +0 giant club
  a +0 giant spiked club
  a +0 dire flail
  a +0 giant club
(50, -6, Vaults:2)
  a +0 plate armour of poison resistance
  a +0 long sword
(50, -5, Vaults:2)
  a cursed -1 dagger
(51, -17, Vaults:2)
  a +0 giant spiked club
  a +0 great mace
  a +0 giant club
  a cursed -2 giant club
(52, -17, Vaults:2)
  a +0 giant club
  a +0 giant spiked club
  a +0 giant club
(52, -6, Vaults:2)
  a bolt
(53, 32, Vaults:2)
  a runed shortbow {god gift}
(54, -5, Vaults:2)
  7 bolts
(55, -17, Vaults:2)
  a +1 flail of venom
  a +0 robe
(57, -3, Vaults:2)
  19 bolts
  a +1 arbalest of flaming
(58, -3, Vaults:2)
  a bolt
(59, 1, Vaults:2)
  a bolt
(60, 2, Vaults:2)
  a bolt
(61, -4, Vaults:2)
  2 bolts
  a cursed -1 arbalest
  a ring of protection from magic
(62, 2, Vaults:2)
  a +5 arbalest
  31 bolts
  a +0 arbalest
(63, -9, Vaults:2)
  a +0 great mace
  a +0 scale mail
(63, 2, Vaults:2)
  40 bolts
  a +0 arbalest
  a +0 arbalest
(63, 7, Vaults:2)
  a bolt
(64, 4, Vaults:2)
  a bolt
(64, 5, Vaults:2)
  a bolt
(64, 12, Vaults:2)
  2 bolts
(65, -4, Vaults:2)
  a ring of fire
(65, 7, Vaults:2)
  a potion of ambrosia
(66, 7, Vaults:2)
  a brass ring
(67, -12, Vaults:2)
  a potion of cancellation
(67, 7, Vaults:2)
  48 gold pieces

Level 1 of the Depths
(0, 0, Depths:1)
  2 scrolls of amnesia
(5, 24, Depths:1)
  a shield
(8, 5, Depths:1)
  a glaive
(9, -7, Depths:1)
  2 bolts
(10, 1, Depths:1)
  2 large rocks
(12, -19, Depths:1)
  a runed chain mail
(12, -17, Depths:1)
  a +0 giant spiked club
  a +0 giant club
  a +0 giant club
(13, -18, Depths:1)
  7 potions of heal wounds
  a bolt
(13, -17, Depths:1)
  a +0 dire flail
  a +0 giant spiked club
(13, -16, Depths:1)
  a +0 robe
  a +0 halberd
(13, -1, Depths:1)
  a giant club
  a giant spiked club
(14, -18, Depths:1)
  a +1 great sword of flaming
  a +0 giant club
(14, -17, Depths:1)
  +0 fire dragon scales
  a +0 giant spiked club
  a +0 giant spiked club
(14, -15, Depths:1)
  15 bolts
  a +0 arbalest
  a +0 pair of gloves
  a +1 cloak of invisibility
  a +1 rapier of electrocution
(14, -13, Depths:1)
  +0 fire dragon scales
(14, -9, Depths:1)
  a +0 giant club
  a +0 giant spiked club
  a +0 giant spiked club
  a cursed -3 giant club
  a +0 giant club
  a +0 giant spiked club
  a +0 giant club
  a +0 giant club
(14, 1, Depths:1)
  a bolt
  3 tomahawks of dispersal
(15, -14, Depths:1)
  a +0 giant club
(15, -13, Depths:1)
  17 bolts
  a +0 arbalest
(15, -12, Depths:1)
  +0 fire dragon scales
  a bolt
(15, -10, Depths:1)
  a +0 robe
  a +0 dagger
(15, 6, Depths:1)
  a potion of degeneration
  a +0 robe
  a cursed -1 club
(16, -12, Depths:1)
  a +0 robe
  a +0 dagger
(16, -1, Depths:1)
  22 bolts
  a +0 arbalest
(16, 8, Depths:1)
  16 bolts
  (unseen)
(17, -16, Depths:1)
  18 bolts
  a +0 arbalest
(17, 2, Depths:1)
  2 large rocks
(21, -27, Depths:1)
  16 arrows
(21, -18, Depths:1)
  a potion of lignification
(26, -13, Depths:1)
  a +0 animal skin
  a +2 antimagic rapier
(27, -14, Depths:1)
  a +0 plate armour of magic resistance
  a +0 long sword
(30, 13, Depths:1)
  18 bolts
  a +0 arbalest
(35, -9, Depths:1)
  a robe
(45, 3, Depths:1)
  a scroll of identify
(48, 24, Depths:1)
  a +1 spear of flaming
  a +0 robe
  a +0 giant club
(48, 25, Depths:1)
  a +0 giant club
  a cursed -2 giant club
(49, 7, Depths:1)
  a +0 dire flail
  a +0 dire flail
(49, 19, Depths:1)
  a +0 giant spiked club
(49, 27, Depths:1)
  a +0 giant club
(50, 27, Depths:1)
  a +0 giant spiked club
  a cursed -2 giant club
(51, 24, Depths:1)
  a ring of magical power
(51, 27, Depths:1)
  a +0 giant club
  a +0 giant spiked club
  a +0 giant club
  a +0 dire flail
(52, 22, Depths:1)
  a scroll of random uselessness
(52, 23, Depths:1)
  a scroll of summoning
(52, 24, Depths:1)
  a robe
(53, 23, Depths:1)
  a shiny ring mail
(55, 27, Depths:1)
  a potion of lignification
(56, 13, Depths:1)
  an arrow
(57, 15, Depths:1)
  a +0 shortbow
  16 arrows
(57, 23, Depths:1)
  a +0 long sword

Level 2 of the Depths
[Shop] Eleal's Gadget Emporium
  a wand of iceblast (4) (128 gold)
  a box of beasts (320 gold)
  a phial of floods (640 gold)
  a box of beasts (320 gold)
  a wand of polymorph (4) (96 gold)
  a wand of flame (10) (96 gold)
  a lamp of fire (640 gold)
  a wand of random effects (17) (152 gold)
(0, 0, Depths:2)
  a scale mail
(11, 6, Depths:2)
  a morningstar
(18, 23, Depths:2)
  a falchion
(19, 25, Depths:2)
  a dagger
(24, -1, Depths:2)
  22 arrows
(29, 30, Depths:2)
  2 potions of degeneration
  an uncursed ring of resist corrosion
  a +2 buckler
(29, 32, Depths:2)
  a +0 robe
(29, 41, Depths:2)
  a +0 robe
  a +0 long sword
(32, 21, Depths:2)
  a ring mail
(35, 6, Depths:2)
  a robe
(36, 16, Depths:2)
  a rapier
(38, -6, Depths:2)
  a robe
(39, 14, Depths:2)
  a whip
(39, 20, Depths:2)
  a crystal ball of energy
(39, 30, Depths:2)
  3 large rocks
(41, 14, Depths:2)
  a ring mail
(41, 26, Depths:2)
  a falchion
(41, 39, Depths:2)
  a +0 chain mail
  a +1 halberd
(43, 31, Depths:2)
  13 bolts
  a +0 arbalest
(45, 24, Depths:2)
  a +0 animal skin
  a +0 quarterstaff
(45, 38, Depths:2)
  a bolt
  a +1 battleaxe of freezing
(47, 24, Depths:2)
  a +0 dire flail
  a +0 great mace
(48, 19, Depths:2)
  a potion of ambrosia
(49, 21, Depths:2)
  2 scrolls of amnesia
(49, 33, Depths:2)
  a club
(49, 34, Depths:2)
  14 bolts
  a +0 arbalest
(49, 39, Depths:2)
  a +0 robe
(50, 26, Depths:2)
  a +0 buckler
  a +0 ring mail
  a +3 broad axe of chopping
(53, 30, Depths:2)
  a bolt
  a +0 robe
(53, 38, Depths:2)
  7 bolts
  a +0 arbalest
(53, 40, Depths:2)
  15 bolts
  a +0 arbalest
(54, 30, Depths:2)
  9 arrows
  a +1 shortbow of freezing
(54, 31, Depths:2)
  a bolt
(54, 32, Depths:2)
  a bolt
(54, 40, Depths:2)
  a cursed -3 dire flail
  a +0 dire flail
  a +0 animal skin
  a cursed -3 flail
(54, 41, Depths:2)
  a +0 leather armour
  a +0 great mace
  a +0 longbow
  17 arrows
  a +0 robe
  a +0 dire flail
  a +0 dire flail
(55, 11, Depths:2)
  2 large rocks
(55, 21, Depths:2)
  a bolt
(55, 29, Depths:2)
  a bolt
(55, 30, Depths:2)
  a bolt
  an arrow
(55, 42, Depths:2)
  an arrow
  3 bolts
(55, 43, Depths:2)
  an arrow
  a bolt
(56, -8, Depths:2)
  a potion of degeneration
(56, 29, Depths:2)
  a +0 chain mail
  26 bolts
  a +1 arbalest of flaming
  a +0 great mace
(56, 30, Depths:2)
  20 bolts
  a cursed -1 arbalest
(56, 31, Depths:2)
  a bolt
(56, 43, Depths:2)
  a bolt
  2 arrows
(57, 10, Depths:2)
  14 bolts
  a +0 arbalest
(57, 30, Depths:2)
  a large rock
  a bolt
(57, 31, Depths:2)
  a large rock
  a bolt
(57, 44, Depths:2)
  a bolt
(58, 32, Depths:2)
  a large rock
(58, 35, Depths:2)
  17 bolts
  a +0 arbalest
(58, 42, Depths:2)
  18 bolts
  a +0 arbalest
(58, 44, Depths:2)
  a bolt
(59, 18, Depths:2)
  a crystal ball of energy
(59, 25, Depths:2)
  a +0 centaur barding
  a +0 arbalest
  a +0 robe
  a +0 whip
  19 bolts
(59, 26, Depths:2)
  a bolt
  a +0 robe
  a +0 dagger
(59, 28, Depths:2)
  a +0 robe
  a +0 whip
(59, 44, Depths:2)
  20 bolts
  a +0 arbalest
(60, 17, Depths:2)
  62 bolts
  a +0 arbalest
  a +0 arbalest
  2 large rocks
(60, 18, Depths:2)
  11 bolts
  a +0 arbalest
(60, 24, Depths:2)
  a bolt
(60, 27, Depths:2)
  a bolt
(60, 45, Depths:2)
  4 bolts
(61, 24, Depths:2)
  a bolt
(61, 27, Depths:2)
  a bolt
(61, 34, Depths:2)
  a +1 great sword of flaming
(61, 35, Depths:2)
  2 scrolls of identify
(61, 45, Depths:2)
  2 arrows
(62, 45, Depths:2)
  2 bolts

Level 3 of the Depths
(0, 0, Depths:3)
  a plate armour
(6, -36, Depths:3)
  a ring of ice
(8, -39, Depths:3)
  a large rock
(8, -36, Depths:3)
  a potion of heal wounds
(9, -8, Depths:3)
  a glowing shortbow {god gift}
(9, -6, Depths:3)
  a +0 robe
  a +0 long sword
(10, -9, Depths:3)
  a +0 robe
  a +0 giant spiked club
  a +0 dire flail
  a large rock
(11, -34, Depths:3)
  2 large rocks
(11, -12, Depths:3)
  a +1 battleaxe of freezing
(11, -11, Depths:3)
  a +0 giant club
  a +0 giant spiked club
(11, -9, Depths:3)
  3 large rocks
(12, -12, Depths:3)
  8 large rocks
  a +0 giant spiked club
(14, -12, Depths:3)
  a +0 club
  a +0 robe
(15, -45, Depths:3)
  a large rock
(15, -12, Depths:3)
  a +0 giant spiked club
  a +0 giant club
  a +0 robe
  a potion of magic
  a scroll of identify
(16, -31, Depths:3)
  a large rock
(17, -12, Depths:3)
  a +0 giant club
(18, -12, Depths:3)
  a +0 giant club
  a +0 giant club
(19, 9, Depths:3)
  a trident
(20, -16, Depths:3)
  a centaur barding
(20, -12, Depths:3)
  a +0 giant spiked club
(20, 0, Depths:3)
  a +0 dire flail
  a +0 great mace
(21, 0, Depths:3)
  a +0 robe
  a +0 long sword
(22, -33, Depths:3)
  2 arrows
(23, -24, Depths:3)
  a ring mail
(24, -39, Depths:3)
  a +0 leather armour
  a +0 robe
  a +0 spear
(25, -33, Depths:3)
  12 arrows
  a +0 shortbow
(25, 0, Depths:3)
  a +0 dire flail
  a +0 dire flail
(26, -39, Depths:3)
  a +0 animal skin
  a +0 broad axe
(26, -33, Depths:3)
  a +0 troll leather armour
(28, -41, Depths:3)
  a dagger
(28, -33, Depths:3)
  a +0 troll leather armour
(31, 3, Depths:3)
  17 bolts
  a +0 arbalest
(35, 4, Depths:3)
  a +0 shortbow
  16 bolts
  a +0 arbalest
  a +0 spear
  26 arrows
(36, 5, Depths:3)
  26 bolts
  a +0 arbalest
(37, 5, Depths:3)
  an arrow
(37, 6, Depths:3)
  23 bolts
  a +0 arbalest
(38, -33, Depths:3)
  a +0 great sword of flaming
(38, 4, Depths:3)
  16 bolts
  a +0 arbalest
(41, -33, Depths:3)
  2 javelins of returning
  a cursed +0 robe
(42, -32, Depths:3)
  a +0 animal skin
  a +0 quarterstaff
  a +0 buckler
  a +0 spear
(42, -28, Depths:3)
  3 large rocks
(42, -27, Depths:3)
  2 large rocks
(43, -34, Depths:3)
  a large rock
  a +2 battleaxe of freezing

Level 4 of the Depths

Level 5 of the Depths
(0, 0, Depths:5)
  a ration
(3, 1, Depths:5)
  2 stones
(10, 45, Depths:5)
  19 stones
(14, 38, Depths:5)
  a large rock
(15, 38, Depths:5)
  a large rock
(17, 38, Depths:5)
  2 large rocks

