Xousk

Level 1 of the Dungeon
(0, 0, D:1)
  a +0 club
(22, 7, D:1)
  a +0 club
(31, -40, D:1)
  a dagger
(32, -10, D:1)
  a +0 club
(38, 9, D:1)
  a +0 dagger
(60, -44, D:1)
  a mace

Level 2 of the Dungeon
(0, 0, D:2)
  a +0 animal skin
(0, 6, D:2)
  a +0 club
(0, 11, D:2)
  a +0 scale mail
(3, 15, D:2)
  a +0 club
(7, 8, D:2)
  a hunting sling
  a +0 dagger
(8, 8, D:2)
  a +0 leather armour
  a cursed -1 club
  a +0 club
(9, 8, D:2)
  a +0 scale mail
  a +0 helmet

Level 3 of the Dungeon
(9, -25, D:3)
  16 arrows
(10, -31, D:3)
  a ration
(10, -27, D:3)
  12 gold pieces
(10, -25, D:3)
  8 gold pieces
(11, -29, D:3)
  a shield
(11, -18, D:3)
  a stone
(13, -25, D:3)
  27 arrows
(15, -25, D:3)
  a ration
(16, -26, D:3)
  a scroll labeled XUOMYS OSAITEO
(18, -18, D:3)
  a stone
(44, -16, D:3)
  a +0 club
(50, -3, D:3)
  a scroll of teleportation

Level 4 of the Dungeon
(21, -3, D:4)
  a +0 animal skin
(22, 20, D:4)
  a +0 ring mail
  a +0 short sword
(23, 19, D:4)
  a cursed -1 trident
(24, 20, D:4)
  a dagger
(30, 31, D:4)
  a hand axe

Level 5 of the Dungeon
(0, 0, D:5)
  a falchion
(11, -1, D:5)
  a +0 scale mail
(16, 31, D:5)
  a +0 rapier
  a +0 leather armour
(28, -19, D:5)
  a +0 robe
(29, -13, D:5)
  a cursed +0 dagger
  a +0 scale mail
  a +0 war axe
(30, -13, D:5)
  a +0 hand axe
(35, -15, D:5)
  a +0 halberd
(36, -15, D:5)
  a +0 club
(37, -3, D:5)
  a ring mail
(38, -14, D:5)
  a +0 leather armour
(45, -11, D:5)
  a +0 robe

Level 6 of the Dungeon
(3, 25, D:6)
  a +0 shortbow
(12, -11, D:6)
  a hand axe
(24, -12, D:6)
  a falchion
(25, -18, D:6)
  a great mace
(28, -7, D:6)
  a +0 shortbow
(29, -7, D:6)
  a +0 short sword
(30, -7, D:6)
  a +0 ring mail
  a +0 flail
(32, -6, D:6)
  a +0 giant spiked club
(32, 9, D:6)
  a club
(34, -6, D:6)
  a +0 war axe
(39, -4, D:6)
  a cursed -2 whip
(51, 1, D:6)
  a mace

Level 7 of the Dungeon
(0, 0, D:7)
  163 arrows
(4, -14, D:7)
  a hand axe
(10, -42, D:7)
  a +0 leather armour
  a +0 war axe
  a +0 hand axe
  a cursed -3 flail
  an orc corpse
  an orc corpse
  an orc corpse
(12, -46, D:7)
  a +0 halberd
  a +0 chain mail
(13, -17, D:7)
  a leather armour
(17, -35, D:7)
  a cursed -3 shortbow
(19, -43, D:7)
  a robe
(22, -51, D:7)
  a dagger
(35, -14, D:7)
  a large rock
(35, -6, D:7)
  a ring mail
(36, -14, D:7)
  3 large rocks
(37, -15, D:7)
  a +0 club
  a +0 flail
(37, -14, D:7)
  a +0 whip
(45, -15, D:7)
  a club
(57, -18, D:7)
  a long sword

the Ecumenical Temple

